<html>
<body>
<pre>
<h1>µVision Build Log</h1>
<h2>Tool Versions:</h2>
IDE-Version: £gVision V5.30.0.0
Copyright (C) 2020 ARM Ltd and ARM Germany GmbH. All rights reserved.
License Information: Gino Chen, NYCU, LIC=----
 
Tool Versions:
Toolchain:       MDK-Lite  Version: 5.30.0.0
Toolchain Path:  C:\Keil_v5\ARM\ARMCLANG\Bin
C Compiler:      ArmClang.exe V6.14
Assembler:       Armasm.exe V6.14
Linker/Locator:  ArmLink.exe V6.14
Library Manager: ArmAr.exe V6.14
Hex Converter:   FromElf.exe V6.14
CPU DLL:         SARMCM3.DLL V5.30.0.0
Dialog DLL:      DCM.DLL V1.17.3.0
Target DLL:      STLink\ST-LINKIII-KEIL_SWO.dll V3.0.7.0
Dialog DLL:      TCM.DLL V1.42.0.0
 
<h2>Project:</h2>
C:\MCU2025\M4_projects\NEW_sample\New GLCD.uvprojx
Project File Date:  04/18/2025

<h2>Output:</h2>
*** Using Compiler 'V6.14', folder: 'C:\Keil_v5\ARM\ARMCLANG\Bin'
Rebuild target 'callback'
Note: source file 'RTE\Device\STM32F405ZGTx\startup_stm32f405xx.s' - object file renamed from '.\RAM\startup_stm32f405xx.o' to '.\RAM\startup_stm32f405xx_1.o'.
Note: source file 'RTE\Device\STM32F405ZGTx\startup_stm32f405xx.s' - object file renamed from '.\RAM\startup_stm32f405xx.o' to '.\RAM\startup_stm32f405xx_1.o'.
compiling HardwareSystem_Ini.C...
assembling includeBinary.s...
compiling stm32f4xx_fsmc.c...
assembling startup_stm32f405xx.s...
compiling gif.c...
compiling callback_EXAMPLE.c...
compiling gif_user.c...
compiling system_stm32f4xx.c...
compiling tjpgd_user.c...
source/main.c(41): warning: passing 'const unsigned char [9174]' to parameter of type 'uint8_t *' (aka 'unsigned char *') discards qualifiers [-Wincompatible-pointer-types-discards-qualifiers]
        LCD_DrawBitmap(0, 0, stlogo);  // start at xPixel=0 (rightward), yPixel=0 (downward)
                             ^~~~~~
./GLCD\stm324xg_lcd_sklin.h(287): note: passing argument to parameter 'BmpAddress' here
        void LCD_DrawBitmap(uint16_t Xpos, uint16_t Ypos, uint8_t *BmpAddress);
                                                                   ^
source/main.c(42): warning: passing 'const unsigned char [9174]' to parameter of type 'uint8_t *' (aka 'unsigned char *') discards qualifiers [-Wincompatible-pointer-types-discards-qualifiers]
        LCD_DrawBitmap(0, 190, stlogo);  // start at xPixel=0 (rightward), yPixel=190 (downward)
                               ^~~~~~
./GLCD\stm324xg_lcd_sklin.h(287): note: passing argument to parameter 'BmpAddress' here
        void LCD_DrawBitmap(uint16_t Xpos, uint16_t Ypos, uint8_t *BmpAddress);
                                                                   ^
source/main.c(43): warning: passing 'const unsigned char [9174]' to parameter of type 'uint8_t *' (aka 'unsigned char *') discards qualifiers [-Wincompatible-pointer-types-discards-qualifiers]
        LCD_DrawBitmap(250, 0,  stlogo);  
                                ^~~~~~
./GLCD\stm324xg_lcd_sklin.h(287): note: passing argument to parameter 'BmpAddress' here
        void LCD_DrawBitmap(uint16_t Xpos, uint16_t Ypos, uint8_t *BmpAddress);
                                                                   ^
source/main.c(44): warning: passing 'const unsigned char [9174]' to parameter of type 'uint8_t *' (aka 'unsigned char *') discards qualifiers [-Wincompatible-pointer-types-discards-qualifiers]
        LCD_DrawBitmap(230, 60,  stlogo);  
                                 ^~~~~~
./GLCD\stm324xg_lcd_sklin.h(287): note: passing argument to parameter 'BmpAddress' here
        void LCD_DrawBitmap(uint16_t Xpos, uint16_t Ypos, uint8_t *BmpAddress);
                                                                   ^
4 warnings generated.
compiling main.c...
compiling stm324xg_lcd_ILI9328.c...
compiling tjpgd.c...
linking...
Program Size: Code=11160 RO-data=17784 RW-data=24 ZI-data=21728  
".\RAM\RAM.axf" - 0 Error(s), 4 Warning(s).

<h2>Software Packages used:</h2>

Package Vendor: ARM
                https://www.keil.com/pack/ARM.CMSIS.6.1.0.pack
                ARM.CMSIS.6.1.0
                CMSIS (Common Microcontroller Software Interface Standard)
   * Component: CORE Version: 6.1.0

Package Vendor: Keil
                https://www.keil.com/pack/Keil.STM32F4xx_DFP.2.17.1.pack
                Keil.STM32F4xx_DFP.2.17.1
                STMicroelectronics STM32F4 Series Device Support, Drivers and Examples
   * Component: Startup Version: 2.6.3

<h2>Collection of Component include folders:</h2>
  .\RTE\_callback
  C:\Keil_v5\Local\Arm\Packs\ARM\CMSIS\6.1.0\CMSIS\Core\Include
  C:\Keil_v5\Local\Arm\Packs\Keil\STM32F4xx_DFP\2.17.1\Drivers\CMSIS\Device\ST\STM32F4xx\Include

<h2>Collection of Component Files used:</h2>

   * Component: ARM::CMSIS:CORE:6.1.0

   * Component: Keil::Device:Startup:2.6.3
      Source file:   MDK\Device\Source\ARM\STM32F4xx_OTP.s
      Include file:  Drivers\CMSIS\Device\ST\STM32F4xx\Include\stm32f4xx.h
      Source file:   MDK\Device\Source\ARM\STM32F40xxx_41xxx_OPT.s
      Source file:   Drivers\CMSIS\Device\ST\STM32F4xx\Source\Templates\arm\startup_stm32f405xx.s
      Source file:   Drivers\CMSIS\Device\ST\STM32F4xx\Source\Templates\system_stm32f4xx.c
Build Time Elapsed:  00:00:00
</pre>
</body>
</html>
