Component: ARM Compiler 6.14 Tool: armlink [5db06800]

==============================================================================

Section Cross References

    hardwaresystem_ini.o(.ARM.exidx.text.SystemInit) refers to hardwaresystem_ini.o(.text.SystemInit) for [Anonymous Symbol]
    hardwaresystem_ini.o(.ARM.exidx.text.stm32_Get_PreempPrioBits) refers to hardwaresystem_ini.o(.text.stm32_Get_PreempPrioBits) for [Anonymous Symbol]
    hardwaresystem_ini.o(.ARM.exidx.text.HAL_RCC_GetSysClockFreq) refers to hardwaresystem_ini.o(.text.HAL_RCC_GetSysClockFreq) for [Anonymous Symbol]
    hardwaresystem_ini.o(.text.stm32f4_Hardware_Init) refers to hardwaresystem_ini.o(.text.HAL_RCC_GetSysClockFreq) for HAL_RCC_GetSysClockFreq
    hardwaresystem_ini.o(.text.stm32f4_Hardware_Init) refers to hardwaresystem_ini.o(.text.my_getHCLKFreq) for my_getHCLKFreq
    hardwaresystem_ini.o(.text.stm32f4_Hardware_Init) refers to hardwaresystem_ini.o(.text.my_getPCLKx_Freq) for my_getPCLKx_Freq
    hardwaresystem_ini.o(.text.stm32f4_Hardware_Init) refers to gpio_ini.o(.text.stm32f4_GPIO_Init) for stm32f4_GPIO_Init
    hardwaresystem_ini.o(.text.stm32f4_Hardware_Init) refers to hardwaresystem_ini.o(.bss..L_MergedGlobals) for [Anonymous Symbol]
    hardwaresystem_ini.o(.ARM.exidx.text.stm32f4_Hardware_Init) refers to hardwaresystem_ini.o(.text.stm32f4_Hardware_Init) for [Anonymous Symbol]
    hardwaresystem_ini.o(.text.my_getPCLKx_Freq) refers to hardwaresystem_ini.o(.bss..L_MergedGlobals) for [Anonymous Symbol]
    hardwaresystem_ini.o(.ARM.exidx.text.my_getPCLKx_Freq) refers to hardwaresystem_ini.o(.text.my_getPCLKx_Freq) for [Anonymous Symbol]
    hardwaresystem_ini.o(.text.my_getHCLKFreq) refers to hardwaresystem_ini.o(.bss..L_MergedGlobals) for [Anonymous Symbol]
    hardwaresystem_ini.o(.ARM.exidx.text.my_getHCLKFreq) refers to hardwaresystem_ini.o(.text.my_getHCLKFreq) for [Anonymous Symbol]
    gpio_ini.o(.ARM.exidx.text.stm32f4_GPIO_Init) refers to gpio_ini.o(.text.stm32f4_GPIO_Init) for [Anonymous Symbol]
    user_defined.o(.text.SysTick_Handler) refers to user_defined.o(.text.Debounce) for Debounce
    user_defined.o(.text.SysTick_Handler) refers to user_defined.o(.text.HoldCheck_per_4ms) for HoldCheck_per_4ms
    user_defined.o(.text.SysTick_Handler) refers to user_defined.o(.bss..L_MergedGlobals) for [Anonymous Symbol]
    user_defined.o(.ARM.exidx.text.SysTick_Handler) refers to user_defined.o(.text.SysTick_Handler) for [Anonymous Symbol]
    user_defined.o(.text.delay_ms) refers to user_defined.o(.bss..L_MergedGlobals) for [Anonymous Symbol]
    user_defined.o(.ARM.exidx.text.delay_ms) refers to user_defined.o(.text.delay_ms) for [Anonymous Symbol]
    user_defined.o(.text.hold_key_ms) refers to user_defined.o(.text.delay_ms) for delay_ms
    user_defined.o(.text.hold_key_ms) refers to user_defined.o(.bss..L_MergedGlobals) for [Anonymous Symbol]
    user_defined.o(.ARM.exidx.text.hold_key_ms) refers to user_defined.o(.text.hold_key_ms) for [Anonymous Symbol]
    user_defined.o(.text.FLASH_check_BUSY_bit) refers to user_defined.o(.bss..L_MergedGlobals) for [Anonymous Symbol]
    user_defined.o(.ARM.exidx.text.FLASH_check_BUSY_bit) refers to user_defined.o(.text.FLASH_check_BUSY_bit) for [Anonymous Symbol]
    user_defined.o(.text.User_FLASH_SectorErase) refers to user_defined.o(.text.FLASH_check_BUSY_bit) for FLASH_check_BUSY_bit
    user_defined.o(.ARM.exidx.text.User_FLASH_SectorErase) refers to user_defined.o(.text.User_FLASH_SectorErase) for [Anonymous Symbol]
    user_defined.o(.text.User_FLASH_beforeWRITE) refers to user_defined.o(.text.FLASH_check_BUSY_bit) for FLASH_check_BUSY_bit
    user_defined.o(.ARM.exidx.text.User_FLASH_beforeWRITE) refers to user_defined.o(.text.User_FLASH_beforeWRITE) for [Anonymous Symbol]
    user_defined.o(.text.Debounce) refers to user_defined.o(.bss..L_MergedGlobals) for [Anonymous Symbol]
    user_defined.o(.ARM.exidx.text.Debounce) refers to user_defined.o(.text.Debounce) for [Anonymous Symbol]
    user_defined.o(.text.EXTI0_IRQHandler) refers to user_defined.o(.bss..L_MergedGlobals) for [Anonymous Symbol]
    user_defined.o(.ARM.exidx.text.EXTI0_IRQHandler) refers to user_defined.o(.text.EXTI0_IRQHandler) for [Anonymous Symbol]
    user_defined.o(.text.cancel_EXTI_ms) refers to user_defined.o(.bss..L_MergedGlobals) for [Anonymous Symbol]
    user_defined.o(.ARM.exidx.text.cancel_EXTI_ms) refers to user_defined.o(.text.cancel_EXTI_ms) for [Anonymous Symbol]
    user_defined.o(.text.hold_EXTI_ms) refers to user_defined.o(.bss..L_MergedGlobals) for [Anonymous Symbol]
    user_defined.o(.ARM.exidx.text.hold_EXTI_ms) refers to user_defined.o(.text.hold_EXTI_ms) for [Anonymous Symbol]
    user_defined.o(.text.get_ButtonHoldState) refers to user_defined.o(.bss..L_MergedGlobals) for [Anonymous Symbol]
    user_defined.o(.ARM.exidx.text.get_ButtonHoldState) refers to user_defined.o(.text.get_ButtonHoldState) for [Anonymous Symbol]
[...]
    ../clib/libinit.s                        0x00000000   Number         0  libinit.o ABSOLUTE
    ../clib/libinit.s                        0x00000000   Number         0  libshutdown2.o ABSOLUTE
    ../clib/libinit.s                        0x00000000   Number         0  libshutdown.o ABSOLUTE
    ../clib/maybe.s                          0x00000000   Number         0  maybetermalloc1.o ABSOLUTE
    ../clib/maybe.s                          0x00000000   Number         0  maybetermalloc2.o ABSOLUTE
    ../clib/memcpset.s                       0x00000000   Number         0  rt_memcpy_v6.o ABSOLUTE
    ../clib/memcpset.s                       0x00000000   Number         0  rt_memclr_w.o ABSOLUTE
    ../clib/memcpset.s                       0x00000000   Number         0  rt_memcpy_w.o ABSOLUTE
    ../clib/misc.s                           0x00000000   Number         0  printf_stubs.o ABSOLUTE
    ../clib/printf.c                         0x00000000   Number         0  __2sprintf.o ABSOLUTE
    ../clib/printf.c                         0x00000000   Number         0  noretval__2sprintf.o ABSOLUTE
    ../clib/printf.c                         0x00000000   Number         0  __printf.o ABSOLUTE
    ../clib/printf.c                         0x00000000   Number         0  _printf_pad.o ABSOLUTE
    ../clib/printf.c                         0x00000000   Number         0  _printf_dec.o ABSOLUTE
    ../clib/printf.c                         0x00000000   Number         0  _printf_hex_ll.o ABSOLUTE
    ../clib/printf.c                         0x00000000   Number         0  _printf_hex_int.o ABSOLUTE
    ../clib/printf.c                         0x00000000   Number         0  _printf_hex_int_ll.o ABSOLUTE
    ../clib/printf.c                         0x00000000   Number         0  _printf_hex_ptr.o ABSOLUTE
    ../clib/printf.c                         0x00000000   Number         0  _printf_hex_int_ptr.o ABSOLUTE
    ../clib/printf.c                         0x00000000   Number         0  _printf_hex_ll_ptr.o ABSOLUTE
    ../clib/printf.c                         0x00000000   Number         0  _printf_hex_int_ll_ptr.o ABSOLUTE
    ../clib/printf.c                         0x00000000   Number         0  __printf_flags.o ABSOLUTE
    ../clib/printf.c                         0x00000000   Number         0  __printf_ss.o ABSOLUTE
    ../clib/printf.c                         0x00000000   Number         0  __printf_flags_ss.o ABSOLUTE
    ../clib/printf.c                         0x00000000   Number         0  __printf_wp.o ABSOLUTE
    ../clib/printf.c                         0x00000000   Number         0  __printf_flags_wp.o ABSOLUTE
    ../clib/printf.c                         0x00000000   Number         0  __printf_ss_wp.o ABSOLUTE
    ../clib/printf.c                         0x00000000   Number         0  __printf_flags_ss_wp.o ABSOLUTE
    ../clib/printf.c                         0x00000000   Number         0  _printf_intcommon.o ABSOLUTE
    ../clib/printf.c                         0x00000000   Number         0  _printf_char_common.o ABSOLUTE
    ../clib/printf.c                         0x00000000   Number         0  _sputc.o ABSOLUTE
    ../clib/printf.c                         0x00000000   Number         0  __printf_nopercent.o ABSOLUTE
    ../clib/printf_percent.s                 0x00000000   Number         0  _printf_x.o ABSOLUTE
    ../clib/printf_percent.s                 0x00000000   Number         0  _printf_i.o ABSOLUTE
    ../clib/printf_percent.s                 0x00000000   Number         0  _printf_d.o ABSOLUTE
    ../clib/printf_percent.s                 0x00000000   Number         0  _printf_percent.o ABSOLUTE
    ../clib/printf_percent.s                 0x00000000   Number         0  _printf_percent_end.o ABSOLUTE
    ../clib/signal.c                         0x00000000   Number         0  defsig_rtmem_outer.o ABSOLUTE
    ../clib/signal.c                         0x00000000   Number         0  defsig_rtmem_formal.o ABSOLUTE
    ../clib/signal.c                         0x00000000   Number         0  defsig_exit.o ABSOLUTE
    ../clib/signal.c                         0x00000000   Number         0  defsig_rtmem_inner.o ABSOLUTE
    ../clib/signal.c                         0x00000000   Number         0  __raise.o ABSOLUTE
    ../clib/signal.c                         0x00000000   Number         0  defsig_general.o ABSOLUTE
    ../clib/signal.c                         0x00000000   Number         0  defsig_abrt_inner.o ABSOLUTE
    ../clib/signal.c                         0x00000000   Number         0  defsig_fpe_inner.o ABSOLUTE
    ../clib/signal.c                         0x00000000   Number         0  defsig_rtred_inner.o ABSOLUTE
    ../clib/signal.c                         0x00000000   Number         0  defsig_stak_inner.o ABSOLUTE
    ../clib/signal.c                         0x00000000   Number         0  defsig_pvfn_inner.o ABSOLUTE
    ../clib/signal.c                         0x00000000   Number         0  defsig_cppl_inner.o ABSOLUTE
    ../clib/signal.c                         0x00000000   Number         0  defsig_segv_inner.o ABSOLUTE
    ../clib/signal.c                         0x00000000   Number         0  defsig_other.o ABSOLUTE
    ../clib/signal.s                         0x00000000   Number         0  defsig.o ABSOLUTE
    ../clib/stdlib.c                         0x00000000   Number         0  exit.o ABSOLUTE
    ../fplib/fpinit.s                        0x00000000   Number         0  fpinit.o ABSOLUTE
    FPEC_exercise.c                          0x00000000   Number         0  fpec_exercise.o ABSOLUTE
    GPIO_Ini.c                               0x00000000   Number         0  gpio_ini.o ABSOLUTE
    HardwareSystem_Ini.C                     0x00000000   Number         0  hardwaresystem_ini.o ABSOLUTE
    RTE/Device/STM32F407ZGTx/startup_stm32f407xx.s 0x00000000   Number         0  startup_stm32f407xx.o ABSOLUTE
    dc.s                                     0x00000000   Number         0  dc.o ABSOLUTE
    main_jpeg.c                              0x00000000   Number         0  main_jpeg.o ABSOLUTE
    stm324xg_lcd_ILI9328.c                   0x00000000   Number         0  stm324xg_lcd_ili9328.o ABSOLUTE
    stm32f4xx_fsmc.c                         0x00000000   Number         0  stm32f4xx_fsmc.o ABSOLUTE
    system_stm32f4xx.c                       0x00000000   Number         0  system_stm32f4xx.o ABSOLUTE
    tjpgd.c                                  0x00000000   Number         0  tjpgd.o ABSOLUTE
    tjpgd_user.c                             0x00000000   Number         0  tjpgd_user.o ABSOLUTE
    user_defined.c                           0x00000000   Number         0  user_defined.o ABSOLUTE
    RESET                                    0x20000000   Section      392  startup_stm32f407xx.o(RESET)
    !!!main                                  0x20000188   Section        8  __main.o(!!!main)
    !!!scatter                               0x20000190   Section       52  __scatter.o(!!!scatter)
    !!handler_copy                           0x200001c4   Section       26  __scatter_copy.o(!!handler_copy)
    !!handler_zi                             0x200001e0   Section       28  __scatter_zi.o(!!handler_zi)
    .ARM.Collect$$_printf_percent$$00000000  0x200001fc   Section        0  _printf_percent.o(.ARM.Collect$$_printf_percent$$00000000)
    .ARM.Collect$$_printf_percent$$00000008  0x200001fc   Section        6  _printf_i.o(.ARM.Collect$$_printf_percent$$00000008)
    .ARM.Collect$$_printf_percent$$00000009  0x20000202   Section        6  _printf_d.o(.ARM.Collect$$_printf_percent$$00000009)
    .ARM.Collect$$_printf_percent$$0000000C  0x20000208   Section        6  _printf_x.o(.ARM.Collect$$_printf_percent$$0000000C)
    .ARM.Collect$$_printf_percent$$00000017  0x2000020e   Section        4  _printf_percent_end.o(.ARM.Collect$$_printf_percent$$00000017)
    .ARM.Collect$$libinit$$00000000          0x20000212   Section        2  libinit.o(.ARM.Collect$$libinit$$00000000)
    .ARM.Collect$$libinit$$00000001          0x20000214   Section        4  libinit2.o(.ARM.Collect$$libinit$$00000001)
    .ARM.Collect$$libinit$$00000004          0x20000218   Section        0  libinit2.o(.ARM.Collect$$libinit$$00000004)
    .ARM.Collect$$libinit$$00000005          0x20000218   Section        8  libinit2.o(.ARM.Collect$$libinit$$00000005)
    .ARM.Collect$$libinit$$0000000A          0x20000220   Section        0  libinit2.o(.ARM.Collect$$libinit$$0000000A)
    .ARM.Collect$$libinit$$0000000C          0x20000220   Section        0  libinit2.o(.ARM.Collect$$libinit$$0000000C)
    .ARM.Collect$$libinit$$0000000E          0x20000220   Section        0  libinit2.o(.ARM.Collect$$libinit$$0000000E)
    .ARM.Collect$$libinit$$00000011          0x20000220   Section        0  libinit2.o(.ARM.Collect$$libinit$$00000011)
    .ARM.Collect$$libinit$$00000013          0x20000220   Section        0  libinit2.o(.ARM.Collect$$libinit$$00000013)
    .ARM.Collect$$libinit$$00000015          0x20000220   Section        0  libinit2.o(.ARM.Collect$$libinit$$00000015)
    .ARM.Collect$$libinit$$00000017          0x20000220   Section        0  libinit2.o(.ARM.Collect$$libinit$$00000017)
    .ARM.Collect$$libinit$$00000019          0x20000220   Section        0  libinit2.o(.ARM.Collect$$libinit$$00000019)
    .ARM.Collect$$libinit$$0000001B          0x20000220   Section        0  libinit2.o(.ARM.Collect$$libinit$$0000001B)
    .ARM.Collect$$libinit$$0000001D          0x20000220   Section        0  libinit2.o(.ARM.Collect$$libinit$$0000001D)
    .ARM.Collect$$libinit$$0000001F          0x20000220   Section        0  libinit2.o(.ARM.Collect$$libinit$$0000001F)
    .ARM.Collect$$libinit$$00000021          0x20000220   Section        0  libinit2.o(.ARM.Collect$$libinit$$00000021)
    .ARM.Collect$$libinit$$00000023          0x20000220   Section        0  libinit2.o(.ARM.Collect$$libinit$$00000023)
    .ARM.Collect$$libinit$$00000025          0x20000220   Section        0  libinit2.o(.ARM.Collect$$libinit$$00000025)
    .ARM.Collect$$libinit$$0000002C          0x20000220   Section        0  libinit2.o(.ARM.Collect$$libinit$$0000002C)
    .ARM.Collect$$libinit$$0000002E          0x20000220   Section        0  libinit2.o(.ARM.Collect$$libinit$$0000002E)
    .ARM.Collect$$libinit$$00000030          0x20000220   Section        0  libinit2.o(.ARM.Collect$$libinit$$00000030)
    .ARM.Collect$$libinit$$00000032          0x20000220   Section        0  libinit2.o(.ARM.Collect$$libinit$$00000032)
    .ARM.Collect$$libinit$$00000033          0x20000220   Section        2  libinit2.o(.ARM.Collect$$libinit$$00000033)
    .ARM.Collect$$libshutdown$$00000000      0x20000222   Section        2  libshutdown.o(.ARM.Collect$$libshutdown$$00000000)
    .ARM.Collect$$libshutdown$$00000002      0x20000224   Section        0  libshutdown2.o(.ARM.Collect$$libshutdown$$00000002)
    .ARM.Collect$$libshutdown$$00000004      0x20000224   Section        0  libshutdown2.o(.ARM.Collect$$libshutdown$$00000004)
    .ARM.Collect$$libshutdown$$00000007      0x20000224   Section        0  libshutdown2.o(.ARM.Collect$$libshutdown$$00000007)
    .ARM.Collect$$libshutdown$$0000000A      0x20000224   Section        0  libshutdown2.o(.ARM.Collect$$libshutdown$$0000000A)
    .ARM.Collect$$libshutdown$$0000000C      0x20000224   Section        0  libshutdown2.o(.ARM.Collect$$libshutdown$$0000000C)
    .ARM.Collect$$libshutdown$$0000000F      0x20000224   Section        0  libshutdown2.o(.ARM.Collect$$libshutdown$$0000000F)
    .ARM.Collect$$libshutdown$$00000010      0x20000224   Section        2  libshutdown2.o(.ARM.Collect$$libshutdown$$00000010)
    .ARM.Collect$$rtentry$$00000000          0x20000226   Section        0  __rtentry.o(.ARM.Collect$$rtentry$$00000000)
    .ARM.Collect$$rtentry$$00000002          0x20000226   Section        0  __rtentry2.o(.ARM.Collect$$rtentry$$00000002)
    .ARM.Collect$$rtentry$$00000004          0x20000226   Section        6  __rtentry4.o(.ARM.Collect$$rtentry$$00000004)
    .ARM.Collect$$rtentry$$00000009          0x2000022c   Section        0  __rtentry2.o(.ARM.Collect$$rtentry$$00000009)
    .ARM.Collect$$rtentry$$0000000A          0x2000022c   Section        4  __rtentry2.o(.ARM.Collect$$rtentry$$0000000A)
    .ARM.Collect$$rtentry$$0000000C          0x20000230   Section        0  __rtentry2.o(.ARM.Collect$$rtentry$$0000000C)
    .ARM.Collect$$rtentry$$0000000D          0x20000230   Section        8  __rtentry2.o(.ARM.Collect$$rtentry$$0000000D)
    .ARM.Collect$$rtexit$$00000000           0x20000238   Section        2  rtexit.o(.ARM.Collect$$rtexit$$00000000)
    .ARM.Collect$$rtexit$$00000002           0x2000023a   Section        0  rtexit2.o(.ARM.Collect$$rtexit$$00000002)
    .ARM.Collect$$rtexit$$00000003           0x2000023a   Section        4  rtexit2.o(.ARM.Collect$$rtexit$$00000003)
    .ARM.Collect$$rtexit$$00000004           0x2000023e   Section        6  rtexit2.o(.ARM.Collect$$rtexit$$00000004)
    $v0                                      0x20000244   Number         0  startup_stm32f407xx.o(.text)
    .text                                    0x20000244   Section       64  startup_stm32f407xx.o(.text)
    .text                                    0x20000284   Section        0  h1_alloc.o(.text)
    .text                                    0x200002e2   Section        0  h1_free.o(.text)
    .text                                    0x20000330   Section        0  noretval__2sprintf.o(.text)
    .text                                    0x20000358   Section        0  _printf_pad.o(.text)
    .text                                    0x200003a8   Section        0  _printf_dec.o(.text)
    .text                                    0x20000420   Section        0  _printf_hex_int.o(.text)
    .text                                    0x20000478   Section        0  __printf_flags_wp.o(.text)
    .text                                    0x200005b0   Section      138  rt_memcpy_v6.o(.text)
    .text                                    0x2000063a   Section       78  rt_memclr_w.o(.text)
    .text                                    0x20000688   Section        0  heapauxi.o(.text)
    .text                                    0x20000690   Section        8  rt_heap_descriptor_intlibspace.o(.text)
    .text                                    0x20000698   Section        0  hguard.o(.text)
    .text                                    0x2000069c   Section        0  init_alloc.o(.text)
    .text                                    0x20000726   Section        0  h1_init.o(.text)
    .text                                    0x20000734   Section        0  _printf_intcommon.o(.text)
    _printf_input_char                       0x200007e9   Thumb Code    10  _printf_char_common.o(.text)
    .text                                    0x200007e8   Section        0  _printf_char_common.o(.text)
    .text                                    0x20000818   Section        0  _sputc.o(.text)
    .text                                    0x20000822   Section      100  rt_memcpy_w.o(.text)
    .text                                    0x20000888   Section        8  libspace.o(.text)
    .text                                    0x20000890   Section        0  maybetermalloc1.o(.text)
    .text                                    0x20000890   Section        0  h1_extend.o(.text)
    .text                                    0x200008c4   Section        0  defsig_rtmem_outer.o(.text)
    .text                                    0x200008d2   Section        2  use_no_semi.o(.text)
    .text                                    0x200008d4   Section        0  indicate_semi.o(.text)
    .text                                    0x200008d4   Section       74  sys_stackheap_outer.o(.text)
    .text                                    0x2000091e   Section        0  exit.o(.text)
    .text                                    0x20000930   Section        0  defsig_exit.o(.text)
    .text                                    0x2000093c   Section        0  defsig_rtmem_inner.o(.text)
    .text                                    0x2000098c   Section        0  sys_exit.o(.text)
    .text                                    0x20000998   Section        0  defsig_general.o(.text)
    .text                                    0x200009ca   Section        0  sys_wrch.o(.text)
    [Anonymous Symbol]                       0x200009d8   Section        0  user_defined.o(.text.Debounce)
    [Anonymous Symbol]                       0x20000a28   Section        0  user_defined.o(.text.EXTI0_IRQHandler)
    __arm_cp.7_0                             0x20000a6c   Number         4  user_defined.o(.text.EXTI0_IRQHandler)
    __arm_cp.7_2                             0x20000a70   Number         4  user_defined.o(.text.EXTI0_IRQHandler)
    [Anonymous Symbol]                       0x20000a74   Section        0  user_defined.o(.text.FLASH_check_BUSY_bit)
    __arm_cp.3_0                             0x20000a9c   Number         4  user_defined.o(.text.FLASH_check_BUSY_bit)
    __arm_cp.3_1                             0x20000aa0   Number         4  user_defined.o(.text.FLASH_check_BUSY_bit)
    [Anonymous Symbol]                       0x20000aa4   Section        0  stm32f4xx_fsmc.o(.text.FSMC_NORSRAM_Extended_Timing_Init)
    __arm_cp.3_0                             0x20000ad8   Number         4  stm32f4xx_fsmc.o(.text.FSMC_NORSRAM_Extended_Timing_Init)
    [Anonymous Symbol]                       0x20000adc   Section        0  stm32f4xx_fsmc.o(.text.FSMC_NORSRAM_Init)
    __arm_cp.0_0                             0x20000b4c   Number         4  stm32f4xx_fsmc.o(.text.FSMC_NORSRAM_Init)
    [Anonymous Symbol]                       0x20000b50   Section        0  stm32f4xx_fsmc.o(.text.FSMC_NORSRAM_Timing_Init)
    __arm_cp.2_0                             0x20000b88   Number         4  stm32f4xx_fsmc.o(.text.FSMC_NORSRAM_Timing_Init)
    [Anonymous Symbol]                       0x20000b8c   Section        0  fpec_exercise.o(.text.Flash_Erase_for_Write)
    __arm_cp.2_0                             0x20000c3c   Number         4  fpec_exercise.o(.text.Flash_Erase_for_Write)
    __arm_cp.2_1                             0x20000c40   Number         4  fpec_exercise.o(.text.Flash_Erase_for_Write)
    __arm_cp.2_2                             0x20000c44   Number         4  fpec_exercise.o(.text.Flash_Erase_for_Write)
    __arm_cp.2_4                             0x20000c60   Number         4  fpec_exercise.o(.text.Flash_Erase_for_Write)
    [Anonymous Symbol]                       0x20000cc4   Section        0  main_jpeg.o(.text.GLCD_Value)
    GPIO_AF12PPhigh                          0x20000ced   Thumb Code   228  stm324xg_lcd_ili9328.o(.text.GPIO_AF12PPhigh)
    [Anonymous Symbol]                       0x20000cec   Section        0  stm324xg_lcd_ili9328.o(.text.GPIO_AF12PPhigh)
    GPIO_outPPhigh                           0x20000dd1   Thumb Code   144  stm324xg_lcd_ili9328.o(.text.GPIO_outPPhigh)
    [Anonymous Symbol]                       0x20000dd0   Section        0  stm324xg_lcd_ili9328.o(.text.GPIO_outPPhigh)
    __arm_cp.10_0                            0x20000e58   Number         4  stm324xg_lcd_ili9328.o(.text.GPIO_outPPhigh)
    __arm_cp.10_1                            0x20000e5c   Number         4  stm324xg_lcd_ili9328.o(.text.GPIO_outPPhigh)
    [Anonymous Symbol]                       0x20000e60   Section        0  hardwaresystem_ini.o(.text.HAL_RCC_GetSysClockFreq)
    __arm_cp.2_0                             0x20000ea4   Number         4  hardwaresystem_ini.o(.text.HAL_RCC_GetSysClockFreq)
    __arm_cp.2_1                             0x20000ea8   Number         4  hardwaresystem_ini.o(.text.HAL_RCC_GetSysClockFreq)
    __arm_cp.2_2                             0x20000eac   Number         4  hardwaresystem_ini.o(.text.HAL_RCC_GetSysClockFreq)
    [Anonymous Symbol]                       0x20000eb0   Section        0  user_defined.o(.text.HoldCheck_per_4ms)
    __arm_cp.11_0                            0x20000ed4   Number         4  user_defined.o(.text.HoldCheck_per_4ms)
    __arm_cp.11_1                            0x20000ed8   Number         4  user_defined.o(.text.HoldCheck_per_4ms)
    [Anonymous Symbol]                       0x20000edc   Section        0  stm324xg_lcd_ili9328.o(.text.ILI9328)
    __arm_cp.8_0                             0x200010ac   Number         4  stm324xg_lcd_ili9328.o(.text.ILI9328)
    __arm_cp.8_1                             0x200010b0   Number         4  stm324xg_lcd_ili9328.o(.text.ILI9328)
    __arm_cp.8_2                             0x200010b4   Number         4  stm324xg_lcd_ili9328.o(.text.ILI9328)
    [Anonymous Symbol]                       0x200010b8   Section        0  stm324xg_lcd_ili9328.o(.text.LCD_Clear)
    [Anonymous Symbol]                       0x200010e8   Section        0  stm324xg_lcd_ili9328.o(.text.LCD_DisplayDevID)
    __arm_cp.6_0                             0x20001110   Number         4  stm324xg_lcd_ili9328.o(.text.LCD_DisplayDevID)
    [Anonymous Symbol]                       0x20001124   Section        0  stm324xg_lcd_ili9328.o(.text.LCD_DisplayStringAt)
    [Anonymous Symbol]                       0x2000118c   Section        0  stm324xg_lcd_ili9328.o(.text.LCD_DisplayStringLineCol)
    LCD_DisplayStringSegment                 0x200011a9   Thumb Code   224  stm324xg_lcd_ili9328.o(.text.LCD_DisplayStringSegment)
    [Anonymous Symbol]                       0x200011a8   Section        0  stm324xg_lcd_ili9328.o(.text.LCD_DisplayStringSegment)
    __arm_cp.27_0                            0x20001284   Number         4  stm324xg_lcd_ili9328.o(.text.LCD_DisplayStringSegment)
    [Anonymous Symbol]                       0x20001288   Section        0  tjpgd_user.o(.text.LCD_DrawJPG)
    __arm_cp.4_0                             0x20001328   Number         4  tjpgd_user.o(.text.LCD_DrawJPG)
    __arm_cp.4_1                             0x2000132c   Number         4  tjpgd_user.o(.text.LCD_DrawJPG)
    __arm_cp.4_3                             0x20001354   Number         4  tjpgd_user.o(.text.LCD_DrawJPG)
    __arm_cp.4_6                             0x20001398   Number         4  tjpgd_user.o(.text.LCD_DrawJPG)
    [Anonymous Symbol]                       0x2000139c   Section        0  stm324xg_lcd_ili9328.o(.text.LCD_DrawRGBImage)
    __arm_cp.39_0                            0x20001400   Number         4  stm324xg_lcd_ili9328.o(.text.LCD_DrawRGBImage)
    [Anonymous Symbol]                       0x20001404   Section        0  stm324xg_lcd_ili9328.o(.text.LCD_FSMCConfig)
    __arm_cp.2_0                             0x200014a0   Number         4  stm324xg_lcd_ili9328.o(.text.LCD_FSMCConfig)
    __arm_cp.2_1                             0x200014a4   Number         4  stm324xg_lcd_ili9328.o(.text.LCD_FSMCConfig)
    [Anonymous Symbol]                       0x200014a8   Section        0  stm324xg_lcd_ili9328.o(.text.LCD_Init)
    __arm_cp.9_0                             0x20001550   Number         4  stm324xg_lcd_ili9328.o(.text.LCD_Init)
    __arm_cp.9_1                             0x20001554   Number         4  stm324xg_lcd_ili9328.o(.text.LCD_Init)
    __arm_cp.9_3                             0x20001558   Number         4  stm324xg_lcd_ili9328.o(.text.LCD_Init)
    [Anonymous Symbol]                       0x2000155c   Section        0  stm324xg_lcd_ili9328.o(.text.LCD_OpenWin)
    [Anonymous Symbol]                       0x200015b8   Section        0  stm324xg_lcd_ili9328.o(.text.LCD_ReadRGBImage)
    __arm_cp.56_0                            0x20001668   Number         4  stm324xg_lcd_ili9328.o(.text.LCD_ReadRGBImage)
    [Anonymous Symbol]                       0x2000166c   Section        0  stm324xg_lcd_ili9328.o(.text.LCD_RestoreColors)
    [Anonymous Symbol]                       0x2000167c   Section        0  stm324xg_lcd_ili9328.o(.text.LCD_RestoreFont)
    [Anonymous Symbol]                       0x20001684   Section        0  stm324xg_lcd_ili9328.o(.text.LCD_SaveColors)
    [Anonymous Symbol]                       0x20001694   Section        0  stm324xg_lcd_ili9328.o(.text.LCD_SaveFont)
    [Anonymous Symbol]                       0x200016a0   Section        0  stm324xg_lcd_ili9328.o(.text.LCD_SetBackColor)
    [Anonymous Symbol]                       0x200016b4   Section        0  stm324xg_lcd_ili9328.o(.text.LCD_SetColors)
    [Anonymous Symbol]                       0x200016d4   Section        0  stm324xg_lcd_ili9328.o(.text.LCD_SetFont)
    __arm_cp.12_1                            0x200016ec   Number         4  stm324xg_lcd_ili9328.o(.text.LCD_SetFont)
    [Anonymous Symbol]                       0x200016f0   Section        0  stm324xg_lcd_ili9328.o(.text.LCD_SetTextColor)
    __arm_cp.22_0                            0x20001704   Number         4  stm324xg_lcd_ili9328.o(.text.LCD_SetTextColor)
    [Anonymous Symbol]                       0x20001708   Section        0  user_defined.o(.text.SysTick_Handler)
    __arm_cp.0_1                             0x20001730   Number         4  user_defined.o(.text.SysTick_Handler)
    [Anonymous Symbol]                       0x20001734   Section        0  hardwaresystem_ini.o(.text.SystemInit)
    __arm_cp.0_0                             0x20001740   Number         4  hardwaresystem_ini.o(.text.SystemInit)
    [Anonymous Symbol]                       0x20001744   Section        0  user_defined.o(.text.User_FLASH_SectorErase)
    __arm_cp.4_1                             0x200017a8   Number         4  user_defined.o(.text.User_FLASH_SectorErase)
    __arm_cp.4_2                             0x200017ac   Number         4  user_defined.o(.text.User_FLASH_SectorErase)
    [Anonymous Symbol]                       0x200017b0   Section        0  user_defined.o(.text.User_FLASH_beforeWRITE)
    __arm_cp.5_0                             0x200017d0   Number         4  user_defined.o(.text.User_FLASH_beforeWRITE)
    [Anonymous Symbol]                       0x200017d4   Section        0  main_jpeg.o(.text.Wait_PressPA0)
    __arm_cp.2_0                             0x20001800   Number         4  main_jpeg.o(.text.Wait_PressPA0)
    alloc_pool                               0x20001805   Thumb Code    30  tjpgd.o(.text.alloc_pool)
    [Anonymous Symbol]                       0x20001804   Section        0  tjpgd.o(.text.alloc_pool)
    bitext                                   0x20001823   Thumb Code   138  tjpgd.o(.text.bitext)
    [Anonymous Symbol]                       0x20001822   Section        0  tjpgd.o(.text.bitext)
    delay                                    0x200018ad   Thumb Code    32  main_jpeg.o(.text.delay)
    [Anonymous Symbol]                       0x200018ac   Section        0  main_jpeg.o(.text.delay)
    [Anonymous Symbol]                       0x200018cc   Section        0  user_defined.o(.text.delay_ms)
    __arm_cp.1_0                             0x200018dc   Number         4  user_defined.o(.text.delay_ms)
    [Anonymous Symbol]                       0x200018e0   Section        0  tjpgd_user.o(.text.get_JPG_error_code)
    __arm_cp.3_0                             0x200018e8   Number         4  tjpgd_user.o(.text.get_JPG_error_code)
    [Anonymous Symbol]                       0x200018ec   Section        0  tjpgd_user.o(.text.get_scale)
    huffext                                  0x20001931   Thumb Code   214  tjpgd.o(.text.huffext)
    [Anonymous Symbol]                       0x20001930   Section        0  tjpgd.o(.text.huffext)
    [Anonymous Symbol]                       0x20001a06   Section        0  tjpgd_user.o(.text.in_func)
    [Anonymous Symbol]                       0x20001a24   Section        0  tjpgd.o(.text.jd_decomp)
    __arm_cp.2_1                             0x200021b8   Number         4  tjpgd.o(.text.jd_decomp)
    [Anonymous Symbol]                       0x200021bc   Section        0  tjpgd.o(.text.jd_prepare)
    __arm_cp.0_0                             0x20002618   Number         4  tjpgd.o(.text.jd_prepare)
    __arm_cp.0_1                             0x2000261c   Number         4  tjpgd.o(.text.jd_prepare)
    [Anonymous Symbol]                       0x20002620   Section        0  main_jpeg.o(.text.main)
    __arm_cp.0_0                             0x2000276c   Number         4  main_jpeg.o(.text.main)
    __arm_cp.0_1                             0x20002770   Number         4  main_jpeg.o(.text.main)
    __arm_cp.0_4                             0x2000279c   Number         4  main_jpeg.o(.text.main)
    __arm_cp.0_5                             0x200027a0   Number         4  main_jpeg.o(.text.main)
    __arm_cp.0_6                             0x200027a4   Number         4  main_jpeg.o(.text.main)
    __arm_cp.0_8                             0x200027c0   Number         4  main_jpeg.o(.text.main)
    my_getHCLKFreq                           0x20002809   Thumb Code    68  hardwaresystem_ini.o(.text.my_getHCLKFreq)
    [Anonymous Symbol]                       0x20002808   Section        0  hardwaresystem_ini.o(.text.my_getHCLKFreq)
    __arm_cp.5_0                             0x20002828   Number         4  hardwaresystem_ini.o(.text.my_getHCLKFreq)
    my_getPCLKx_Freq                         0x2000284d   Thumb Code    20  hardwaresystem_ini.o(.text.my_getPCLKx_Freq)
    [Anonymous Symbol]                       0x2000284c   Section        0  hardwaresystem_ini.o(.text.my_getPCLKx_Freq)
    [Anonymous Symbol]                       0x20002860   Section        0  tjpgd_user.o(.text.out_func)
    __arm_cp.1_0                             0x20002890   Number         4  tjpgd_user.o(.text.out_func)
    [Anonymous Symbol]                       0x20002894   Section        0  main_jpeg.o(.text.save_RGBimage_in_flash)
    [Anonymous Symbol]                       0x20002988   Section        0  gpio_ini.o(.text.stm32f4_GPIO_Init)
    __arm_cp.0_0                             0x200029cc   Number         4  gpio_ini.o(.text.stm32f4_GPIO_Init)
    __arm_cp.0_1                             0x200029d0   Number         4  gpio_ini.o(.text.stm32f4_GPIO_Init)
    __arm_cp.0_2                             0x200029d4   Number         4  gpio_ini.o(.text.stm32f4_GPIO_Init)
    __arm_cp.0_3                             0x200029d8   Number         4  gpio_ini.o(.text.stm32f4_GPIO_Init)
    [Anonymous Symbol]                       0x200029dc   Section        0  hardwaresystem_ini.o(.text.stm32f4_Hardware_Init)
    __arm_cp.3_0                             0x20002a98   Number         4  hardwaresystem_ini.o(.text.stm32f4_Hardware_Init)
    __arm_cp.3_1                             0x20002a9c   Number         4  hardwaresystem_ini.o(.text.stm32f4_Hardware_Init)
    __arm_cp.3_2                             0x20002aa0   Number         4  hardwaresystem_ini.o(.text.stm32f4_Hardware_Init)
    __arm_cp.3_3                             0x20002aa4   Number         4  hardwaresystem_ini.o(.text.stm32f4_Hardware_Init)
    __arm_cp.3_4                             0x20002aa8   Number         4  hardwaresystem_ini.o(.text.stm32f4_Hardware_Init)
    __arm_cp.3_5                             0x20002aac   Number         4  hardwaresystem_ini.o(.text.stm32f4_Hardware_Init)
    __arm_cp.3_6                             0x20002ab0   Number         4  hardwaresystem_ini.o(.text.stm32f4_Hardware_Init)
    __arm_cp.3_7                             0x20002ab4   Number         4  hardwaresystem_ini.o(.text.stm32f4_Hardware_Init)
    i._is_digit                              0x20002ab8   Section        0  __printf_wp.o(i._is_digit)
    $v0                                      0x20002ac6   Number         0  fpinit.o(x$fpl$fpinit)
    x$fpl$fpinit                             0x20002ac6   Section       26  fpinit.o(x$fpl$fpinit)
    uc_hextab                                0x20002ae0   Data          20  _printf_hex_int.o(.constdata)
    .constdata                               0x20002ae0   Section       40  _printf_hex_int.o(.constdata)
    lc_hextab                                0x20002af4   Data          20  _printf_hex_int.o(.constdata)
    maptable                                 0x20002b08   Data          17  __printf_flags_wp.o(.constdata)
    .constdata                               0x20002b08   Section       17  __printf_flags_wp.o(.constdata)
    Clip8                                    0x20002b19   Data        1024  tjpgd.o(.rodata.Clip8)
    [Anonymous Symbol]                       0x20002b19   Section        0  tjpgd.o(.rodata.Clip8)
    Ipsf                                     0x200049d2   Data         128  tjpgd.o(.rodata.Ipsf)
    [Anonymous Symbol]                       0x200049d2   Section        0  tjpgd.o(.rodata.Ipsf)
    Zig                                      0x20004a52   Data          64  tjpgd.o(.rodata.Zig)
    [Anonymous Symbol]                       0x20004a52   Section        0  tjpgd.o(.rodata.Zig)
    .L.str.2                                 0x20004a92   Data          20  main_jpeg.o(.rodata.str1.1)
    [Anonymous Symbol]                       0x20004a92   Section        0  main_jpeg.o(.rodata.str1.1)
    .L.str                                   0x20004aa8   Data          45  tjpgd_user.o(.rodata.str1.4)
    [Anonymous Symbol]                       0x20004aa8   Section        0  tjpgd_user.o(.rodata.str1.4)
    DrawProp.0                               0x20010000   Data           2  stm324xg_lcd_ili9328.o(.data..L_MergedGlobals)
    [Anonymous Symbol]                       0x20010000   Section        0  stm324xg_lcd_ili9328.o(.data..L_MergedGlobals)
    DrawProp.2                               0x20010004   Data           4  stm324xg_lcd_ili9328.o(.data..L_MergedGlobals)
    .bss                                     0x20010018   Section       96  libspace.o(.bss)
    [Anonymous Symbol]                       0x20010078   Section        0  hardwaresystem_ini.o(.bss..L_MergedGlobals)
    [Anonymous Symbol]                       0x20010088   Section        0  user_defined.o(.bss..L_MergedGlobals)
    [Anonymous Symbol]                       0x200100b8   Section        0  tjpgd_user.o(.bss..L_MergedGlobals)
    [Anonymous Symbol]                       0x20010100   Section        0  stm324xg_lcd_ili9328.o(.bss..L_MergedGlobals.7)
    wf                                       0x20010102   Data           2  stm324xg_lcd_ili9328.o(.bss..L_MergedGlobals.7)
    hf                                       0x20010104   Data           2  stm324xg_lcd_ili9328.o(.bss..L_MergedGlobals.7)
    bytes_f                                  0x20010106   Data           2  stm324xg_lcd_ili9328.o(.bss..L_MergedGlobals.7)
    DrawProp.1                               0x2001010c   Data           2  stm324xg_lcd_ili9328.o(.bss..L_MergedGlobals.7)
    Heap_Mem                                 0x20010120   Data       16384  startup_stm32f407xx.o(HEAP)
    HEAP                                     0x20010120   Section    16384  startup_stm32f407xx.o(HEAP)
    Stack_Mem                                0x20014120   Data        1024  startup_stm32f407xx.o(STACK)
    STACK                                    0x20014120   Section     1024  startup_stm32f407xx.o(STACK)
    __initial_sp                             0x20014520   Data           0  startup_stm32f407xx.o(STACK)

    Global Symbols

    Symbol Name                              Value     Ov Type        Size  Object(Section)

    BuildAttributes$$THM_ISAv4$E$P$D$K$B$S$7EM$VFPi3$EXTD16$VFPS$VFMA$PE$A:L22UL41UL21$X:L11$S22US41US21$IEEE1$IW$~IW$USESV6$~STKCKD$USESV7$~SHL$OTIME$ROPI$EBA8$UX$STANDARDLIB$REQ8$PRES8$EABIv2 0x00000000   Number         0  anon$$obj.o ABSOLUTE
    _printf_flags                            0x00000000   Number         0  printf_stubs.o ABSOLUTE
    _printf_return_value                     0x00000000   Number         0  printf_stubs.o ABSOLUTE
    _printf_sizespec                         0x00000000   Number         0  printf_stubs.o ABSOLUTE
    _printf_widthprec                        0x00000000   Number         0  printf_stubs.o ABSOLUTE
    __ARM_exceptions_init                     - Undefined Weak Reference
    __alloca_initialize                       - Undefined Weak Reference
    __arm_preinit_                            - Undefined Weak Reference
    __cpp_initialize__aeabi_                  - Undefined Weak Reference
    __cxa_finalize                            - Undefined Weak Reference
    __rt_locale                               - Undefined Weak Reference
    __sigvec_lookup                           - Undefined Weak Reference
    __user_heap_extent                        - Undefined Weak Reference
    _atexit_init                              - Undefined Weak Reference
    _call_atexit_fns                          - Undefined Weak Reference
    _clock_init                               - Undefined Weak Reference
    _fp_trap_init                             - Undefined Weak Reference
    _fp_trap_shutdown                         - Undefined Weak Reference
    _get_lc_collate                           - Undefined Weak Reference
    _get_lc_ctype                             - Undefined Weak Reference
    _get_lc_monetary                          - Undefined Weak Reference
    _get_lc_numeric                           - Undefined Weak Reference
    _get_lc_time                              - Undefined Weak Reference
    _getenv_init                              - Undefined Weak Reference
    _handle_redirection                       - Undefined Weak Reference
    _initio                                   - Undefined Weak Reference
    _mutex_acquire                            - Undefined Weak Reference
    _mutex_free                               - Undefined Weak Reference
    _mutex_release                            - Undefined Weak Reference
    _printf_truncate_signed                   - Undefined Weak Reference
    _printf_truncate_unsigned                 - Undefined Weak Reference
    _rand_init                                - Undefined Weak Reference
    _signal_finish                            - Undefined Weak Reference
    _signal_init                              - Undefined Weak Reference
    _terminateio                              - Undefined Weak Reference
    __Vectors_Size                           0x00000188   Number         0  startup_stm32f407xx.o ABSOLUTE
    __Vectors                                0x20000000   Data           4  startup_stm32f407xx.o(RESET)
    __Vectors_End                            0x20000188   Data           0  startup_stm32f407xx.o(RESET)
    __main                                   0x20000189   Thumb Code     8  __main.o(!!!main)
    __scatterload                            0x20000191   Thumb Code     0  __scatter.o(!!!scatter)
    __scatterload_rt2                        0x20000191   Thumb Code    44  __scatter.o(!!!scatter)
    __scatterload_rt2_thumb_only             0x20000191   Thumb Code     0  __scatter.o(!!!scatter)
    __scatterload_null                       0x2000019f   Thumb Code     0  __scatter.o(!!!scatter)
    __scatterload_copy                       0x200001c5   Thumb Code    26  __scatter_copy.o(!!handler_copy)
    __scatterload_zeroinit                   0x200001e1   Thumb Code    28  __scatter_zi.o(!!handler_zi)
    _printf_i                                0x200001fd   Thumb Code     0  _printf_i.o(.ARM.Collect$$_printf_percent$$00000008)
    _printf_percent                          0x200001fd   Thumb Code     0  _printf_percent.o(.ARM.Collect$$_printf_percent$$00000000)
    _printf_d                                0x20000203   Thumb Code     0  _printf_d.o(.ARM.Collect$$_printf_percent$$00000009)
    _printf_x                                0x20000209   Thumb Code     0  _printf_x.o(.ARM.Collect$$_printf_percent$$0000000C)
    _printf_percent_end                      0x2000020f   Thumb Code     0  _printf_percent_end.o(.ARM.Collect$$_printf_percent$$00000017)
    __rt_lib_init                            0x20000213   Thumb Code     0  libinit.o(.ARM.Collect$$libinit$$00000000)
    __rt_lib_init_fp_1                       0x20000215   Thumb Code     0  libinit2.o(.ARM.Collect$$libinit$$00000001)
    __rt_lib_init_heap_2                     0x20000219   Thumb Code     0  libinit2.o(.ARM.Collect$$libinit$$00000005)
    __rt_lib_init_preinit_1                  0x20000219   Thumb Code     0  libinit2.o(.ARM.Collect$$libinit$$00000004)
    __rt_lib_init_alloca_1                   0x20000221   Thumb Code     0  libinit2.o(.ARM.Collect$$libinit$$0000002E)
    __rt_lib_init_argv_1                     0x20000221   Thumb Code     0  libinit2.o(.ARM.Collect$$libinit$$0000002C)
    __rt_lib_init_atexit_1                   0x20000221   Thumb Code     0  libinit2.o(.ARM.Collect$$libinit$$0000001B)
    __rt_lib_init_clock_1                    0x20000221   Thumb Code     0  libinit2.o(.ARM.Collect$$libinit$$00000021)
    __rt_lib_init_cpp_1                      0x20000221   Thumb Code     0  libinit2.o(.ARM.Collect$$libinit$$00000032)
    __rt_lib_init_exceptions_1               0x20000221   Thumb Code     0  libinit2.o(.ARM.Collect$$libinit$$00000030)
    __rt_lib_init_fp_trap_1                  0x20000221   Thumb Code     0  libinit2.o(.ARM.Collect$$libinit$$0000001F)
    __rt_lib_init_getenv_1                   0x20000221   Thumb Code     0  libinit2.o(.ARM.Collect$$libinit$$00000023)
    __rt_lib_init_heap_1                     0x20000221   Thumb Code     0  libinit2.o(.ARM.Collect$$libinit$$0000000A)
    __rt_lib_init_lc_collate_1               0x20000221   Thumb Code     0  libinit2.o(.ARM.Collect$$libinit$$00000011)
    __rt_lib_init_lc_ctype_1                 0x20000221   Thumb Code     0  libinit2.o(.ARM.Collect$$libinit$$00000013)
    __rt_lib_init_lc_monetary_1              0x20000221   Thumb Code     0  libinit2.o(.ARM.Collect$$libinit$$00000015)
    __rt_lib_init_lc_numeric_1               0x20000221   Thumb Code     0  libinit2.o(.ARM.Collect$$libinit$$00000017)
    __rt_lib_init_lc_time_1                  0x20000221   Thumb Code     0  libinit2.o(.ARM.Collect$$libinit$$00000019)
    __rt_lib_init_rand_1                     0x20000221   Thumb Code     0  libinit2.o(.ARM.Collect$$libinit$$0000000E)
    __rt_lib_init_return                     0x20000221   Thumb Code     0  libinit2.o(.ARM.Collect$$libinit$$00000033)
    __rt_lib_init_signal_1                   0x20000221   Thumb Code     0  libinit2.o(.ARM.Collect$$libinit$$0000001D)
    __rt_lib_init_stdio_1                    0x20000221   Thumb Code     0  libinit2.o(.ARM.Collect$$libinit$$00000025)
    __rt_lib_init_user_alloc_1               0x20000221   Thumb Code     0  libinit2.o(.ARM.Collect$$libinit$$0000000C)
    __rt_lib_shutdown                        0x20000223   Thumb Code     0  libshutdown.o(.ARM.Collect$$libshutdown$$00000000)
    __rt_lib_shutdown_cpp_1                  0x20000225   Thumb Code     0  libshutdown2.o(.ARM.Collect$$libshutdown$$00000002)
    __rt_lib_shutdown_fp_trap_1              0x20000225   Thumb Code     0  libshutdown2.o(.ARM.Collect$$libshutdown$$00000007)
    __rt_lib_shutdown_heap_1                 0x20000225   Thumb Code     0  libshutdown2.o(.ARM.Collect$$libshutdown$$0000000F)
    __rt_lib_shutdown_return                 0x20000225   Thumb Code     0  libshutdown2.o(.ARM.Collect$$libshutdown$$00000010)
    __rt_lib_shutdown_signal_1               0x20000225   Thumb Code     0  libshutdown2.o(.ARM.Collect$$libshutdown$$0000000A)
    __rt_lib_shutdown_stdio_1                0x20000225   Thumb Code     0  libshutdown2.o(.ARM.Collect$$libshutdown$$00000004)
    __rt_lib_shutdown_user_alloc_1           0x20000225   Thumb Code     0  libshutdown2.o(.ARM.Collect$$libshutdown$$0000000C)
    __rt_entry                               0x20000227   Thumb Code     0  __rtentry.o(.ARM.Collect$$rtentry$$00000000)
    __rt_entry_presh_1                       0x20000227   Thumb Code     0  __rtentry2.o(.ARM.Collect$$rtentry$$00000002)
    __rt_entry_sh                            0x20000227   Thumb Code     0  __rtentry4.o(.ARM.Collect$$rtentry$$00000004)
    __rt_entry_li                            0x2000022d   Thumb Code     0  __rtentry2.o(.ARM.Collect$$rtentry$$0000000A)
    __rt_entry_postsh_1                      0x2000022d   Thumb Code     0  __rtentry2.o(.ARM.Collect$$rtentry$$00000009)
    __rt_entry_main                          0x20000231   Thumb Code     0  __rtentry2.o(.ARM.Collect$$rtentry$$0000000D)
    __rt_entry_postli_1                      0x20000231   Thumb Code     0  __rtentry2.o(.ARM.Collect$$rtentry$$0000000C)
    __rt_exit                                0x20000239   Thumb Code     0  rtexit.o(.ARM.Collect$$rtexit$$00000000)
    __rt_exit_ls                             0x2000023b   Thumb Code     0  rtexit2.o(.ARM.Collect$$rtexit$$00000003)
    __rt_exit_prels_1                        0x2000023b   Thumb Code     0  rtexit2.o(.ARM.Collect$$rtexit$$00000002)
    __rt_exit_exit                           0x2000023f   Thumb Code     0  rtexit2.o(.ARM.Collect$$rtexit$$00000004)
    Reset_Handler                            0x20000245   Thumb Code     8  startup_stm32f407xx.o(.text)
    NMI_Handler                              0x2000024d   Thumb Code     2  startup_stm32f407xx.o(.text)
    HardFault_Handler                        0x2000024f   Thumb Code     2  startup_stm32f407xx.o(.text)
    MemManage_Handler                        0x20000251   Thumb Code     2  startup_stm32f407xx.o(.text)
    BusFault_Handler                         0x20000253   Thumb Code     2  startup_stm32f407xx.o(.text)
    UsageFault_Handler                       0x20000255   Thumb Code     2  startup_stm32f407xx.o(.text)
    SVC_Handler                              0x20000257   Thumb Code     2  startup_stm32f407xx.o(.text)
    DebugMon_Handler                         0x20000259   Thumb Code     2  startup_stm32f407xx.o(.text)
    PendSV_Handler                           0x2000025b   Thumb Code     2  startup_stm32f407xx.o(.text)
    ADC_IRQHandler                           0x2000025f   Thumb Code     0  startup_stm32f407xx.o(.text)
    CAN1_RX0_IRQHandler                      0x2000025f   Thumb Code     0  startup_stm32f407xx.o(.text)
    CAN1_RX1_IRQHandler                      0x2000025f   Thumb Code     0  startup_stm32f407xx.o(.text)
    CAN1_SCE_IRQHandler                      0x2000025f   Thumb Code     0  startup_stm32f407xx.o(.text)
    CAN1_TX_IRQHandler                       0x2000025f   Thumb Code     0  startup_stm32f407xx.o(.text)
    CAN2_RX0_IRQHandler                      0x2000025f   Thumb Code     0  startup_stm32f407xx.o(.text)
    CAN2_RX1_IRQHandler                      0x2000025f   Thumb Code     0  startup_stm32f407xx.o(.text)
    CAN2_SCE_IRQHandler                      0x2000025f   Thumb Code     0  startup_stm32f407xx.o(.text)
    CAN2_TX_IRQHandler                       0x2000025f   Thumb Code     0  startup_stm32f407xx.o(.text)
    DCMI_IRQHandler                          0x2000025f   Thumb Code     0  startup_stm32f407xx.o(.text)
    DMA1_Stream0_IRQHandler                  0x2000025f   Thumb Code     0  startup_stm32f407xx.o(.text)
    DMA1_Stream1_IRQHandler                  0x2000025f   Thumb Code     0  startup_stm32f407xx.o(.text)
    DMA1_Stream2_IRQHandler                  0x2000025f   Thumb Code     0  startup_stm32f407xx.o(.text)
    DMA1_Stream3_IRQHandler                  0x2000025f   Thumb Code     0  startup_stm32f407xx.o(.text)
    DMA1_Stream4_IRQHandler                  0x2000025f   Thumb Code     0  startup_stm32f407xx.o(.text)
    DMA1_Stream5_IRQHandler                  0x2000025f   Thumb Code     0  startup_stm32f407xx.o(.text)
    DMA1_Stream6_IRQHandler                  0x2000025f   Thumb Code     0  startup_stm32f407xx.o(.text)
    DMA1_Stream7_IRQHandler                  0x2000025f   Thumb Code     0  startup_stm32f407xx.o(.text)
    DMA2_Stream0_IRQHandler                  0x2000025f   Thumb Code     0  startup_stm32f407xx.o(.text)
    DMA2_Stream1_IRQHandler                  0x2000025f   Thumb Code     0  startup_stm32f407xx.o(.text)
    DMA2_Stream2_IRQHandler                  0x2000025f   Thumb Code     0  startup_stm32f407xx.o(.text)
    DMA2_Stream3_IRQHandler                  0x2000025f   Thumb Code     0  startup_stm32f407xx.o(.text)
    DMA2_Stream4_IRQHandler                  0x2000025f   Thumb Code     0  startup_stm32f407xx.o(.text)
    DMA2_Stream5_IRQHandler                  0x2000025f   Thumb Code     0  startup_stm32f407xx.o(.text)
    DMA2_Stream6_IRQHandler                  0x2000025f   Thumb Code     0  startup_stm32f407xx.o(.text)
    DMA2_Stream7_IRQHandler                  0x2000025f   Thumb Code     0  startup_stm32f407xx.o(.text)
    ETH_IRQHandler                           0x2000025f   Thumb Code     0  startup_stm32f407xx.o(.text)
    ETH_WKUP_IRQHandler                      0x2000025f   Thumb Code     0  startup_stm32f407xx.o(.text)
    EXTI15_10_IRQHandler                     0x2000025f   Thumb Code     0  startup_stm32f407xx.o(.text)
    EXTI1_IRQHandler                         0x2000025f   Thumb Code     0  startup_stm32f407xx.o(.text)
    EXTI2_IRQHandler                         0x2000025f   Thumb Code     0  startup_stm32f407xx.o(.text)
    EXTI3_IRQHandler                         0x2000025f   Thumb Code     0  startup_stm32f407xx.o(.text)
    EXTI4_IRQHandler                         0x2000025f   Thumb Code     0  startup_stm32f407xx.o(.text)
    EXTI9_5_IRQHandler                       0x2000025f   Thumb Code     0  startup_stm32f407xx.o(.text)
    FLASH_IRQHandler                         0x2000025f   Thumb Code     0  startup_stm32f407xx.o(.text)
    FMC_IRQHandler                           0x2000025f   Thumb Code     0  startup_stm32f407xx.o(.text)
    FPU_IRQHandler                           0x2000025f   Thumb Code     0  startup_stm32f407xx.o(.text)
    HASH_RNG_IRQHandler                      0x2000025f   Thumb Code     0  startup_stm32f407xx.o(.text)
    I2C1_ER_IRQHandler                       0x2000025f   Thumb Code     0  startup_stm32f407xx.o(.text)
    I2C1_EV_IRQHandler                       0x2000025f   Thumb Code     0  startup_stm32f407xx.o(.text)
    I2C2_ER_IRQHandler                       0x2000025f   Thumb Code     0  startup_stm32f407xx.o(.text)
    I2C2_EV_IRQHandler                       0x2000025f   Thumb Code     0  startup_stm32f407xx.o(.text)
    I2C3_ER_IRQHandler                       0x2000025f   Thumb Code     0  startup_stm32f407xx.o(.text)
    I2C3_EV_IRQHandler                       0x2000025f   Thumb Code     0  startup_stm32f407xx.o(.text)
    OTG_FS_IRQHandler                        0x2000025f   Thumb Code     0  startup_stm32f407xx.o(.text)
    OTG_FS_WKUP_IRQHandler                   0x2000025f   Thumb Code     0  startup_stm32f407xx.o(.text)
    OTG_HS_EP1_IN_IRQHandler                 0x2000025f   Thumb Code     0  startup_stm32f407xx.o(.text)
    OTG_HS_EP1_OUT_IRQHandler                0x2000025f   Thumb Code     0  startup_stm32f407xx.o(.text)
    OTG_HS_IRQHandler                        0x2000025f   Thumb Code     0  startup_stm32f407xx.o(.text)
    OTG_HS_WKUP_IRQHandler                   0x2000025f   Thumb Code     0  startup_stm32f407xx.o(.text)
    PVD_IRQHandler                           0x2000025f   Thumb Code     0  startup_stm32f407xx.o(.text)
    RCC_IRQHandler                           0x2000025f   Thumb Code     0  startup_stm32f407xx.o(.text)
    RTC_Alarm_IRQHandler                     0x2000025f   Thumb Code     0  startup_stm32f407xx.o(.text)
    RTC_WKUP_IRQHandler                      0x2000025f   Thumb Code     0  startup_stm32f407xx.o(.text)
    SDIO_IRQHandler                          0x2000025f   Thumb Code     0  startup_stm32f407xx.o(.text)
    SPI1_IRQHandler                          0x2000025f   Thumb Code     0  startup_stm32f407xx.o(.text)
    SPI2_IRQHandler                          0x2000025f   Thumb Code     0  startup_stm32f407xx.o(.text)
    SPI3_IRQHandler                          0x2000025f   Thumb Code     0  startup_stm32f407xx.o(.text)
    TAMP_STAMP_IRQHandler                    0x2000025f   Thumb Code     0  startup_stm32f407xx.o(.text)
    TIM1_BRK_TIM9_IRQHandler                 0x2000025f   Thumb Code     0  startup_stm32f407xx.o(.text)
    TIM1_CC_IRQHandler                       0x2000025f   Thumb Code     0  startup_stm32f407xx.o(.text)
    TIM1_TRG_COM_TIM11_IRQHandler            0x2000025f   Thumb Code     0  startup_stm32f407xx.o(.text)
    TIM1_UP_TIM10_IRQHandler                 0x2000025f   Thumb Code     0  startup_stm32f407xx.o(.text)
    TIM2_IRQHandler                          0x2000025f   Thumb Code     0  startup_stm32f407xx.o(.text)
    TIM3_IRQHandler                          0x2000025f   Thumb Code     0  startup_stm32f407xx.o(.text)
    TIM4_IRQHandler                          0x2000025f   Thumb Code     0  startup_stm32f407xx.o(.text)
    TIM5_IRQHandler                          0x2000025f   Thumb Code     0  startup_stm32f407xx.o(.text)
    TIM6_DAC_IRQHandler                      0x2000025f   Thumb Code     0  startup_stm32f407xx.o(.text)
    TIM7_IRQHandler                          0x2000025f   Thumb Code     0  startup_stm32f407xx.o(.text)
    TIM8_BRK_TIM12_IRQHandler                0x2000025f   Thumb Code     0  startup_stm32f407xx.o(.text)
    TIM8_CC_IRQHandler                       0x2000025f   Thumb Code     0  startup_stm32f407xx.o(.text)
    TIM8_TRG_COM_TIM14_IRQHandler            0x2000025f   Thumb Code     0  startup_stm32f407xx.o(.text)
    TIM8_UP_TIM13_IRQHandler                 0x2000025f   Thumb Code     0  startup_stm32f407xx.o(.text)
    UART4_IRQHandler                         0x2000025f   Thumb Code     0  startup_stm32f407xx.o(.text)
    UART5_IRQHandler                         0x2000025f   Thumb Code     0  startup_stm32f407xx.o(.text)
    USART1_IRQHandler                        0x2000025f   Thumb Code     0  startup_stm32f407xx.o(.text)
    USART2_IRQHandler                        0x2000025f   Thumb Code     0  startup_stm32f407xx.o(.text)
    USART3_IRQHandler                        0x2000025f   Thumb Code     0  startup_stm32f407xx.o(.text)
    USART6_IRQHandler                        0x2000025f   Thumb Code     0  startup_stm32f407xx.o(.text)
    WWDG_IRQHandler                          0x2000025f   Thumb Code     0  startup_stm32f407xx.o(.text)
    __user_initial_stackheap                 0x20000261   Thumb Code     0  startup_stm32f407xx.o(.text)
    malloc                                   0x20000285   Thumb Code    94  h1_alloc.o(.text)
    free                                     0x200002e3   Thumb Code    78  h1_free.o(.text)
    __2sprintf                               0x20000331   Thumb Code    34  noretval__2sprintf.o(.text)
    _printf_pre_padding                      0x20000359   Thumb Code    44  _printf_pad.o(.text)
    _printf_post_padding                     0x20000385   Thumb Code    34  _printf_pad.o(.text)
    _printf_int_dec                          0x200003a9   Thumb Code   104  _printf_dec.o(.text)
    _printf_int_hex                          0x20000421   Thumb Code    84  _printf_hex_int.o(.text)
    _printf_longlong_hex                     0x20000421   Thumb Code     0  _printf_hex_int.o(.text)
    __printf                                 0x20000479   Thumb Code   308  __printf_flags_wp.o(.text)
    __aeabi_memcpy                           0x200005b1   Thumb Code     0  rt_memcpy_v6.o(.text)
    __rt_memcpy                              0x200005b1   Thumb Code   138  rt_memcpy_v6.o(.text)
    _memcpy_lastbytes                        0x20000617   Thumb Code     0  rt_memcpy_v6.o(.text)
    __aeabi_memclr4                          0x2000063b   Thumb Code     0  rt_memclr_w.o(.text)
    __aeabi_memclr8                          0x2000063b   Thumb Code     0  rt_memclr_w.o(.text)
    __rt_memclr_w                            0x2000063b   Thumb Code    78  rt_memclr_w.o(.text)
    _memset_w                                0x2000063f   Thumb Code     0  rt_memclr_w.o(.text)
    __use_two_region_memory                  0x20000689   Thumb Code     2  heapauxi.o(.text)
    __rt_heap_escrow                         0x2000068b   Thumb Code     2  heapauxi.o(.text)
    __rt_heap_expand                         0x2000068d   Thumb Code     2  heapauxi.o(.text)
    __rt_heap_descriptor                     0x20000691   Thumb Code     8  rt_heap_descriptor_intlibspace.o(.text)
    __use_no_heap                            0x20000699   Thumb Code     2  hguard.o(.text)
    __heap$guard                             0x2000069b   Thumb Code     2  hguard.o(.text)
    _terminate_user_alloc                    0x2000069d   Thumb Code     2  init_alloc.o(.text)
    _init_user_alloc                         0x2000069f   Thumb Code     2  init_alloc.o(.text)
    __Heap_Full                              0x200006a1   Thumb Code    34  init_alloc.o(.text)
    __Heap_Broken                            0x200006c3   Thumb Code     6  init_alloc.o(.text)
    _init_alloc                              0x200006c9   Thumb Code    94  init_alloc.o(.text)
    __Heap_Initialize                        0x20000727   Thumb Code    10  h1_init.o(.text)
    __Heap_DescSize                          0x20000731   Thumb Code     4  h1_init.o(.text)
    _printf_int_common                       0x20000735   Thumb Code   178  _printf_intcommon.o(.text)
    _printf_char_common                      0x200007f3   Thumb Code    32  _printf_char_common.o(.text)
    _sputc                                   0x20000819   Thumb Code    10  _sputc.o(.text)
    __aeabi_memcpy4                          0x20000823   Thumb Code     0  rt_memcpy_w.o(.text)
    __aeabi_memcpy8                          0x20000823   Thumb Code     0  rt_memcpy_w.o(.text)
    __rt_memcpy_w                            0x20000823   Thumb Code   100  rt_memcpy_w.o(.text)
    _memcpy_lastbytes_aligned                0x2000086b   Thumb Code     0  rt_memcpy_w.o(.text)
    __user_libspace                          0x20000889   Thumb Code     8  libspace.o(.text)
    __user_perproc_libspace                  0x20000889   Thumb Code     0  libspace.o(.text)
    __user_perthread_libspace                0x20000889   Thumb Code     0  libspace.o(.text)
    __Heap_ProvideMemory                     0x20000891   Thumb Code    52  h1_extend.o(.text)
    _maybe_terminate_alloc                   0x20000891   Thumb Code     0  maybetermalloc1.o(.text)
    __rt_SIGRTMEM                            0x200008c5   Thumb Code    14  defsig_rtmem_outer.o(.text)
    __I$use$semihosting                      0x200008d3   Thumb Code     0  use_no_semi.o(.text)
    __use_no_semihosting_swi                 0x200008d3   Thumb Code     2  use_no_semi.o(.text)
    __semihosting_library_function           0x200008d5   Thumb Code     0  indicate_semi.o(.text)
    __user_setup_stackheap                   0x200008d5   Thumb Code    74  sys_stackheap_outer.o(.text)
    exit                                     0x2000091f   Thumb Code    18  exit.o(.text)
    __sig_exit                               0x20000931   Thumb Code    10  defsig_exit.o(.text)
    __rt_SIGRTMEM_inner                      0x2000093d   Thumb Code    22  defsig_rtmem_inner.o(.text)
    _sys_exit                                0x2000098d   Thumb Code     8  sys_exit.o(.text)
    __default_signal_display                 0x20000999   Thumb Code    50  defsig_general.o(.text)
    _ttywrch                                 0x200009cb   Thumb Code    14  sys_wrch.o(.text)
    Debounce                                 0x200009d9   Thumb Code    80  user_defined.o(.text.Debounce)
    EXTI0_IRQHandler                         0x20000a29   Thumb Code    76  user_defined.o(.text.EXTI0_IRQHandler)
    FLASH_check_BUSY_bit                     0x20000a75   Thumb Code    48  user_defined.o(.text.FLASH_check_BUSY_bit)
    FSMC_NORSRAM_Extended_Timing_Init        0x20000aa5   Thumb Code    56  stm32f4xx_fsmc.o(.text.FSMC_NORSRAM_Extended_Timing_Init)
    FSMC_NORSRAM_Init                        0x20000add   Thumb Code   116  stm32f4xx_fsmc.o(.text.FSMC_NORSRAM_Init)
    FSMC_NORSRAM_Timing_Init                 0x20000b51   Thumb Code    60  stm32f4xx_fsmc.o(.text.FSMC_NORSRAM_Timing_Init)
    Flash_Erase_for_Write                    0x20000b8d   Thumb Code   312  fpec_exercise.o(.text.Flash_Erase_for_Write)
    GLCD_Value                               0x20000cc5   Thumb Code    40  main_jpeg.o(.text.GLCD_Value)
    HAL_RCC_GetSysClockFreq                  0x20000e61   Thumb Code    80  hardwaresystem_ini.o(.text.HAL_RCC_GetSysClockFreq)
    HoldCheck_per_4ms                        0x20000eb1   Thumb Code    44  user_defined.o(.text.HoldCheck_per_4ms)
    ILI9328                                  0x20000edd   Thumb Code   476  stm324xg_lcd_ili9328.o(.text.ILI9328)
    LCD_Clear                                0x200010b9   Thumb Code    48  stm324xg_lcd_ili9328.o(.text.LCD_Clear)
    LCD_DisplayDevID                         0x200010e9   Thumb Code    60  stm324xg_lcd_ili9328.o(.text.LCD_DisplayDevID)
    LCD_DisplayStringAt                      0x20001125   Thumb Code   104  stm324xg_lcd_ili9328.o(.text.LCD_DisplayStringAt)
    LCD_DisplayStringLineCol                 0x2000118d   Thumb Code    28  stm324xg_lcd_ili9328.o(.text.LCD_DisplayStringLineCol)
    LCD_DrawJPG                              0x20001289   Thumb Code   276  tjpgd_user.o(.text.LCD_DrawJPG)
    LCD_DrawRGBImage                         0x2000139d   Thumb Code   104  stm324xg_lcd_ili9328.o(.text.LCD_DrawRGBImage)
    LCD_FSMCConfig                           0x20001405   Thumb Code   164  stm324xg_lcd_ili9328.o(.text.LCD_FSMCConfig)
    LCD_Init                                 0x200014a9   Thumb Code   180  stm324xg_lcd_ili9328.o(.text.LCD_Init)
    LCD_OpenWin                              0x2000155d   Thumb Code    92  stm324xg_lcd_ili9328.o(.text.LCD_OpenWin)
    LCD_ReadRGBImage                         0x200015b9   Thumb Code   180  stm324xg_lcd_ili9328.o(.text.LCD_ReadRGBImage)
    LCD_RestoreColors                        0x2000166d   Thumb Code    16  stm324xg_lcd_ili9328.o(.text.LCD_RestoreColors)
    LCD_RestoreFont                          0x2000167d   Thumb Code     8  stm324xg_lcd_ili9328.o(.text.LCD_RestoreFont)
    LCD_SaveColors                           0x20001685   Thumb Code    16  stm324xg_lcd_ili9328.o(.text.LCD_SaveColors)
    LCD_SaveFont                             0x20001695   Thumb Code    12  stm324xg_lcd_ili9328.o(.text.LCD_SaveFont)
    LCD_SetBackColor                         0x200016a1   Thumb Code    20  stm324xg_lcd_ili9328.o(.text.LCD_SetBackColor)
    LCD_SetColors                            0x200016b5   Thumb Code    32  stm324xg_lcd_ili9328.o(.text.LCD_SetColors)
    LCD_SetFont                              0x200016d5   Thumb Code    28  stm324xg_lcd_ili9328.o(.text.LCD_SetFont)
    LCD_SetTextColor                         0x200016f1   Thumb Code    24  stm324xg_lcd_ili9328.o(.text.LCD_SetTextColor)
    SysTick_Handler                          0x20001709   Thumb Code    44  user_defined.o(.text.SysTick_Handler)
    SystemInit                               0x20001735   Thumb Code    16  hardwaresystem_ini.o(.text.SystemInit)
    User_FLASH_SectorErase                   0x20001745   Thumb Code   108  user_defined.o(.text.User_FLASH_SectorErase)
    User_FLASH_beforeWRITE                   0x200017b1   Thumb Code    36  user_defined.o(.text.User_FLASH_beforeWRITE)
    Wait_PressPA0                            0x200017d5   Thumb Code    48  main_jpeg.o(.text.Wait_PressPA0)
    delay_ms                                 0x200018cd   Thumb Code    20  user_defined.o(.text.delay_ms)
    get_JPG_error_code                       0x200018e1   Thumb Code    12  tjpgd_user.o(.text.get_JPG_error_code)
    get_scale                                0x200018ed   Thumb Code    68  tjpgd_user.o(.text.get_scale)
    in_func                                  0x20001a07   Thumb Code    30  tjpgd_user.o(.text.in_func)
    jd_decomp                                0x20001a25   Thumb Code  1944  tjpgd.o(.text.jd_decomp)
    jd_prepare                               0x200021bd   Thumb Code  1124  tjpgd.o(.text.jd_prepare)
    main                                     0x20002621   Thumb Code   488  main_jpeg.o(.text.main)
    out_func                                 0x20002861   Thumb Code    52  tjpgd_user.o(.text.out_func)
    save_RGBimage_in_flash                   0x20002895   Thumb Code   244  main_jpeg.o(.text.save_RGBimage_in_flash)
    stm32f4_GPIO_Init                        0x20002989   Thumb Code    84  gpio_ini.o(.text.stm32f4_GPIO_Init)
    stm32f4_Hardware_Init                    0x200029dd   Thumb Code   220  hardwaresystem_ini.o(.text.stm32f4_Hardware_Init)
    _is_digit                                0x20002ab9   Thumb Code    14  __printf_wp.o(i._is_digit)
    _fp_init                                 0x20002ac7   Thumb Code    26  fpinit.o(x$fpl$fpinit)
    __fplib_config_fpu_vfp                   0x20002adf   Thumb Code     0  fpinit.o(x$fpl$fpinit)
    __fplib_config_pureend_doubles           0x20002adf   Thumb Code     0  fpinit.o(x$fpl$fpinit)
    Font16_Table                             0x20002f19   Data        3040  stm324xg_lcd_ili9328.o(.rodata.Font16_Table)
    Font20_Table                             0x20003af9   Data        3800  stm324xg_lcd_ili9328.o(.rodata.Font20_Table)
    Region$$Table$$Base                      0x20004ad8   Number         0  anon$$obj.o(Region$$Table)
    Region$$Table$$Limit                     0x20004af8   Number         0  anon$$obj.o(Region$$Table)
    Font20                                   0x20010008   Data           8  stm324xg_lcd_ili9328.o(.data..L_MergedGlobals)
    Font16                                   0x20010010   Data           8  stm324xg_lcd_ili9328.o(.data.Font16)
    __libspace_start                         0x20010018   Data          96  libspace.o(.bss)
    SYS_Freq                                 0x20010078   Data           4  hardwaresystem_ini.o(.bss..L_MergedGlobals)
    __temporary_stack_top$libspace           0x20010078   Data           0  libspace.o(.bss)
    HCLK_Freq                                0x2001007c   Data           4  hardwaresystem_ini.o(.bss..L_MergedGlobals)
    PCLK1_Freq                               0x20010080   Data           4  hardwaresystem_ini.o(.bss..L_MergedGlobals)
    PCLK2_Freq                               0x20010084   Data           4  hardwaresystem_ini.o(.bss..L_MergedGlobals)
    trig_PASS                                0x20010088   Data           1  user_defined.o(.bss..L_MergedGlobals)
    trig_status                              0x20010089   Data           1  user_defined.o(.bss..L_MergedGlobals)
    msTick                                   0x2001008c   Data           4  user_defined.o(.bss..L_MergedGlobals)
    HoldRequestTime                          0x20010090   Data           4  user_defined.o(.bss..L_MergedGlobals)
    MyCounts                                 0x20010094   Data           4  user_defined.o(.bss..L_MergedGlobals)
    debState                                 0x20010098   Data          16  user_defined.o(.bss..L_MergedGlobals)
    waitCnt                                  0x200100a8   Data          16  user_defined.o(.bss..L_MergedGlobals)
    LCDwindow                                0x200100b8   Data           8  tjpgd_user.o(.bss..L_MergedGlobals)
    text                                     0x200100c0   Data          64  tjpgd_user.o(.bss..L_MergedGlobals)
    lcd_id                                   0x20010100   Data           2  stm324xg_lcd_ili9328.o(.bss..L_MergedGlobals.7)
    ltColor                                  0x20010108   Data           2  stm324xg_lcd_ili9328.o(.bss..L_MergedGlobals.7)
    lbColor                                  0x2001010a   Data           2  stm324xg_lcd_ili9328.o(.bss..L_MergedGlobals.7)
    GPIO_backlight                           0x20010110   Data           4  stm324xg_lcd_ili9328.o(.bss..L_MergedGlobals.7)
    GPIO_reset                               0x20010114   Data           4  stm324xg_lcd_ili9328.o(.bss..L_MergedGlobals.7)
    lFont                                    0x20010118   Data           4  stm324xg_lcd_ili9328.o(.bss..L_MergedGlobals.7)
    GRAM_mode                                0x2001011c   Data           2  stm324xg_lcd_ili9328.o(.bss.GRAM_mode)



==============================================================================

Memory Map of the image

  Image Entry point : 0x20000189

  Load Region LR_IROM1 (Base: 0x20000000, Size: 0x00004b10, Max: 0x00010000, ABSOLUTE)

    Execution Region ER_IROM1 (Exec base: 0x20000000, Load base: 0x20000000, Size: 0x00004af8, Max: 0x00010000, ABSOLUTE)

    Exec Addr    Load Addr    Size         Type   Attr      Idx    E Section Name        Object

    0x20000000   0x20000000   0x00000188   Data   RO          320    RESET               startup_stm32f407xx.o
    0x20000188   0x20000188   0x00000008   Code   RO          467  * !!!main             c_w.l(__main.o)
    0x20000190   0x20000190   0x00000034   Code   RO          683    !!!scatter          c_w.l(__scatter.o)
    0x200001c4   0x200001c4   0x0000001a   Code   RO          685    !!handler_copy      c_w.l(__scatter_copy.o)
    0x200001de   0x200001de   0x00000002   PAD
    0x200001e0   0x200001e0   0x0000001c   Code   RO          687    !!handler_zi        c_w.l(__scatter_zi.o)
    0x200001fc   0x200001fc   0x00000000   Code   RO          460    .ARM.Collect$$_printf_percent$$00000000  c_w.l(_printf_percent.o)
    0x200001fc   0x200001fc   0x00000006   Code   RO          458    .ARM.Collect$$_printf_percent$$00000008  c_w.l(_printf_i.o)
    0x20000202   0x20000202   0x00000006   Code   RO          459    .ARM.Collect$$_printf_percent$$00000009  c_w.l(_printf_d.o)
    0x20000208   0x20000208   0x00000006   Code   RO          457    .ARM.Collect$$_printf_percent$$0000000C  c_w.l(_printf_x.o)
    0x2000020e   0x2000020e   0x00000004   Code   RO          501    .ARM.Collect$$_printf_percent$$00000017  c_w.l(_printf_percent_end.o)
    0x20000212   0x20000212   0x00000002   Code   RO          618    .ARM.Collect$$libinit$$00000000  c_w.l(libinit.o)
    0x20000214   0x20000214   0x00000004   Code   RO          506    .ARM.Collect$$libinit$$00000001  c_w.l(libinit2.o)
    0x20000218   0x20000218   0x00000000   Code   RO          509    .ARM.Collect$$libinit$$00000004  c_w.l(libinit2.o)
    0x20000218   0x20000218   0x00000008   Code   RO          510    .ARM.Collect$$libinit$$00000005  c_w.l(libinit2.o)
    0x20000220   0x20000220   0x00000000   Code   RO          512    .ARM.Collect$$libinit$$0000000A  c_w.l(libinit2.o)
    0x20000220   0x20000220   0x00000000   Code   RO          514    .ARM.Collect$$libinit$$0000000C  c_w.l(libinit2.o)
    0x20000220   0x20000220   0x00000000   Code   RO          516    .ARM.Collect$$libinit$$0000000E  c_w.l(libinit2.o)
    0x20000220   0x20000220   0x00000000   Code   RO          519    .ARM.Collect$$libinit$$00000011  c_w.l(libinit2.o)
    0x20000220   0x20000220   0x00000000   Code   RO          521    .ARM.Collect$$libinit$$00000013  c_w.l(libinit2.o)
    0x20000220   0x20000220   0x00000000   Code   RO          523    .ARM.Collect$$libinit$$00000015  c_w.l(libinit2.o)
    0x20000220   0x20000220   0x00000000   Code   RO          525    .ARM.Collect$$libinit$$00000017  c_w.l(libinit2.o)
    0x20000220   0x20000220   0x00000000   Code   RO          527    .ARM.Collect$$libinit$$00000019  c_w.l(libinit2.o)
    0x20000220   0x20000220   0x00000000   Code   RO          529    .ARM.Collect$$libinit$$0000001B  c_w.l(libinit2.o)
    0x20000220   0x20000220   0x00000000   Code   RO          531    .ARM.Collect$$libinit$$0000001D  c_w.l(libinit2.o)
    0x20000220   0x20000220   0x00000000   Code   RO          533    .ARM.Collect$$libinit$$0000001F  c_w.l(libinit2.o)
    0x20000220   0x20000220   0x00000000   Code   RO          535    .ARM.Collect$$libinit$$00000021  c_w.l(libinit2.o)
    0x20000220   0x20000220   0x00000000   Code   RO          537    .ARM.Collect$$libinit$$00000023  c_w.l(libinit2.o)
    0x20000220   0x20000220   0x00000000   Code   RO          539    .ARM.Collect$$libinit$$00000025  c_w.l(libinit2.o)
    0x20000220   0x20000220   0x00000000   Code   RO          543    .ARM.Collect$$libinit$$0000002C  c_w.l(libinit2.o)
    0x20000220   0x20000220   0x00000000   Code   RO          545    .ARM.Collect$$libinit$$0000002E  c_w.l(libinit2.o)
    0x20000220   0x20000220   0x00000000   Code   RO          547    .ARM.Collect$$libinit$$00000030  c_w.l(libinit2.o)
    0x20000220   0x20000220   0x00000000   Code   RO          549    .ARM.Collect$$libinit$$00000032  c_w.l(libinit2.o)
    0x20000220   0x20000220   0x00000002   Code   RO          550    .ARM.Collect$$libinit$$00000033  c_w.l(libinit2.o)
    0x20000222   0x20000222   0x00000002   Code   RO          680    .ARM.Collect$$libshutdown$$00000000  c_w.l(libshutdown.o)
    0x20000224   0x20000224   0x00000000   Code   RO          634    .ARM.Collect$$libshutdown$$00000002  c_w.l(libshutdown2.o)
    0x20000224   0x20000224   0x00000000   Code   RO          636    .ARM.Collect$$libshutdown$$00000004  c_w.l(libshutdown2.o)
    0x20000224   0x20000224   0x00000000   Code   RO          639    .ARM.Collect$$libshutdown$$00000007  c_w.l(libshutdown2.o)
    0x20000224   0x20000224   0x00000000   Code   RO          642    .ARM.Collect$$libshutdown$$0000000A  c_w.l(libshutdown2.o)
    0x20000224   0x20000224   0x00000000   Code   RO          644    .ARM.Collect$$libshutdown$$0000000C  c_w.l(libshutdown2.o)
    0x20000224   0x20000224   0x00000000   Code   RO          647    .ARM.Collect$$libshutdown$$0000000F  c_w.l(libshutdown2.o)
    0x20000224   0x20000224   0x00000002   Code   RO          648    .ARM.Collect$$libshutdown$$00000010  c_w.l(libshutdown2.o)
    0x20000226   0x20000226   0x00000000   Code   RO          471    .ARM.Collect$$rtentry$$00000000  c_w.l(__rtentry.o)
    0x20000226   0x20000226   0x00000000   Code   RO          559    .ARM.Collect$$rtentry$$00000002  c_w.l(__rtentry2.o)
    0x20000226   0x20000226   0x00000006   Code   RO          571    .ARM.Collect$$rtentry$$00000004  c_w.l(__rtentry4.o)
    0x2000022c   0x2000022c   0x00000000   Code   RO          561    .ARM.Collect$$rtentry$$00000009  c_w.l(__rtentry2.o)
    0x2000022c   0x2000022c   0x00000004   Code   RO          562    .ARM.Collect$$rtentry$$0000000A  c_w.l(__rtentry2.o)
    0x20000230   0x20000230   0x00000000   Code   RO          564    .ARM.Collect$$rtentry$$0000000C  c_w.l(__rtentry2.o)
    0x20000230   0x20000230   0x00000008   Code   RO          565    .ARM.Collect$$rtentry$$0000000D  c_w.l(__rtentry2.o)
    0x20000238   0x20000238   0x00000002   Code   RO          623    .ARM.Collect$$rtexit$$00000000  c_w.l(rtexit.o)
    0x2000023a   0x2000023a   0x00000000   Code   RO          654    .ARM.Collect$$rtexit$$00000002  c_w.l(rtexit2.o)
    0x2000023a   0x2000023a   0x00000004   Code   RO          655    .ARM.Collect$$rtexit$$00000003  c_w.l(rtexit2.o)
    0x2000023e   0x2000023e   0x00000006   Code   RO          656    .ARM.Collect$$rtexit$$00000004  c_w.l(rtexit2.o)
    0x20000244   0x20000244   0x00000040   Code   RO          321    .text               startup_stm32f407xx.o
    0x20000284   0x20000284   0x0000005e   Code   RO          348    .text               c_w.l(h1_alloc.o)
    0x200002e2   0x200002e2   0x0000004e   Code   RO          350    .text               c_w.l(h1_free.o)
    0x20000330   0x20000330   0x00000028   Code   RO          408    .text               c_w.l(noretval__2sprintf.o)
    0x20000358   0x20000358   0x0000004e   Code   RO          412    .text               c_w.l(_printf_pad.o)
    0x200003a6   0x200003a6   0x00000002   PAD
    0x200003a8   0x200003a8   0x00000078   Code   RO          414    .text               c_w.l(_printf_dec.o)
    0x20000420   0x20000420   0x00000058   Code   RO          419    .text               c_w.l(_printf_hex_int.o)
    0x20000478   0x20000478   0x00000138   Code   RO          449    .text               c_w.l(__printf_flags_wp.o)
    0x200005b0   0x200005b0   0x0000008a   Code   RO          461    .text               c_w.l(rt_memcpy_v6.o)
    0x2000063a   0x2000063a   0x0000004e   Code   RO          463    .text               c_w.l(rt_memclr_w.o)
    0x20000688   0x20000688   0x00000006   Code   RO          465    .text               c_w.l(heapauxi.o)
    0x2000068e   0x2000068e   0x00000002   PAD
    0x20000690   0x20000690   0x00000008   Code   RO          475    .text               c_w.l(rt_heap_descriptor_intlibspace.o)
    0x20000698   0x20000698   0x00000004   Code   RO          477    .text               c_w.l(hguard.o)
    0x2000069c   0x2000069c   0x0000008a   Code   RO          479    .text               c_w.l(init_alloc.o)
    0x20000726   0x20000726   0x0000000e   Code   RO          483    .text               c_w.l(h1_init.o)
    0x20000734   0x20000734   0x000000b2   Code   RO          495    .text               c_w.l(_printf_intcommon.o)
    0x200007e6   0x200007e6   0x00000002   PAD
    0x200007e8   0x200007e8   0x00000030   Code   RO          497    .text               c_w.l(_printf_char_common.o)
    0x20000818   0x20000818   0x0000000a   Code   RO          499    .text               c_w.l(_sputc.o)
    0x20000822   0x20000822   0x00000064   Code   RO          502    .text               c_w.l(rt_memcpy_w.o)
    0x20000886   0x20000886   0x00000002   PAD
    0x20000888   0x20000888   0x00000008   Code   RO          555    .text               c_w.l(libspace.o)
    0x20000890   0x20000890   0x00000000   Code   RO          575    .text               c_w.l(maybetermalloc1.o)
    0x20000890   0x20000890   0x00000034   Code   RO          577    .text               c_w.l(h1_extend.o)
    0x200008c4   0x200008c4   0x0000000e   Code   RO          583    .text               c_w.l(defsig_rtmem_outer.o)
    0x200008d2   0x200008d2   0x00000002   Code   RO          594    .text               c_w.l(use_no_semi.o)
    0x200008d4   0x200008d4   0x00000000   Code   RO          596    .text               c_w.l(indicate_semi.o)
    0x200008d4   0x200008d4   0x0000004a   Code   RO          597    .text               c_w.l(sys_stackheap_outer.o)
    0x2000091e   0x2000091e   0x00000012   Code   RO          603    .text               c_w.l(exit.o)
    0x20000930   0x20000930   0x0000000a   Code   RO          605    .text               c_w.l(defsig_exit.o)
    0x2000093a   0x2000093a   0x00000002   PAD
    0x2000093c   0x2000093c   0x00000050   Code   RO          607    .text               c_w.l(defsig_rtmem_inner.o)
    0x2000098c   0x2000098c   0x0000000c   Code   RO          619    .text               c_w.l(sys_exit.o)
    0x20000998   0x20000998   0x00000032   Code   RO          631    .text               c_w.l(defsig_general.o)
    0x200009ca   0x200009ca   0x0000000e   Code   RO          649    .text               c_w.l(sys_wrch.o)
    0x200009d8   0x200009d8   0x00000050   Code   RO           44    .text.Debounce      user_defined.o
    0x20000a28   0x20000a28   0x0000004c   Code   RO           46    .text.EXTI0_IRQHandler  user_defined.o
    0x20000a74   0x20000a74   0x00000030   Code   RO           38    .text.FLASH_check_BUSY_bit  user_defined.o
    0x20000aa4   0x20000aa4   0x00000038   Code   RO           85    .text.FSMC_NORSRAM_Extended_Timing_Init  stm32f4xx_fsmc.o
    0x20000adc   0x20000adc   0x00000074   Code   RO           79    .text.FSMC_NORSRAM_Init  stm32f4xx_fsmc.o
    0x20000b50   0x20000b50   0x0000003c   Code   RO           83    .text.FSMC_NORSRAM_Timing_Init  stm32f4xx_fsmc.o
    0x20000b8c   0x20000b8c   0x00000138   Code   RO           69    .text.Flash_Erase_for_Write  fpec_exercise.o
    0x20000cc4   0x20000cc4   0x00000028   Code   RO          306    .text.GLCD_Value    main_jpeg.o
    0x20000cec   0x20000cec   0x000000e4   Code   RO          147    .text.GPIO_AF12PPhigh  stm324xg_lcd_ili9328.o
    0x20000dd0   0x20000dd0   0x00000090   Code   RO          145    .text.GPIO_outPPhigh  stm324xg_lcd_ili9328.o
    0x20000e60   0x20000e60   0x00000050   Code   RO            6    .text.HAL_RCC_GetSysClockFreq  hardwaresystem_ini.o
    0x20000eb0   0x20000eb0   0x0000002c   Code   RO           54    .text.HoldCheck_per_4ms  user_defined.o
    0x20000edc   0x20000edc   0x000001dc   Code   RO          141    .text.ILI9328       stm324xg_lcd_ili9328.o
    0x200010b8   0x200010b8   0x00000030   Code   RO          153    .text.LCD_Clear     stm324xg_lcd_ili9328.o
    0x200010e8   0x200010e8   0x0000003c   Code   RO          137    .text.LCD_DisplayDevID  stm324xg_lcd_ili9328.o
    0x20001124   0x20001124   0x00000068   Code   RO          177    .text.LCD_DisplayStringAt  stm324xg_lcd_ili9328.o
    0x2000118c   0x2000118c   0x0000001c   Code   RO          139    .text.LCD_DisplayStringLineCol  stm324xg_lcd_ili9328.o
    0x200011a8   0x200011a8   0x000000e0   Code   RO          179    .text.LCD_DisplayStringSegment  stm324xg_lcd_ili9328.o
    0x20001288   0x20001288   0x00000114   Code   RO          286    .text.LCD_DrawJPG   tjpgd_user.o
    0x2000139c   0x2000139c   0x00000068   Code   RO          203    .text.LCD_DrawRGBImage  stm324xg_lcd_ili9328.o
    0x20001404   0x20001404   0x000000a4   Code   RO          129    .text.LCD_FSMCConfig  stm324xg_lcd_ili9328.o
    0x200014a8   0x200014a8   0x000000b4   Code   RO          143    .text.LCD_Init      stm324xg_lcd_ili9328.o
    0x2000155c   0x2000155c   0x0000005c   Code   RO          157    .text.LCD_OpenWin   stm324xg_lcd_ili9328.o
    0x200015b8   0x200015b8   0x000000b4   Code   RO          237    .text.LCD_ReadRGBImage  stm324xg_lcd_ili9328.o
    0x2000166c   0x2000166c   0x00000010   Code   RO          225    .text.LCD_RestoreColors  stm324xg_lcd_ili9328.o
    0x2000167c   0x2000167c   0x00000008   Code   RO          229    .text.LCD_RestoreFont  stm324xg_lcd_ili9328.o
    0x20001684   0x20001684   0x00000010   Code   RO          223    .text.LCD_SaveColors  stm324xg_lcd_ili9328.o
    0x20001694   0x20001694   0x0000000c   Code   RO          227    .text.LCD_SaveFont  stm324xg_lcd_ili9328.o
    0x200016a0   0x200016a0   0x00000014   Code   RO          171    .text.LCD_SetBackColor  stm324xg_lcd_ili9328.o
    0x200016b4   0x200016b4   0x00000020   Code   RO          151    .text.LCD_SetColors  stm324xg_lcd_ili9328.o
    0x200016d4   0x200016d4   0x0000001c   Code   RO          149    .text.LCD_SetFont   stm324xg_lcd_ili9328.o
    0x200016f0   0x200016f0   0x00000018   Code   RO          169    .text.LCD_SetTextColor  stm324xg_lcd_ili9328.o
    0x20001708   0x20001708   0x0000002c   Code   RO           32    .text.SysTick_Handler  user_defined.o
    0x20001734   0x20001734   0x00000010   Code   RO            2    .text.SystemInit    hardwaresystem_ini.o
    0x20001744   0x20001744   0x0000006c   Code   RO           40    .text.User_FLASH_SectorErase  user_defined.o
    0x200017b0   0x200017b0   0x00000024   Code   RO           42    .text.User_FLASH_beforeWRITE  user_defined.o
    0x200017d4   0x200017d4   0x00000030   Code   RO          302    .text.Wait_PressPA0  main_jpeg.o
    0x20001804   0x20001804   0x0000001e   Code   RO          259    .text.alloc_pool    tjpgd.o
    0x20001822   0x20001822   0x0000008a   Code   RO          265    .text.bitext        tjpgd.o
    0x200018ac   0x200018ac   0x00000020   Code   RO          300    .text.delay         main_jpeg.o
    0x200018cc   0x200018cc   0x00000014   Code   RO           34    .text.delay_ms      user_defined.o
    0x200018e0   0x200018e0   0x0000000c   Code   RO          284    .text.get_JPG_error_code  tjpgd_user.o
    0x200018ec   0x200018ec   0x00000044   Code   RO          282    .text.get_scale     tjpgd_user.o
    0x20001930   0x20001930   0x000000d6   Code   RO          263    .text.huffext       tjpgd.o
    0x20001a06   0x20001a06   0x0000001e   Code   RO          278    .text.in_func       tjpgd_user.o
    0x20001a24   0x20001a24   0x00000798   Code   RO          261    .text.jd_decomp     tjpgd.o
    0x200021bc   0x200021bc   0x00000464   Code   RO          257    .text.jd_prepare    tjpgd.o
    0x20002620   0x20002620   0x000001e8   Code   RO          298    .text.main          main_jpeg.o
    0x20002808   0x20002808   0x00000044   Code   RO           12    .text.my_getHCLKFreq  hardwaresystem_ini.o
    0x2000284c   0x2000284c   0x00000014   Code   RO           10    .text.my_getPCLKx_Freq  hardwaresystem_ini.o
    0x20002860   0x20002860   0x00000034   Code   RO          280    .text.out_func      tjpgd_user.o
    0x20002894   0x20002894   0x000000f4   Code   RO          304    .text.save_RGBimage_in_flash  main_jpeg.o
    0x20002988   0x20002988   0x00000054   Code   RO           23    .text.stm32f4_GPIO_Init  gpio_ini.o
    0x200029dc   0x200029dc   0x000000dc   Code   RO            8    .text.stm32f4_Hardware_Init  hardwaresystem_ini.o
    0x20002ab8   0x20002ab8   0x0000000e   Code   RO          447    i._is_digit         c_w.l(__printf_wp.o)
    0x20002ac6   0x20002ac6   0x0000001a   Code   RO          592    x$fpl$fpinit        fz_wm.l(fpinit.o)
    0x20002ae0   0x20002ae0   0x00000028   Data   RO          420    .constdata          c_w.l(_printf_hex_int.o)
    0x20002b08   0x20002b08   0x00000011   Data   RO          450    .constdata          c_w.l(__printf_flags_wp.o)
    0x20002b19   0x20002b19   0x00000400   Data   RO          269    .rodata.Clip8       tjpgd.o
    0x20002f19   0x20002f19   0x00000be0   Data   RO          241    .rodata.Font16_Table  stm324xg_lcd_ili9328.o
    0x20003af9   0x20003af9   0x00000ed8   Data   RO          243    .rodata.Font20_Table  stm324xg_lcd_ili9328.o
    0x200049d1   0x200049d1   0x00000001   PAD
    0x200049d2   0x200049d2   0x00000080   Data   RO          268    .rodata.Ipsf        tjpgd.o
    0x20004a52   0x20004a52   0x00000040   Data   RO          267    .rodata.Zig         tjpgd.o
    0x20004a92   0x20004a92   0x00000014   Data   RO          309    .rodata.str1.1      main_jpeg.o
    0x20004aa6   0x20004aa6   0x00000002   PAD
    0x20004aa8   0x20004aa8   0x0000002d   Data   RO          288    .rodata.str1.4      tjpgd_user.o
    0x20004ad5   0x20004ad5   0x00000003   PAD
    0x20004ad8   0x20004ad8   0x00000020   Data   RO          682    Region$$Table       anon$$obj.o


    Execution Region RW_IRAM1 (Exec base: 0x20010000, Load base: 0x20004af8, Size: 0x00004520, Max: 0x00010000, ABSOLUTE)

    Exec Addr    Load Addr    Size         Type   Attr      Idx    E Section Name        Object

    0x20010000   0x20004af8   0x00000010   Data   RW          247    .data..L_MergedGlobals  stm324xg_lcd_ili9328.o
    0x20010010   0x20004b08   0x00000008   Data   RW          242    .data.Font16        stm324xg_lcd_ili9328.o
    0x20010018        -       0x00000060   Zero   RW          556    .bss                c_w.l(libspace.o)
    0x20010078        -       0x00000010   Zero   RW           14    .bss..L_MergedGlobals  hardwaresystem_ini.o
    0x20010088        -       0x00000030   Zero   RW           56    .bss..L_MergedGlobals  user_defined.o
    0x200100b8        -       0x00000048   Zero   RW          289    .bss..L_MergedGlobals  tjpgd_user.o
    0x20010100        -       0x0000001c   Zero   RW          248    .bss..L_MergedGlobals.7  stm324xg_lcd_ili9328.o
    0x2001011c        -       0x00000002   Zero   RW          246    .bss.GRAM_mode      stm324xg_lcd_ili9328.o
    0x2001011e   0x20004b10   0x00000002   PAD
    0x20010120        -       0x00004000   Zero   RW          319    HEAP                startup_stm32f407xx.o
    0x20014120        -       0x00000400   Zero   RW          318    STACK               startup_stm32f407xx.o


==============================================================================

Image component sizes


      Code (inc. data)   RO Data    RW Data    ZI Data      Debug   Object Name

       312        136          0          0          0       2983   fpec_exercise.o
        84         16          0          0          0       2085   gpio_ini.o
       404         84          0          0         16       4129   hardwaresystem_ini.o
       852        236         20          0          0       3507   main_jpeg.o
        64         26        392          0      17408        864   startup_stm32f407xx.o
      2188         80       6840         24         30      32737   stm324xg_lcd_ili9328.o
       232         12          0          0          0       8111   stm32f4xx_fsmc.o
      3450         72       1216          0          0      15742   tjpgd.o
       438        124         45          0         72       4092   tjpgd_user.o
       456         44          0          0         48       4688   user_defined.o

    ----------------------------------------------------------------------
      8480        830       8551         24      17576      78938   Object Totals
         0          0         32          0          0          0   (incl. Generated)
         0          0          6          0          2          0   (incl. Padding)

    ----------------------------------------------------------------------

      Code (inc. data)   RO Data    RW Data    ZI Data      Debug   Library Member Name

         8          0          0          0          0         68   __main.o
       312          4         17          0          0         92   __printf_flags_wp.o
        14          0          0          0          0         68   __printf_wp.o
         0          0          0          0          0          0   __rtentry.o
        12          0          0          0          0          0   __rtentry2.o
         6          0          0          0          0          0   __rtentry4.o
        52          8          0          0          0          0   __scatter.o
        26          0          0          0          0          0   __scatter_copy.o
        28          0          0          0          0          0   __scatter_zi.o
        48          6          0          0          0         96   _printf_char_common.o
         6          0          0          0          0          0   _printf_d.o
       120         16          0          0          0         92   _printf_dec.o
        88          4         40          0          0         88   _printf_hex_int.o
         6          0          0          0          0          0   _printf_i.o
       178          0          0          0          0         88   _printf_intcommon.o
        78          0          0          0          0        108   _printf_pad.o
         0          0          0          0          0          0   _printf_percent.o
         4          0          0          0          0          0   _printf_percent_end.o
         6          0          0          0          0          0   _printf_x.o
        10          0          0          0          0         68   _sputc.o
        10          0          0          0          0         68   defsig_exit.o
        50          0          0          0          0         88   defsig_general.o
        80         58          0          0          0         76   defsig_rtmem_inner.o
        14          0          0          0          0         80   defsig_rtmem_outer.o
        18          0          0          0          0         80   exit.o
        94          0          0          0          0         80   h1_alloc.o
        52          0          0          0          0         68   h1_extend.o
        78          0          0          0          0         80   h1_free.o
        14          0          0          0          0         84   h1_init.o
         6          0          0          0          0        152   heapauxi.o
         4          0          0          0          0        136   hguard.o
         0          0          0          0          0          0   indicate_semi.o
       138          0          0          0          0        168   init_alloc.o
         2          0          0          0          0          0   libinit.o
        14          0          0          0          0          0   libinit2.o
         2          0          0          0          0          0   libshutdown.o
         2          0          0          0          0          0   libshutdown2.o
         8          4          0          0         96         68   libspace.o
         0          0          0          0          0          0   maybetermalloc1.o
        40          6          0          0          0         84   noretval__2sprintf.o
         8          4          0          0          0         68   rt_heap_descriptor_intlibspace.o
        78          0          0          0          0         80   rt_memclr_w.o
       138          0          0          0          0         68   rt_memcpy_v6.o
       100          0          0          0          0         80   rt_memcpy_w.o
         2          0          0          0          0          0   rtexit.o
        10          0          0          0          0          0   rtexit2.o
        12          4          0          0          0         68   sys_exit.o
        74          0          0          0          0         80   sys_stackheap_outer.o
        14          0          0          0          0         76   sys_wrch.o
         2          0          0          0          0         68   use_no_semi.o
        26          0          0          0          0        116   fpinit.o

    ----------------------------------------------------------------------
      2104        114         57          0         96       2784   Library Totals
        12          0          0          0          0          0   (incl. Padding)

    ----------------------------------------------------------------------

      Code (inc. data)   RO Data    RW Data    ZI Data      Debug   Library Name

      2066        114         57          0         96       2668   c_w.l
        26          0          0          0          0        116   fz_wm.l

    ----------------------------------------------------------------------
      2104        114         57          0         96       2784   Library Totals

    ----------------------------------------------------------------------

==============================================================================


      Code (inc. data)   RO Data    RW Data    ZI Data      Debug   

     10584        944       8608         24      17672      80138   Grand Totals
     10584        944       8608         24      17672      80138   ELF Image Totals
     10584        944       8608         24          0          0   ROM Totals

==============================================================================

    Total RO  Size (Code + RO Data)                19192 (  18.74kB)
    Total RW  Size (RW Data + ZI Data)             17696 (  17.28kB)
    Total ROM Size (Code + RO Data + RW Data)      19216 (  18.77kB)

==============================================================================

