Component: ARM Compiler 6.14 Tool: armlink [5db06800]

==============================================================================

Section Cross References

    hardwaresystem_ini.o(.ARM.exidx.text.SystemInit) refers to hardwaresystem_ini.o(.text.SystemInit) for [Anonymous Symbol]
    hardwaresystem_ini.o(.ARM.exidx.text.stm32_Get_PreempPrioBits) refers to hardwaresystem_ini.o(.text.stm32_Get_PreempPrioBits) for [Anonymous Symbol]
    hardwaresystem_ini.o(.ARM.exidx.text.HAL_RCC_GetSysClockFreq) refers to hardwaresystem_ini.o(.text.HAL_RCC_GetSysClockFreq) for [Anonymous Symbol]
    hardwaresystem_ini.o(.text.stm32f4_Hardware_Init) refers to hardwaresystem_ini.o(.text.HAL_RCC_GetSysClockFreq) for HAL_RCC_GetSysClockFreq
    hardwaresystem_ini.o(.text.stm32f4_Hardware_Init) refers to hardwaresystem_ini.o(.text.my_getPCLKx_Freq) for my_getPCLKx_Freq
    hardwaresystem_ini.o(.text.stm32f4_Hardware_Init) refers to hardwaresystem_ini.o(.bss..L_MergedGlobals) for [Anonymous Symbol]
    hardwaresystem_ini.o(.ARM.exidx.text.stm32f4_Hardware_Init) refers to hardwaresystem_ini.o(.text.stm32f4_Hardware_Init) for [Anonymous Symbol]
    hardwaresystem_ini.o(.text.my_getPCLKx_Freq) refers to hardwaresystem_ini.o(.bss..L_MergedGlobals) for [Anonymous Symbol]
    hardwaresystem_ini.o(.ARM.exidx.text.my_getPCLKx_Freq) refers to hardwaresystem_ini.o(.text.my_getPCLKx_Freq) for [Anonymous Symbol]
    main.o(.text) refers (Special) to _printf_i.o(.ARM.Collect$$_printf_percent$$00000008) for _printf_i
    main.o(.text) refers (Special) to _printf_dec.o(.text) for _printf_int_dec
    main.o(.text) refers (Special) to _printf_percent.o(.ARM.Collect$$_printf_percent$$00000000) for _printf_percent
    main.o(.text.main) refers (Special) to _printf_i.o(.ARM.Collect$$_printf_percent$$00000008) for _printf_i
    main.o(.text.main) refers (Special) to _printf_dec.o(.text) for _printf_int_dec
    main.o(.text.main) refers (Special) to _printf_percent.o(.ARM.Collect$$_printf_percent$$00000000) for _printf_percent
    main.o(.text.main) refers to hardwaresystem_ini.o(.text.stm32f4_Hardware_Init) for stm32f4_Hardware_Init
    main.o(.text.main) refers to samp1_gpio.o(.text.samp1_GPIO) for samp1_GPIO
    main.o(.text.main) refers to stm324xg_lcd_ili9328.o(.text.LCD_Init) for LCD_Init
    main.o(.text.main) refers to main.o(.text.delay) for delay
    main.o(.text.main) refers to stm324xg_lcd_ili9328.o(.text.LCD_Clear) for LCD_Clear
    main.o(.text.main) refers to stm324xg_lcd_ili9328.o(.text.LCD_SetColors) for LCD_SetColors
    main.o(.text.main) refers to stm324xg_lcd_ili9328.o(.text.MenuInit) for MenuInit
    main.o(.text.main) refers to stm324xg_lcd_ili9328.o(.text.LCD_DrawBitmap) for LCD_DrawBitmap
    main.o(.text.main) refers to stm324xg_lcd_ili9328.o(.text.LCD_DisplayStringLineCol) for LCD_DisplayStringLineCol
    main.o(.text.main) refers to stm324xg_lcd_ili9328.o(.text.LCD_SaveColors) for LCD_SaveColors
    main.o(.text.main) refers to main.o(.text.GLCD_Value) for GLCD_Value
    main.o(.text.main) refers to stm324xg_lcd_ili9328.o(.text.LCD_RestoreColors) for LCD_RestoreColors
    main.o(.text.main) refers to main.o(.rodata.stlogo) for stlogo
    main.o(.text.main) refers to main.o(.bss..L_MergedGlobals) for [Anonymous Symbol]
    main.o(.ARM.exidx.text.main) refers (Special) to _printf_i.o(.ARM.Collect$$_printf_percent$$00000008) for _printf_i
    main.o(.ARM.exidx.text.main) refers (Special) to _printf_dec.o(.text) for _printf_int_dec
    main.o(.ARM.exidx.text.main) refers (Special) to _printf_percent.o(.ARM.Collect$$_printf_percent$$00000000) for _printf_percent
    main.o(.ARM.exidx.text.main) refers to main.o(.text.main) for [Anonymous Symbol]
    main.o(.text.delay) refers (Special) to _printf_i.o(.ARM.Collect$$_printf_percent$$00000008) for _printf_i
    main.o(.text.delay) refers (Special) to _printf_dec.o(.text) for _printf_int_dec
    main.o(.text.delay) refers (Special) to _printf_percent.o(.ARM.Collect$$_printf_percent$$00000000) for _printf_percent
    main.o(.ARM.exidx.text.delay) refers (Special) to _printf_i.o(.ARM.Collect$$_printf_percent$$00000008) for _printf_i
    main.o(.ARM.exidx.text.delay) refers (Special) to _printf_dec.o(.text) for _printf_int_dec
    main.o(.ARM.exidx.text.delay) refers (Special) to _printf_percent.o(.ARM.Collect$$_printf_percent$$00000000) for _printf_percent
    main.o(.ARM.exidx.text.delay) refers to main.o(.text.delay) for [Anonymous Symbol]
    main.o(.text.GLCD_Value) refers (Special) to _printf_i.o(.ARM.Collect$$_printf_percent$$00000008) for _printf_i
    main.o(.text.GLCD_Value) refers (Special) to _printf_dec.o(.text) for _printf_int_dec
    main.o(.text.GLCD_Value) refers (Special) to _printf_percent.o(.ARM.Collect$$_printf_percent$$00000000) for _printf_percent
    main.o(.text.GLCD_Value) refers to noretval__2sprintf.o(.text) for __2sprintf
    main.o(.text.GLCD_Value) refers to stm324xg_lcd_ili9328.o(.text.LCD_DisplayStringLineCol) for LCD_DisplayStringLineCol
[...]
    defsig_cppl_inner.o(.text) refers to defsig_general.o(.text) for __default_signal_display
    defsig_segv_inner.o(.text) refers to defsig_general.o(.text) for __default_signal_display
    defsig_other.o(.text) refers to defsig_general.o(.text) for __default_signal_display
    libshutdown.o(.ARM.Collect$$libshutdown$$00000000) refers (Special) to libshutdown2.o(.ARM.Collect$$libshutdown$$00000002) for __rt_lib_shutdown_cpp_1
    libshutdown.o(.ARM.Collect$$libshutdown$$00000000) refers (Special) to libshutdown2.o(.ARM.Collect$$libshutdown$$00000007) for __rt_lib_shutdown_fp_trap_1
    libshutdown.o(.ARM.Collect$$libshutdown$$00000000) refers (Special) to libshutdown2.o(.ARM.Collect$$libshutdown$$0000000F) for __rt_lib_shutdown_heap_1
    libshutdown.o(.ARM.Collect$$libshutdown$$00000000) refers (Special) to libshutdown2.o(.ARM.Collect$$libshutdown$$00000010) for __rt_lib_shutdown_return
    libshutdown.o(.ARM.Collect$$libshutdown$$00000000) refers (Special) to libshutdown2.o(.ARM.Collect$$libshutdown$$0000000A) for __rt_lib_shutdown_signal_1
    libshutdown.o(.ARM.Collect$$libshutdown$$00000000) refers (Special) to libshutdown2.o(.ARM.Collect$$libshutdown$$00000004) for __rt_lib_shutdown_stdio_1
    libshutdown.o(.ARM.Collect$$libshutdown$$00000000) refers (Special) to libshutdown2.o(.ARM.Collect$$libshutdown$$0000000C) for __rt_lib_shutdown_user_alloc_1


==============================================================================

Removing Unused input sections from the image.

    Removing hardwaresystem_ini.o(.text), (0 bytes).
    Removing hardwaresystem_ini.o(.ARM.exidx.text.SystemInit), (8 bytes).
    Removing hardwaresystem_ini.o(.text.stm32_Get_PreempPrioBits), (4 bytes).
    Removing hardwaresystem_ini.o(.ARM.exidx.text.stm32_Get_PreempPrioBits), (8 bytes).
    Removing hardwaresystem_ini.o(.ARM.exidx.text.HAL_RCC_GetSysClockFreq), (8 bytes).
    Removing hardwaresystem_ini.o(.ARM.exidx.text.stm32f4_Hardware_Init), (8 bytes).
    Removing hardwaresystem_ini.o(.ARM.exidx.text.my_getPCLKx_Freq), (8 bytes).
    Removing main.o(.text), (0 bytes).
    Removing main.o(.ARM.exidx.text.main), (8 bytes).
    Removing main.o(.ARM.exidx.text.delay), (8 bytes).
    Removing main.o(.ARM.exidx.text.GLCD_Value), (8 bytes).
    Removing main.o(.text.DEMO_shifting), (972 bytes).
    Removing main.o(.ARM.exidx.text.DEMO_shifting), (8 bytes).
    Removing main.o(.rodata.str1.1), (23 bytes).
    Removing main.o(.ARM.use_no_argv), (4 bytes).
    Removing includebinary.o(.text), (2818 bytes).
    Removing samp1_gpio.o(.text), (0 bytes).
    Removing samp1_gpio.o(.ARM.exidx.text.samp1_GPIO), (8 bytes).
    Removing stm32f4xx_fsmc.o(.text), (0 bytes).
    Removing stm32f4xx_fsmc.o(.ARM.exidx.text.FSMC_NORSRAM_Init), (8 bytes).
    Removing stm32f4xx_fsmc.o(.text.FSMC_NORSRAM_DeInit), (44 bytes).
    Removing stm32f4xx_fsmc.o(.ARM.exidx.text.FSMC_NORSRAM_DeInit), (8 bytes).
    Removing stm32f4xx_fsmc.o(.ARM.exidx.text.FSMC_NORSRAM_Timing_Init), (8 bytes).
    Removing stm32f4xx_fsmc.o(.ARM.exidx.text.FSMC_NORSRAM_Extended_Timing_Init), (8 bytes).
    Removing stm32f4xx_fsmc.o(.text.FSMC_NANDDeInit), (56 bytes).
    Removing stm32f4xx_fsmc.o(.ARM.exidx.text.FSMC_NANDDeInit), (8 bytes).
    Removing stm32f4xx_fsmc.o(.text.FSMC_NANDInit), (124 bytes).
    Removing stm32f4xx_fsmc.o(.ARM.exidx.text.FSMC_NANDInit), (8 bytes).
    Removing stm32f4xx_fsmc.o(.text.FSMC_NANDStructInit), (40 bytes).
    Removing stm32f4xx_fsmc.o(.ARM.exidx.text.FSMC_NANDStructInit), (8 bytes).
    Removing stm32f4xx_fsmc.o(.text.FSMC_NANDCmd), (56 bytes).
    Removing stm32f4xx_fsmc.o(.ARM.exidx.text.FSMC_NANDCmd), (8 bytes).
    Removing stm32f4xx_fsmc.o(.text.FSMC_NANDECCCmd), (56 bytes).
    Removing stm32f4xx_fsmc.o(.ARM.exidx.text.FSMC_NANDECCCmd), (8 bytes).
    Removing stm32f4xx_fsmc.o(.text.FSMC_GetECC), (24 bytes).
    Removing stm32f4xx_fsmc.o(.ARM.exidx.text.FSMC_GetECC), (8 bytes).
    Removing stm32f4xx_fsmc.o(.text.FSMC_PCCARDDeInit), (28 bytes).
    Removing stm32f4xx_fsmc.o(.ARM.exidx.text.FSMC_PCCARDDeInit), (8 bytes).
    Removing stm32f4xx_fsmc.o(.text.FSMC_PCCARDInit), (92 bytes).
    Removing stm32f4xx_fsmc.o(.ARM.exidx.text.FSMC_PCCARDInit), (8 bytes).
    Removing stm32f4xx_fsmc.o(.text.FSMC_PCCARDStructInit), (44 bytes).
    Removing stm32f4xx_fsmc.o(.ARM.exidx.text.FSMC_PCCARDStructInit), (8 bytes).
    Removing stm32f4xx_fsmc.o(.text.FSMC_PCCARDCmd), (32 bytes).
    Removing stm32f4xx_fsmc.o(.ARM.exidx.text.FSMC_PCCARDCmd), (8 bytes).
    Removing stm32f4xx_fsmc.o(.text.FSMC_ITConfig), (84 bytes).
    Removing stm32f4xx_fsmc.o(.ARM.exidx.text.FSMC_ITConfig), (8 bytes).
    Removing stm32f4xx_fsmc.o(.text.FSMC_GetFlagStatus), (32 bytes).
    Removing stm32f4xx_fsmc.o(.ARM.exidx.text.FSMC_GetFlagStatus), (8 bytes).
    Removing stm32f4xx_fsmc.o(.text.FSMC_ClearFlag), (40 bytes).
    Removing stm32f4xx_fsmc.o(.ARM.exidx.text.FSMC_ClearFlag), (8 bytes).
    Removing stm32f4xx_fsmc.o(.text.FSMC_GetITStatus), (44 bytes).
    Removing stm32f4xx_fsmc.o(.ARM.exidx.text.FSMC_GetITStatus), (8 bytes).
    Removing stm32f4xx_fsmc.o(.text.FSMC_ClearITPendingBit), (40 bytes).
    Removing stm32f4xx_fsmc.o(.ARM.exidx.text.FSMC_ClearITPendingBit), (8 bytes).
    Removing stm324xg_lcd_ili9328.o(.text), (0 bytes).
    Removing stm324xg_lcd_ili9328.o(.text.LCD_Pixel_Width), (6 bytes).
    Removing stm324xg_lcd_ili9328.o(.ARM.exidx.text.LCD_Pixel_Width), (8 bytes).
    Removing stm324xg_lcd_ili9328.o(.text.LCD_Pixel_Height), (4 bytes).
    Removing stm324xg_lcd_ili9328.o(.ARM.exidx.text.LCD_Pixel_Height), (8 bytes).
    Removing stm324xg_lcd_ili9328.o(.ARM.exidx.text.LCD_FSMCConfig), (8 bytes).
    Removing stm324xg_lcd_ili9328.o(.ARM.exidx.text.delay_ms), (8 bytes).
    Removing stm324xg_lcd_ili9328.o(.text.LCD_Reset), (2 bytes).
    Removing stm324xg_lcd_ili9328.o(.ARM.exidx.text.LCD_Reset), (8 bytes).
    Removing stm324xg_lcd_ili9328.o(.text.LCD_WriteRegX), (12 bytes).
    Removing stm324xg_lcd_ili9328.o(.ARM.exidx.text.LCD_WriteRegX), (8 bytes).
    Removing stm324xg_lcd_ili9328.o(.ARM.exidx.text.LCD_DisplayDevID), (8 bytes).
    Removing stm324xg_lcd_ili9328.o(.ARM.exidx.text.LCD_DisplayStringLineCol), (8 bytes).
    Removing stm324xg_lcd_ili9328.o(.ARM.exidx.text.ILI9328), (8 bytes).
    Removing stm324xg_lcd_ili9328.o(.ARM.exidx.text.LCD_Init), (8 bytes).
    Removing stm324xg_lcd_ili9328.o(.ARM.exidx.text.GPIO_outPPhigh), (8 bytes).
    Removing stm324xg_lcd_ili9328.o(.ARM.exidx.text.GPIO_AF12PPhigh), (8 bytes).
    Removing stm324xg_lcd_ili9328.o(.ARM.exidx.text.LCD_SetFont), (8 bytes).
    Removing stm324xg_lcd_ili9328.o(.ARM.exidx.text.LCD_SetColors), (8 bytes).
    Removing stm324xg_lcd_ili9328.o(.ARM.exidx.text.LCD_Clear), (8 bytes).
    Removing stm324xg_lcd_ili9328.o(.text.LCD_DisplayOn), (32 bytes).
    Removing stm324xg_lcd_ili9328.o(.ARM.exidx.text.LCD_DisplayOn), (8 bytes).
    Removing stm324xg_lcd_ili9328.o(.ARM.exidx.text.LCD_OpenWin), (8 bytes).
    Removing stm324xg_lcd_ili9328.o(.text.LCD_toPortrait), (20 bytes).
    Removing stm324xg_lcd_ili9328.o(.ARM.exidx.text.LCD_toPortrait), (8 bytes).
    Removing stm324xg_lcd_ili9328.o(.text.LCD_toLandscape), (20 bytes).
    Removing stm324xg_lcd_ili9328.o(.ARM.exidx.text.LCD_toLandscape), (8 bytes).
    Removing stm324xg_lcd_ili9328.o(.text.LCD_toDefaultDisDirection), (24 bytes).
    Removing stm324xg_lcd_ili9328.o(.ARM.exidx.text.LCD_toDefaultDisDirection), (8 bytes).
    Removing stm324xg_lcd_ili9328.o(.text.LCD_DisplayOff), (32 bytes).
    Removing stm324xg_lcd_ili9328.o(.ARM.exidx.text.LCD_DisplayOff), (8 bytes).
    Removing stm324xg_lcd_ili9328.o(.text.LCD_GetColors), (24 bytes).
    Removing stm324xg_lcd_ili9328.o(.ARM.exidx.text.LCD_GetColors), (8 bytes).
    Removing stm324xg_lcd_ili9328.o(.text.LCD_SetTextColor), (24 bytes).
    Removing stm324xg_lcd_ili9328.o(.ARM.exidx.text.LCD_SetTextColor), (8 bytes).
    Removing stm324xg_lcd_ili9328.o(.text.LCD_SetBackColor), (24 bytes).
    Removing stm324xg_lcd_ili9328.o(.ARM.exidx.text.LCD_SetBackColor), (8 bytes).
    Removing stm324xg_lcd_ili9328.o(.text.LCD_GetFont), (12 bytes).
    Removing stm324xg_lcd_ili9328.o(.ARM.exidx.text.LCD_GetFont), (8 bytes).
    Removing stm324xg_lcd_ili9328.o(.text.LCD_ClearStringLine), (88 bytes).
    Removing stm324xg_lcd_ili9328.o(.ARM.exidx.text.LCD_ClearStringLine), (8 bytes).
    Removing stm324xg_lcd_ili9328.o(.text.LCD_DisplayStringAt), (108 bytes).
    Removing stm324xg_lcd_ili9328.o(.ARM.exidx.text.LCD_DisplayStringAt), (8 bytes).
    Removing stm324xg_lcd_ili9328.o(.ARM.exidx.text.LCD_DisplayStringSegment), (8 bytes).
    Removing stm324xg_lcd_ili9328.o(.ARM.exidx.text.LCD_DrawPixel), (8 bytes).
    Removing stm324xg_lcd_ili9328.o(.ARM.exidx.text.LCD_DrawHLine), (8 bytes).
    Removing stm324xg_lcd_ili9328.o(.ARM.exidx.text.LCD_DrawVLine), (8 bytes).
    Removing stm324xg_lcd_ili9328.o(.text.LCD_DrawSimpleCross), (46 bytes).
    Removing stm324xg_lcd_ili9328.o(.ARM.exidx.text.LCD_DrawSimpleCross), (8 bytes).
    Removing stm324xg_lcd_ili9328.o(.ARM.exidx.text.LCD_DrawRect), (8 bytes).
    Removing stm324xg_lcd_ili9328.o(.ARM.exidx.text.LCD_DrawCircle), (8 bytes).
    Removing stm324xg_lcd_ili9328.o(.ARM.exidx.text.LCD_FillRect), (8 bytes).
    Removing stm324xg_lcd_ili9328.o(.ARM.exidx.text.LCD_FillCircle), (8 bytes).
    Removing stm324xg_lcd_ili9328.o(.text.LCD_DrawLine), (216 bytes).
    Removing stm324xg_lcd_ili9328.o(.ARM.exidx.text.LCD_DrawLine), (8 bytes).
    Removing stm324xg_lcd_ili9328.o(.text.LCD_DrawMonoPict), (84 bytes).
    Removing stm324xg_lcd_ili9328.o(.ARM.exidx.text.LCD_DrawMonoPict), (8 bytes).
    Removing stm324xg_lcd_ili9328.o(.ARM.exidx.text.LCD_DrawBitmap), (8 bytes).
    Removing stm324xg_lcd_ili9328.o(.text.LCD_DrawRGBImage), (104 bytes).
    Removing stm324xg_lcd_ili9328.o(.ARM.exidx.text.LCD_DrawRGBImage), (8 bytes).
    Removing stm324xg_lcd_ili9328.o(.text.LCD_PolyLine), (36 bytes).
    Removing stm324xg_lcd_ili9328.o(.ARM.exidx.text.LCD_PolyLine), (8 bytes).
    Removing stm324xg_lcd_ili9328.o(.text.LCD_DrawPolygon), (34 bytes).
    Removing stm324xg_lcd_ili9328.o(.ARM.exidx.text.LCD_DrawPolygon), (8 bytes).
    Removing stm324xg_lcd_ili9328.o(.text.LCD_PolyLineRelative), (6 bytes).
    Removing stm324xg_lcd_ili9328.o(.ARM.exidx.text.LCD_PolyLineRelative), (8 bytes).
    Removing stm324xg_lcd_ili9328.o(.text.LCD_PolyLineRelativeClosed), (90 bytes).
    Removing stm324xg_lcd_ili9328.o(.ARM.exidx.text.LCD_PolyLineRelativeClosed), (8 bytes).
    Removing stm324xg_lcd_ili9328.o(.text.LCD_ClosedPolyLineRelative), (6 bytes).
    Removing stm324xg_lcd_ili9328.o(.ARM.exidx.text.LCD_ClosedPolyLineRelative), (8 bytes).
    Removing stm324xg_lcd_ili9328.o(.text.LCD_DrawEllipse), (224 bytes).
    Removing stm324xg_lcd_ili9328.o(.ARM.exidx.text.LCD_DrawEllipse), (8 bytes).
    Removing stm324xg_lcd_ili9328.o(.text.LCD_FillTriangle), (436 bytes).
    Removing stm324xg_lcd_ili9328.o(.ARM.exidx.text.LCD_FillTriangle), (8 bytes).
    Removing stm324xg_lcd_ili9328.o(.text.LCD_FillPolygon), (70 bytes).
    Removing stm324xg_lcd_ili9328.o(.ARM.exidx.text.LCD_FillPolygon), (8 bytes).
    Removing stm324xg_lcd_ili9328.o(.text.LCD_FillEllipse), (182 bytes).
    Removing stm324xg_lcd_ili9328.o(.ARM.exidx.text.LCD_FillEllipse), (8 bytes).
    Removing stm324xg_lcd_ili9328.o(.ARM.exidx.text.LCD_SaveColors), (8 bytes).
    Removing stm324xg_lcd_ili9328.o(.ARM.exidx.text.LCD_RestoreColors), (8 bytes).
    Removing stm324xg_lcd_ili9328.o(.text.LCD_SaveFont), (20 bytes).
    Removing stm324xg_lcd_ili9328.o(.ARM.exidx.text.LCD_SaveFont), (8 bytes).
    Removing stm324xg_lcd_ili9328.o(.ARM.exidx.text.LCD_RestoreFont), (8 bytes).
    Removing stm324xg_lcd_ili9328.o(.ARM.exidx.text.LCD_RGB_Test), (8 bytes).
    Removing stm324xg_lcd_ili9328.o(.ARM.exidx.text.LCD_DisplayOnTest), (8 bytes).
    Removing stm324xg_lcd_ili9328.o(.ARM.exidx.text.MenuInit), (8 bytes).
    Removing stm324xg_lcd_ili9328.o(.text.LCD_ReadRGBImage), (180 bytes).
    Removing stm324xg_lcd_ili9328.o(.ARM.exidx.text.LCD_ReadRGBImage), (8 bytes).
    Removing stm324xg_lcd_ili9328.o(.rodata.Font12_Table), (1140 bytes).
    Removing stm324xg_lcd_ili9328.o(.data.Font12), (8 bytes).
    Removing stm324xg_lcd_ili9328.o(.rodata.Font16_Table), (3040 bytes).
    Removing stm324xg_lcd_ili9328.o(.data.Font16), (8 bytes).
    Removing stm324xg_lcd_ili9328.o(.rodata.Font24_Table), (6840 bytes).
    Removing stm324xg_lcd_ili9328.o(.data.Font24), (8 bytes).
    Removing system_stm32f4xx.o(.text), (0 bytes).
    Removing system_stm32f4xx.o(.text.SystemInit), (16 bytes).
    Removing system_stm32f4xx.o(.ARM.exidx.text.SystemInit), (8 bytes).
    Removing system_stm32f4xx.o(.text.SystemCoreClockUpdate), (108 bytes).
    Removing system_stm32f4xx.o(.ARM.exidx.text.SystemCoreClockUpdate), (8 bytes).
    Removing system_stm32f4xx.o(.data.SystemCoreClock), (4 bytes).
    Removing system_stm32f4xx.o(.rodata.AHBPrescTable), (16 bytes).
    Removing system_stm32f4xx.o(.rodata.APBPrescTable), (8 bytes).

156 unused section(s) (total 18723 bytes) removed from the image.

==============================================================================

Image Symbol Table

    Local Symbols

    Symbol Name                              Value     Ov Type        Size  Object(Section)

    ../clib/angel/boardlib.s                 0x00000000   Number         0  boardinit1.o ABSOLUTE
    ../clib/angel/boardlib.s                 0x00000000   Number         0  boardinit2.o ABSOLUTE
    ../clib/angel/boardlib.s                 0x00000000   Number         0  boardinit3.o ABSOLUTE
    ../clib/angel/boardlib.s                 0x00000000   Number         0  boardshut.o ABSOLUTE
    ../clib/angel/handlers.s                 0x00000000   Number         0  __scatter_copy.o ABSOLUTE
    ../clib/angel/handlers.s                 0x00000000   Number         0  __scatter_zi.o ABSOLUTE
    ../clib/angel/kernel.s                   0x00000000   Number         0  __rtentry.o ABSOLUTE
    ../clib/angel/kernel.s                   0x00000000   Number         0  __rtentry2.o ABSOLUTE
    ../clib/angel/kernel.s                   0x00000000   Number         0  __rtentry4.o ABSOLUTE
    ../clib/angel/kernel.s                   0x00000000   Number         0  rtexit.o ABSOLUTE
    ../clib/angel/kernel.s                   0x00000000   Number         0  rtexit2.o ABSOLUTE
    ../clib/angel/rt.s                       0x00000000   Number         0  rt_heap_descriptor.o ABSOLUTE
    ../clib/angel/rt.s                       0x00000000   Number         0  rt_heap_descriptor_intlibspace.o ABSOLUTE
    ../clib/angel/rt.s                       0x00000000   Number         0  rt_raise.o ABSOLUTE
    ../clib/angel/scatter.s                  0x00000000   Number         0  __scatter.o ABSOLUTE
    ../clib/angel/startup.s                  0x00000000   Number         0  __main.o ABSOLUTE
    ../clib/angel/sys.s                      0x00000000   Number         0  mutex_dummy.o ABSOLUTE
    ../clib/angel/sys.s                      0x00000000   Number         0  libspace.o ABSOLUTE
    ../clib/angel/sys.s                      0x00000000   Number         0  use_no_semi.o ABSOLUTE
    ../clib/angel/sys.s                      0x00000000   Number         0  indicate_semi.o ABSOLUTE
    ../clib/angel/sys.s                      0x00000000   Number         0  sys_stackheap_outer.o ABSOLUTE
    ../clib/angel/sysapp.c                   0x00000000   Number         0  sys_command.o ABSOLUTE
    ../clib/angel/sysapp.c                   0x00000000   Number         0  sys_command_hlt.o ABSOLUTE
    ../clib/angel/sysapp.c                   0x00000000   Number         0  sys_exit.o ABSOLUTE
    ../clib/angel/sysapp.c                   0x00000000   Number         0  sys_exit_hlt.o ABSOLUTE
    ../clib/angel/sysapp.c                   0x00000000   Number         0  sys_wrch.o ABSOLUTE
    ../clib/angel/sysapp.c                   0x00000000   Number         0  sys_wrch_hlt.o ABSOLUTE
    ../clib/armsys.c                         0x00000000   Number         0  _get_argv.o ABSOLUTE
    ../clib/armsys.c                         0x00000000   Number         0  argv_veneer.o ABSOLUTE
    ../clib/armsys.c                         0x00000000   Number         0  argv_veneer.o ABSOLUTE
    ../clib/armsys.c                         0x00000000   Number         0  _get_argv_nomalloc.o ABSOLUTE
    ../clib/armsys.c                         0x00000000   Number         0  no_argv.o ABSOLUTE
    ../clib/heap1.c                          0x00000000   Number         0  h1_alloc.o ABSOLUTE
    ../clib/heap1.c                          0x00000000   Number         0  h1_free.o ABSOLUTE
    ../clib/heap1.c                          0x00000000   Number         0  h1_alloc_threads.o ABSOLUTE
    ../clib/heap1.c                          0x00000000   Number         0  h1_free_threads.o ABSOLUTE
    ../clib/heap1.c                          0x00000000   Number         0  h1_init.o ABSOLUTE
    ../clib/heap1.c                          0x00000000   Number         0  h1_init_threads.o ABSOLUTE
    ../clib/heap1.c                          0x00000000   Number         0  h1_extend.o ABSOLUTE
    ../clib/heap1.c                          0x00000000   Number         0  h1_extend_threads.o ABSOLUTE
    ../clib/heap1.c                          0x00000000   Number         0  h1_final.o ABSOLUTE
    ../clib/heap1.c                          0x00000000   Number         0  h1_final_threads.o ABSOLUTE
    ../clib/heap2.c                          0x00000000   Number         0  heap2.o ABSOLUTE
    ../clib/heap2.c                          0x00000000   Number         0  heap2_threads.o ABSOLUTE
    ../clib/heap2.c                          0x00000000   Number         0  fdtree.o ABSOLUTE
    ../clib/heapalloc.c                      0x00000000   Number         0  malloc.o ABSOLUTE
    ../clib/heapalloc.c                      0x00000000   Number         0  free.o ABSOLUTE
    ../clib/heapalloc.c                      0x00000000   Number         0  hguard.o ABSOLUTE
    ../clib/heapalloc.c                      0x00000000   Number         0  init_alloc.o ABSOLUTE
    ../clib/heapalloc.c                      0x00000000   Number         0  heapstubs.o ABSOLUTE
    ../clib/heapalloc.c                      0x00000000   Number         0  hrguard.o ABSOLUTE
    ../clib/heapalloc.c                      0x00000000   Number         0  term_alloc.o ABSOLUTE
    ../clib/heapaux.c                        0x00000000   Number         0  heapauxi.o ABSOLUTE
    ../clib/heapaux.c                        0x00000000   Number         0  heapauxa.o ABSOLUTE
    ../clib/libinit.s                        0x00000000   Number         0  libinit2.o ABSOLUTE
    ../clib/libinit.s                        0x00000000   Number         0  libinit.o ABSOLUTE
    ../clib/libinit.s                        0x00000000   Number         0  libshutdown2.o ABSOLUTE
    ../clib/libinit.s                        0x00000000   Number         0  libshutdown.o ABSOLUTE
    ../clib/maybe.s                          0x00000000   Number         0  maybetermalloc1.o ABSOLUTE
    ../clib/maybe.s                          0x00000000   Number         0  maybetermalloc2.o ABSOLUTE
    ../clib/memcpset.s                       0x00000000   Number         0  rt_memclr_w.o ABSOLUTE
    ../clib/memcpset.s                       0x00000000   Number         0  rt_memcpy_w.o ABSOLUTE
    ../clib/misc.s                           0x00000000   Number         0  printf_stubs.o ABSOLUTE
    ../clib/printf.c                         0x00000000   Number         0  __2sprintf.o ABSOLUTE
    ../clib/printf.c                         0x00000000   Number         0  noretval__2sprintf.o ABSOLUTE
    ../clib/printf.c                         0x00000000   Number         0  __printf.o ABSOLUTE
    ../clib/printf.c                         0x00000000   Number         0  _printf_pad.o ABSOLUTE
    ../clib/printf.c                         0x00000000   Number         0  _printf_dec.o ABSOLUTE
    ../clib/printf.c                         0x00000000   Number         0  _printf_hex_ll.o ABSOLUTE
    ../clib/printf.c                         0x00000000   Number         0  _printf_hex_int.o ABSOLUTE
    ../clib/printf.c                         0x00000000   Number         0  _printf_hex_int_ll.o ABSOLUTE
    ../clib/printf.c                         0x00000000   Number         0  _printf_hex_ptr.o ABSOLUTE
    ../clib/printf.c                         0x00000000   Number         0  _printf_hex_int_ptr.o ABSOLUTE
    ../clib/printf.c                         0x00000000   Number         0  _printf_hex_ll_ptr.o ABSOLUTE
    ../clib/printf.c                         0x00000000   Number         0  _printf_hex_int_ll_ptr.o ABSOLUTE
    ../clib/printf.c                         0x00000000   Number         0  __printf_flags.o ABSOLUTE
    ../clib/printf.c                         0x00000000   Number         0  __printf_ss.o ABSOLUTE
    ../clib/printf.c                         0x00000000   Number         0  __printf_flags_ss.o ABSOLUTE
    ../clib/printf.c                         0x00000000   Number         0  __printf_wp.o ABSOLUTE
    ../clib/printf.c                         0x00000000   Number         0  __printf_flags_wp.o ABSOLUTE
    ../clib/printf.c                         0x00000000   Number         0  __printf_ss_wp.o ABSOLUTE
    ../clib/printf.c                         0x00000000   Number         0  __printf_flags_ss_wp.o ABSOLUTE
    ../clib/printf.c                         0x00000000   Number         0  _printf_intcommon.o ABSOLUTE
    ../clib/printf.c                         0x00000000   Number         0  _printf_char_common.o ABSOLUTE
    ../clib/printf.c                         0x00000000   Number         0  _sputc.o ABSOLUTE
    ../clib/printf.c                         0x00000000   Number         0  __printf_nopercent.o ABSOLUTE
    ../clib/printf_percent.s                 0x00000000   Number         0  _printf_x.o ABSOLUTE
    ../clib/printf_percent.s                 0x00000000   Number         0  _printf_i.o ABSOLUTE
    ../clib/printf_percent.s                 0x00000000   Number         0  _printf_percent.o ABSOLUTE
    ../clib/printf_percent.s                 0x00000000   Number         0  _printf_percent_end.o ABSOLUTE
    ../clib/signal.c                         0x00000000   Number         0  defsig_rtmem_outer.o ABSOLUTE
    ../clib/signal.c                         0x00000000   Number         0  defsig_rtmem_formal.o ABSOLUTE
    ../clib/signal.c                         0x00000000   Number         0  defsig_exit.o ABSOLUTE
    ../clib/signal.c                         0x00000000   Number         0  defsig_rtmem_inner.o ABSOLUTE
    ../clib/signal.c                         0x00000000   Number         0  __raise.o ABSOLUTE
    ../clib/signal.c                         0x00000000   Number         0  defsig_general.o ABSOLUTE
    ../clib/signal.c                         0x00000000   Number         0  defsig_abrt_inner.o ABSOLUTE
    ../clib/signal.c                         0x00000000   Number         0  defsig_fpe_inner.o ABSOLUTE
    ../clib/signal.c                         0x00000000   Number         0  defsig_rtred_inner.o ABSOLUTE
    ../clib/signal.c                         0x00000000   Number         0  defsig_stak_inner.o ABSOLUTE
    ../clib/signal.c                         0x00000000   Number         0  defsig_pvfn_inner.o ABSOLUTE
    ../clib/signal.c                         0x00000000   Number         0  defsig_cppl_inner.o ABSOLUTE
    ../clib/signal.c                         0x00000000   Number         0  defsig_segv_inner.o ABSOLUTE
    ../clib/signal.c                         0x00000000   Number         0  defsig_other.o ABSOLUTE
    ../clib/signal.s                         0x00000000   Number         0  defsig.o ABSOLUTE
    ../clib/stdlib.c                         0x00000000   Number         0  exit.o ABSOLUTE
    ../fplib/fpinit.s                        0x00000000   Number         0  fpinit.o ABSOLUTE
    GLCD/bmp_files/includeBinary.s           0x00000000   Number         0  includebinary.o ABSOLUTE
    HardwareSystem_Ini.C                     0x00000000   Number         0  hardwaresystem_ini.o ABSOLUTE
    RTE/Device/STM32F407ZGTx/startup_stm32f407xx.s 0x00000000   Number         0  startup_stm32f407xx.o ABSOLUTE
    dc.s                                     0x00000000   Number         0  dc.o ABSOLUTE
    main.c                                   0x00000000   Number         0  main.o ABSOLUTE
    samp1_GPIO.c                             0x00000000   Number         0  samp1_gpio.o ABSOLUTE
    stm324xg_lcd_ILI9328.c                   0x00000000   Number         0  stm324xg_lcd_ili9328.o ABSOLUTE
    stm32f4xx_fsmc.c                         0x00000000   Number         0  stm32f4xx_fsmc.o ABSOLUTE
    system_stm32f4xx.c                       0x00000000   Number         0  system_stm32f4xx.o ABSOLUTE
    RESET                                    0x20000000   Section      392  startup_stm32f407xx.o(RESET)
    !!!main                                  0x20000188   Section        8  __main.o(!!!main)
    !!!scatter                               0x20000190   Section       52  __scatter.o(!!!scatter)
    !!handler_copy                           0x200001c4   Section       26  __scatter_copy.o(!!handler_copy)
    !!handler_zi                             0x200001e0   Section       28  __scatter_zi.o(!!handler_zi)
    .ARM.Collect$$_printf_percent$$00000000  0x200001fc   Section        0  _printf_percent.o(.ARM.Collect$$_printf_percent$$00000000)
    .ARM.Collect$$_printf_percent$$00000008  0x200001fc   Section        6  _printf_i.o(.ARM.Collect$$_printf_percent$$00000008)
    .ARM.Collect$$_printf_percent$$0000000C  0x20000202   Section        6  _printf_x.o(.ARM.Collect$$_printf_percent$$0000000C)
    .ARM.Collect$$_printf_percent$$00000017  0x20000208   Section        4  _printf_percent_end.o(.ARM.Collect$$_printf_percent$$00000017)
    .ARM.Collect$$libinit$$00000000          0x2000020c   Section        2  libinit.o(.ARM.Collect$$libinit$$00000000)
    .ARM.Collect$$libinit$$00000001          0x2000020e   Section        4  libinit2.o(.ARM.Collect$$libinit$$00000001)
    .ARM.Collect$$libinit$$00000004          0x20000212   Section        0  libinit2.o(.ARM.Collect$$libinit$$00000004)
    .ARM.Collect$$libinit$$0000000A          0x20000212   Section        0  libinit2.o(.ARM.Collect$$libinit$$0000000A)
    .ARM.Collect$$libinit$$0000000C          0x20000212   Section        0  libinit2.o(.ARM.Collect$$libinit$$0000000C)
    .ARM.Collect$$libinit$$0000000E          0x20000212   Section        0  libinit2.o(.ARM.Collect$$libinit$$0000000E)
    .ARM.Collect$$libinit$$00000011          0x20000212   Section        0  libinit2.o(.ARM.Collect$$libinit$$00000011)
    .ARM.Collect$$libinit$$00000013          0x20000212   Section        0  libinit2.o(.ARM.Collect$$libinit$$00000013)
    .ARM.Collect$$libinit$$00000015          0x20000212   Section        0  libinit2.o(.ARM.Collect$$libinit$$00000015)
    .ARM.Collect$$libinit$$00000017          0x20000212   Section        0  libinit2.o(.ARM.Collect$$libinit$$00000017)
    .ARM.Collect$$libinit$$00000019          0x20000212   Section        0  libinit2.o(.ARM.Collect$$libinit$$00000019)
    .ARM.Collect$$libinit$$0000001B          0x20000212   Section        0  libinit2.o(.ARM.Collect$$libinit$$0000001B)
    .ARM.Collect$$libinit$$0000001D          0x20000212   Section        0  libinit2.o(.ARM.Collect$$libinit$$0000001D)
    .ARM.Collect$$libinit$$0000001F          0x20000212   Section        0  libinit2.o(.ARM.Collect$$libinit$$0000001F)
    .ARM.Collect$$libinit$$00000021          0x20000212   Section        0  libinit2.o(.ARM.Collect$$libinit$$00000021)
    .ARM.Collect$$libinit$$00000023          0x20000212   Section        0  libinit2.o(.ARM.Collect$$libinit$$00000023)
    .ARM.Collect$$libinit$$00000025          0x20000212   Section        0  libinit2.o(.ARM.Collect$$libinit$$00000025)
    .ARM.Collect$$libinit$$0000002C          0x20000212   Section        0  libinit2.o(.ARM.Collect$$libinit$$0000002C)
    .ARM.Collect$$libinit$$0000002E          0x20000212   Section        0  libinit2.o(.ARM.Collect$$libinit$$0000002E)
    .ARM.Collect$$libinit$$00000030          0x20000212   Section        0  libinit2.o(.ARM.Collect$$libinit$$00000030)
    .ARM.Collect$$libinit$$00000032          0x20000212   Section        0  libinit2.o(.ARM.Collect$$libinit$$00000032)
    .ARM.Collect$$libinit$$00000033          0x20000212   Section        2  libinit2.o(.ARM.Collect$$libinit$$00000033)
    .ARM.Collect$$libshutdown$$00000000      0x20000214   Section        2  libshutdown.o(.ARM.Collect$$libshutdown$$00000000)
    .ARM.Collect$$libshutdown$$00000002      0x20000216   Section        0  libshutdown2.o(.ARM.Collect$$libshutdown$$00000002)
    .ARM.Collect$$libshutdown$$00000004      0x20000216   Section        0  libshutdown2.o(.ARM.Collect$$libshutdown$$00000004)
    .ARM.Collect$$libshutdown$$00000007      0x20000216   Section        0  libshutdown2.o(.ARM.Collect$$libshutdown$$00000007)
    .ARM.Collect$$libshutdown$$0000000A      0x20000216   Section        0  libshutdown2.o(.ARM.Collect$$libshutdown$$0000000A)
    .ARM.Collect$$libshutdown$$0000000C      0x20000216   Section        0  libshutdown2.o(.ARM.Collect$$libshutdown$$0000000C)
    .ARM.Collect$$libshutdown$$0000000F      0x20000216   Section        0  libshutdown2.o(.ARM.Collect$$libshutdown$$0000000F)
    .ARM.Collect$$libshutdown$$00000010      0x20000216   Section        2  libshutdown2.o(.ARM.Collect$$libshutdown$$00000010)
    .ARM.Collect$$rtentry$$00000000          0x20000218   Section        0  __rtentry.o(.ARM.Collect$$rtentry$$00000000)
    .ARM.Collect$$rtentry$$00000002          0x20000218   Section        0  __rtentry2.o(.ARM.Collect$$rtentry$$00000002)
    .ARM.Collect$$rtentry$$00000004          0x20000218   Section        6  __rtentry4.o(.ARM.Collect$$rtentry$$00000004)
    .ARM.Collect$$rtentry$$00000009          0x2000021e   Section        0  __rtentry2.o(.ARM.Collect$$rtentry$$00000009)
    .ARM.Collect$$rtentry$$0000000A          0x2000021e   Section        4  __rtentry2.o(.ARM.Collect$$rtentry$$0000000A)
    .ARM.Collect$$rtentry$$0000000C          0x20000222   Section        0  __rtentry2.o(.ARM.Collect$$rtentry$$0000000C)
    .ARM.Collect$$rtentry$$0000000D          0x20000222   Section        8  __rtentry2.o(.ARM.Collect$$rtentry$$0000000D)
    .ARM.Collect$$rtexit$$00000000           0x2000022a   Section        2  rtexit.o(.ARM.Collect$$rtexit$$00000000)
    .ARM.Collect$$rtexit$$00000002           0x2000022c   Section        0  rtexit2.o(.ARM.Collect$$rtexit$$00000002)
    .ARM.Collect$$rtexit$$00000003           0x2000022c   Section        4  rtexit2.o(.ARM.Collect$$rtexit$$00000003)
    .ARM.Collect$$rtexit$$00000004           0x20000230   Section        6  rtexit2.o(.ARM.Collect$$rtexit$$00000004)
    $v0                                      0x20000238   Number         0  startup_stm32f407xx.o(.text)
    .text                                    0x20000238   Section       64  startup_stm32f407xx.o(.text)
    .text                                    0x20000278   Section        0  noretval__2sprintf.o(.text)
    .text                                    0x200002a0   Section        0  _printf_pad.o(.text)
    .text                                    0x200002f0   Section        0  _printf_dec.o(.text)
    .text                                    0x20000368   Section        0  _printf_hex_int.o(.text)
    .text                                    0x200003c0   Section        0  __printf_flags_wp.o(.text)
    .text                                    0x200004f8   Section        0  heapauxi.o(.text)
    .text                                    0x200004fe   Section        0  _printf_intcommon.o(.text)
    _printf_input_char                       0x200005b1   Thumb Code    10  _printf_char_common.o(.text)
    .text                                    0x200005b0   Section        0  _printf_char_common.o(.text)
    .text                                    0x200005e0   Section        0  _sputc.o(.text)
    .text                                    0x200005ec   Section        8  libspace.o(.text)
    .text                                    0x200005f4   Section        2  use_no_semi.o(.text)
    .text                                    0x200005f6   Section        0  indicate_semi.o(.text)
    .text                                    0x200005f6   Section       74  sys_stackheap_outer.o(.text)
    .text                                    0x20000640   Section        0  exit.o(.text)
    .text                                    0x20000654   Section        0  sys_exit.o(.text)
    [Anonymous Symbol]                       0x20000660   Section        0  stm32f4xx_fsmc.o(.text.FSMC_NORSRAM_Extended_Timing_Init)
    __arm_cp.3_0                             0x20000694   Number         4  stm32f4xx_fsmc.o(.text.FSMC_NORSRAM_Extended_Timing_Init)
    [Anonymous Symbol]                       0x20000698   Section        0  stm32f4xx_fsmc.o(.text.FSMC_NORSRAM_Init)
    __arm_cp.0_0                             0x20000708   Number         4  stm32f4xx_fsmc.o(.text.FSMC_NORSRAM_Init)
    [Anonymous Symbol]                       0x2000070c   Section        0  stm32f4xx_fsmc.o(.text.FSMC_NORSRAM_Timing_Init)
    __arm_cp.2_0                             0x20000744   Number         4  stm32f4xx_fsmc.o(.text.FSMC_NORSRAM_Timing_Init)
    [Anonymous Symbol]                       0x20000748   Section        0  main.o(.text.GLCD_Value)
    GPIO_AF12PPhigh                          0x20000771   Thumb Code   228  stm324xg_lcd_ili9328.o(.text.GPIO_AF12PPhigh)
    [Anonymous Symbol]                       0x20000770   Section        0  stm324xg_lcd_ili9328.o(.text.GPIO_AF12PPhigh)
    GPIO_outPPhigh                           0x20000855   Thumb Code   144  stm324xg_lcd_ili9328.o(.text.GPIO_outPPhigh)
    [Anonymous Symbol]                       0x20000854   Section        0  stm324xg_lcd_ili9328.o(.text.GPIO_outPPhigh)
    __arm_cp.10_0                            0x200008dc   Number         4  stm324xg_lcd_ili9328.o(.text.GPIO_outPPhigh)
    __arm_cp.10_1                            0x200008e0   Number         4  stm324xg_lcd_ili9328.o(.text.GPIO_outPPhigh)
    [Anonymous Symbol]                       0x200008e4   Section        0  hardwaresystem_ini.o(.text.HAL_RCC_GetSysClockFreq)
    __arm_cp.2_0                             0x20000928   Number         4  hardwaresystem_ini.o(.text.HAL_RCC_GetSysClockFreq)
    __arm_cp.2_1                             0x2000092c   Number         4  hardwaresystem_ini.o(.text.HAL_RCC_GetSysClockFreq)
    __arm_cp.2_2                             0x20000930   Number         4  hardwaresystem_ini.o(.text.HAL_RCC_GetSysClockFreq)
    [Anonymous Symbol]                       0x20000934   Section        0  stm324xg_lcd_ili9328.o(.text.ILI9328)
    __arm_cp.8_1                             0x20000b04   Number         4  stm324xg_lcd_ili9328.o(.text.ILI9328)
    __arm_cp.8_2                             0x20000b08   Number         4  stm324xg_lcd_ili9328.o(.text.ILI9328)
    [Anonymous Symbol]                       0x20000b0c   Section        0  stm324xg_lcd_ili9328.o(.text.LCD_Clear)
    [Anonymous Symbol]                       0x20000b3c   Section        0  stm324xg_lcd_ili9328.o(.text.LCD_DisplayDevID)
    __arm_cp.6_0                             0x20000b64   Number         4  stm324xg_lcd_ili9328.o(.text.LCD_DisplayDevID)
    [Anonymous Symbol]                       0x20000b78   Section        0  stm324xg_lcd_ili9328.o(.text.LCD_DisplayOnTest)
    __arm_cp.54_0                            0x20000ba8   Number         4  stm324xg_lcd_ili9328.o(.text.LCD_DisplayOnTest)
    [Anonymous Symbol]                       0x20000bac   Section        0  stm324xg_lcd_ili9328.o(.text.LCD_DisplayStringLineCol)
    LCD_DisplayStringSegment                 0x20000bc9   Thumb Code   228  stm324xg_lcd_ili9328.o(.text.LCD_DisplayStringSegment)
    [Anonymous Symbol]                       0x20000bc8   Section        0  stm324xg_lcd_ili9328.o(.text.LCD_DisplayStringSegment)
    __arm_cp.27_0                            0x20000ca4   Number         4  stm324xg_lcd_ili9328.o(.text.LCD_DisplayStringSegment)
    __arm_cp.27_2                            0x20000ca8   Number         4  stm324xg_lcd_ili9328.o(.text.LCD_DisplayStringSegment)
    [Anonymous Symbol]                       0x20000cac   Section        0  stm324xg_lcd_ili9328.o(.text.LCD_DrawBitmap)
    __arm_cp.38_0                            0x20000e00   Number         4  stm324xg_lcd_ili9328.o(.text.LCD_DrawBitmap)
    __arm_cp.38_1                            0x20000e04   Number         4  stm324xg_lcd_ili9328.o(.text.LCD_DrawBitmap)
    [Anonymous Symbol]                       0x20000e08   Section        0  stm324xg_lcd_ili9328.o(.text.LCD_DrawCircle)
    __arm_cp.33_1                            0x20000f08   Number         4  stm324xg_lcd_ili9328.o(.text.LCD_DrawCircle)
    [Anonymous Symbol]                       0x20000f0c   Section        0  stm324xg_lcd_ili9328.o(.text.LCD_DrawHLine)
    __arm_cp.29_0                            0x20000f50   Number         4  stm324xg_lcd_ili9328.o(.text.LCD_DrawHLine)
    [Anonymous Symbol]                       0x20000f54   Section        0  stm324xg_lcd_ili9328.o(.text.LCD_DrawPixel)
    __arm_cp.28_0                            0x20000f68   Number         4  stm324xg_lcd_ili9328.o(.text.LCD_DrawPixel)
    [Anonymous Symbol]                       0x20000f6c   Section        0  stm324xg_lcd_ili9328.o(.text.LCD_DrawRect)
    [Anonymous Symbol]                       0x20000fa8   Section        0  stm324xg_lcd_ili9328.o(.text.LCD_DrawVLine)
    __arm_cp.30_0                            0x20000fec   Number         4  stm324xg_lcd_ili9328.o(.text.LCD_DrawVLine)
    [Anonymous Symbol]                       0x20000ff0   Section        0  stm324xg_lcd_ili9328.o(.text.LCD_FSMCConfig)
    __arm_cp.2_0                             0x2000108c   Number         4  stm324xg_lcd_ili9328.o(.text.LCD_FSMCConfig)
    __arm_cp.2_1                             0x20001090   Number         4  stm324xg_lcd_ili9328.o(.text.LCD_FSMCConfig)
    [Anonymous Symbol]                       0x20001094   Section        0  stm324xg_lcd_ili9328.o(.text.LCD_FillCircle)
    [Anonymous Symbol]                       0x2000113c   Section        0  stm324xg_lcd_ili9328.o(.text.LCD_FillRect)
    __arm_cp.34_0                            0x20001174   Number         4  stm324xg_lcd_ili9328.o(.text.LCD_FillRect)
    __arm_cp.34_1                            0x20001178   Number         4  stm324xg_lcd_ili9328.o(.text.LCD_FillRect)
    [Anonymous Symbol]                       0x2000117c   Section        0  stm324xg_lcd_ili9328.o(.text.LCD_Init)
    __arm_cp.9_1                             0x20001224   Number         4  stm324xg_lcd_ili9328.o(.text.LCD_Init)
    __arm_cp.9_3                             0x20001228   Number         4  stm324xg_lcd_ili9328.o(.text.LCD_Init)
    [Anonymous Symbol]                       0x2000122c   Section        0  stm324xg_lcd_ili9328.o(.text.LCD_OpenWin)
    [Anonymous Symbol]                       0x20001288   Section        0  stm324xg_lcd_ili9328.o(.text.LCD_RGB_Test)
    __arm_cp.53_0                            0x20001344   Number         4  stm324xg_lcd_ili9328.o(.text.LCD_RGB_Test)
    __arm_cp.53_1                            0x20001348   Number         4  stm324xg_lcd_ili9328.o(.text.LCD_RGB_Test)
    __arm_cp.53_2                            0x2000134c   Number         4  stm324xg_lcd_ili9328.o(.text.LCD_RGB_Test)
    __arm_cp.53_4                            0x20001354   Number         4  stm324xg_lcd_ili9328.o(.text.LCD_RGB_Test)
    [Anonymous Symbol]                       0x20001360   Section        0  stm324xg_lcd_ili9328.o(.text.LCD_RestoreColors)
    [Anonymous Symbol]                       0x20001370   Section        0  stm324xg_lcd_ili9328.o(.text.LCD_RestoreFont)
    [Anonymous Symbol]                       0x20001378   Section        0  stm324xg_lcd_ili9328.o(.text.LCD_SaveColors)
    __arm_cp.49_0                            0x20001388   Number         4  stm324xg_lcd_ili9328.o(.text.LCD_SaveColors)
    [Anonymous Symbol]                       0x2000138c   Section        0  stm324xg_lcd_ili9328.o(.text.LCD_SetColors)
    [Anonymous Symbol]                       0x200013ac   Section        0  stm324xg_lcd_ili9328.o(.text.LCD_SetFont)
    [Anonymous Symbol]                       0x200013c4   Section        0  stm324xg_lcd_ili9328.o(.text.MenuInit)
    __arm_cp.55_0                            0x200014e8   Number         4  stm324xg_lcd_ili9328.o(.text.MenuInit)
    __arm_cp.55_1                            0x200014ec   Number         4  stm324xg_lcd_ili9328.o(.text.MenuInit)
    __arm_cp.55_2                            0x200014f0   Number         4  stm324xg_lcd_ili9328.o(.text.MenuInit)
    __arm_cp.55_4                            0x20001508   Number         4  stm324xg_lcd_ili9328.o(.text.MenuInit)
    __arm_cp.55_7                            0x20001528   Number         4  stm324xg_lcd_ili9328.o(.text.MenuInit)
    [Anonymous Symbol]                       0x2000152c   Section        0  hardwaresystem_ini.o(.text.SystemInit)
    __arm_cp.0_0                             0x20001538   Number         4  hardwaresystem_ini.o(.text.SystemInit)
    delay                                    0x2000153d   Thumb Code    32  main.o(.text.delay)
    [Anonymous Symbol]                       0x2000153c   Section        0  main.o(.text.delay)
    [Anonymous Symbol]                       0x2000155c   Section        0  stm324xg_lcd_ili9328.o(.text.delay_ms)
    [Anonymous Symbol]                       0x20001580   Section        0  main.o(.text.main)
    __arm_cp.0_0                             0x20001630   Number         4  main.o(.text.main)
    __arm_cp.0_2                             0x20001640   Number         4  main.o(.text.main)
    __arm_cp.0_3                             0x20001644   Number         4  main.o(.text.main)
    __arm_cp.0_4                             0x20001648   Number         4  main.o(.text.main)
    my_getPCLKx_Freq                         0x2000164d   Thumb Code    20  hardwaresystem_ini.o(.text.my_getPCLKx_Freq)
    [Anonymous Symbol]                       0x2000164c   Section        0  hardwaresystem_ini.o(.text.my_getPCLKx_Freq)
    [Anonymous Symbol]                       0x20001660   Section        0  samp1_gpio.o(.text.samp1_GPIO)
    __arm_cp.0_0                             0x200016bc   Number         4  samp1_gpio.o(.text.samp1_GPIO)
    __arm_cp.0_1                             0x200016c0   Number         4  samp1_gpio.o(.text.samp1_GPIO)
    __arm_cp.0_2                             0x200016c4   Number         4  samp1_gpio.o(.text.samp1_GPIO)
    [Anonymous Symbol]                       0x200016c8   Section        0  hardwaresystem_ini.o(.text.stm32f4_Hardware_Init)
    __arm_cp.3_0                             0x2000175c   Number         4  hardwaresystem_ini.o(.text.stm32f4_Hardware_Init)
    __arm_cp.3_1                             0x20001760   Number         4  hardwaresystem_ini.o(.text.stm32f4_Hardware_Init)
    __arm_cp.3_2                             0x20001764   Number         4  hardwaresystem_ini.o(.text.stm32f4_Hardware_Init)
    __arm_cp.3_3                             0x20001768   Number         4  hardwaresystem_ini.o(.text.stm32f4_Hardware_Init)
    __arm_cp.3_4                             0x2000176c   Number         4  hardwaresystem_ini.o(.text.stm32f4_Hardware_Init)
    __arm_cp.3_6                             0x20001790   Number         4  hardwaresystem_ini.o(.text.stm32f4_Hardware_Init)
    __arm_cp.3_7                             0x20001794   Number         4  hardwaresystem_ini.o(.text.stm32f4_Hardware_Init)
    i._is_digit                              0x20001798   Section        0  __printf_wp.o(i._is_digit)
    $v0                                      0x200017a6   Number         0  fpinit.o(x$fpl$fpinit)
    x$fpl$fpinit                             0x200017a6   Section       26  fpinit.o(x$fpl$fpinit)
    uc_hextab                                0x200017c0   Data          20  _printf_hex_int.o(.constdata)
    .constdata                               0x200017c0   Section       40  _printf_hex_int.o(.constdata)
    lc_hextab                                0x200017d4   Data          20  _printf_hex_int.o(.constdata)
    maptable                                 0x200017e8   Data          17  __printf_flags_wp.o(.constdata)
    .constdata                               0x200017e8   Section       17  __printf_flags_wp.o(.constdata)
    DrawProp.0                               0x20010000   Data           2  stm324xg_lcd_ili9328.o(.data..L_MergedGlobals)
    [Anonymous Symbol]                       0x20010000   Section        0  stm324xg_lcd_ili9328.o(.data..L_MergedGlobals)
    DrawProp.2                               0x20010004   Data           4  stm324xg_lcd_ili9328.o(.data..L_MergedGlobals)
    .bss                                     0x20010010   Section       96  libspace.o(.bss)
    [Anonymous Symbol]                       0x20010070   Section        0  hardwaresystem_ini.o(.bss..L_MergedGlobals)
    main.val                                 0x20010080   Data           2  main.o(.bss..L_MergedGlobals)
    [Anonymous Symbol]                       0x20010080   Section        0  main.o(.bss..L_MergedGlobals)
    main.cnt                                 0x20010082   Data           2  main.o(.bss..L_MergedGlobals)
    [Anonymous Symbol]                       0x20010084   Section        0  stm324xg_lcd_ili9328.o(.bss..L_MergedGlobals.7)
    wf                                       0x20010086   Data           2  stm324xg_lcd_ili9328.o(.bss..L_MergedGlobals.7)
    hf                                       0x20010088   Data           2  stm324xg_lcd_ili9328.o(.bss..L_MergedGlobals.7)
    bytes_f                                  0x2001008a   Data           2  stm324xg_lcd_ili9328.o(.bss..L_MergedGlobals.7)
    DrawProp.1                               0x20010090   Data           2  stm324xg_lcd_ili9328.o(.bss..L_MergedGlobals.7)
    Heap_Mem                                 0x200100a8   Data         512  startup_stm32f407xx.o(HEAP)
    HEAP                                     0x200100a8   Section      512  startup_stm32f407xx.o(HEAP)
    Stack_Mem                                0x200102a8   Data        1024  startup_stm32f407xx.o(STACK)
    STACK                                    0x200102a8   Section     1024  startup_stm32f407xx.o(STACK)
    __initial_sp                             0x200106a8   Data           0  startup_stm32f407xx.o(STACK)

    Global Symbols

    Symbol Name                              Value     Ov Type        Size  Object(Section)

    BuildAttributes$$THM_ISAv4$E$P$D$K$B$S$7EM$VFPi3$EXTD16$VFPS$VFMA$PE$A:L22UL41UL21$X:L11$S22US41US21$IEEE1$IW$~IW$USESV6$~STKCKD$USESV7$~SHL$OTIME$ROPI$EBA8$UX$STANDARDLIB$REQ8$PRES8$EABIv2 0x00000000   Number         0  anon$$obj.o ABSOLUTE
    _printf_flags                            0x00000000   Number         0  printf_stubs.o ABSOLUTE
    _printf_return_value                     0x00000000   Number         0  printf_stubs.o ABSOLUTE
    _printf_sizespec                         0x00000000   Number         0  printf_stubs.o ABSOLUTE
    _printf_widthprec                        0x00000000   Number         0  printf_stubs.o ABSOLUTE
    __ARM_exceptions_init                     - Undefined Weak Reference
    __alloca_initialize                       - Undefined Weak Reference
    __arm_preinit_                            - Undefined Weak Reference
    __cpp_initialize__aeabi_                  - Undefined Weak Reference
    __cxa_finalize                            - Undefined Weak Reference
    __rt_locale                               - Undefined Weak Reference
    __sigvec_lookup                           - Undefined Weak Reference
    __user_heap_extent                        - Undefined Weak Reference
    _atexit_init                              - Undefined Weak Reference
    _call_atexit_fns                          - Undefined Weak Reference
    _clock_init                               - Undefined Weak Reference
    _fp_trap_init                             - Undefined Weak Reference
    _fp_trap_shutdown                         - Undefined Weak Reference
    _get_lc_collate                           - Undefined Weak Reference
    _get_lc_ctype                             - Undefined Weak Reference
    _get_lc_monetary                          - Undefined Weak Reference
    _get_lc_numeric                           - Undefined Weak Reference
    _get_lc_time                              - Undefined Weak Reference
    _getenv_init                              - Undefined Weak Reference
    _handle_redirection                       - Undefined Weak Reference
    _initio                                   - Undefined Weak Reference
    _mutex_acquire                            - Undefined Weak Reference
    _mutex_free                               - Undefined Weak Reference
    _mutex_release                            - Undefined Weak Reference
    _printf_truncate_signed                   - Undefined Weak Reference
    _printf_truncate_unsigned                 - Undefined Weak Reference
    _rand_init                                - Undefined Weak Reference
    _signal_finish                            - Undefined Weak Reference
    _signal_init                              - Undefined Weak Reference
    _terminateio                              - Undefined Weak Reference
    __Vectors_Size                           0x00000188   Number         0  startup_stm32f407xx.o ABSOLUTE
    __Vectors                                0x20000000   Data           4  startup_stm32f407xx.o(RESET)
    __Vectors_End                            0x20000188   Data           0  startup_stm32f407xx.o(RESET)
    __main                                   0x20000189   Thumb Code     8  __main.o(!!!main)
    __scatterload                            0x20000191   Thumb Code     0  __scatter.o(!!!scatter)
    __scatterload_rt2                        0x20000191   Thumb Code    44  __scatter.o(!!!scatter)
    __scatterload_rt2_thumb_only             0x20000191   Thumb Code     0  __scatter.o(!!!scatter)
    __scatterload_null                       0x2000019f   Thumb Code     0  __scatter.o(!!!scatter)
    __scatterload_copy                       0x200001c5   Thumb Code    26  __scatter_copy.o(!!handler_copy)
    __scatterload_zeroinit                   0x200001e1   Thumb Code    28  __scatter_zi.o(!!handler_zi)
    _printf_i                                0x200001fd   Thumb Code     0  _printf_i.o(.ARM.Collect$$_printf_percent$$00000008)
    _printf_percent                          0x200001fd   Thumb Code     0  _printf_percent.o(.ARM.Collect$$_printf_percent$$00000000)
    _printf_x                                0x20000203   Thumb Code     0  _printf_x.o(.ARM.Collect$$_printf_percent$$0000000C)
    _printf_percent_end                      0x20000209   Thumb Code     0  _printf_percent_end.o(.ARM.Collect$$_printf_percent$$00000017)
    __rt_lib_init                            0x2000020d   Thumb Code     0  libinit.o(.ARM.Collect$$libinit$$00000000)
    __rt_lib_init_fp_1                       0x2000020f   Thumb Code     0  libinit2.o(.ARM.Collect$$libinit$$00000001)
    __rt_lib_init_alloca_1                   0x20000213   Thumb Code     0  libinit2.o(.ARM.Collect$$libinit$$0000002E)
    __rt_lib_init_argv_1                     0x20000213   Thumb Code     0  libinit2.o(.ARM.Collect$$libinit$$0000002C)
    __rt_lib_init_atexit_1                   0x20000213   Thumb Code     0  libinit2.o(.ARM.Collect$$libinit$$0000001B)
    __rt_lib_init_clock_1                    0x20000213   Thumb Code     0  libinit2.o(.ARM.Collect$$libinit$$00000021)
    __rt_lib_init_cpp_1                      0x20000213   Thumb Code     0  libinit2.o(.ARM.Collect$$libinit$$00000032)
    __rt_lib_init_exceptions_1               0x20000213   Thumb Code     0  libinit2.o(.ARM.Collect$$libinit$$00000030)
    __rt_lib_init_fp_trap_1                  0x20000213   Thumb Code     0  libinit2.o(.ARM.Collect$$libinit$$0000001F)
    __rt_lib_init_getenv_1                   0x20000213   Thumb Code     0  libinit2.o(.ARM.Collect$$libinit$$00000023)
    __rt_lib_init_heap_1                     0x20000213   Thumb Code     0  libinit2.o(.ARM.Collect$$libinit$$0000000A)
    __rt_lib_init_lc_collate_1               0x20000213   Thumb Code     0  libinit2.o(.ARM.Collect$$libinit$$00000011)
    __rt_lib_init_lc_ctype_1                 0x20000213   Thumb Code     0  libinit2.o(.ARM.Collect$$libinit$$00000013)
    __rt_lib_init_lc_monetary_1              0x20000213   Thumb Code     0  libinit2.o(.ARM.Collect$$libinit$$00000015)
    __rt_lib_init_lc_numeric_1               0x20000213   Thumb Code     0  libinit2.o(.ARM.Collect$$libinit$$00000017)
    __rt_lib_init_lc_time_1                  0x20000213   Thumb Code     0  libinit2.o(.ARM.Collect$$libinit$$00000019)
    __rt_lib_init_preinit_1                  0x20000213   Thumb Code     0  libinit2.o(.ARM.Collect$$libinit$$00000004)
    __rt_lib_init_rand_1                     0x20000213   Thumb Code     0  libinit2.o(.ARM.Collect$$libinit$$0000000E)
    __rt_lib_init_return                     0x20000213   Thumb Code     0  libinit2.o(.ARM.Collect$$libinit$$00000033)
    __rt_lib_init_signal_1                   0x20000213   Thumb Code     0  libinit2.o(.ARM.Collect$$libinit$$0000001D)
    __rt_lib_init_stdio_1                    0x20000213   Thumb Code     0  libinit2.o(.ARM.Collect$$libinit$$00000025)
    __rt_lib_init_user_alloc_1               0x20000213   Thumb Code     0  libinit2.o(.ARM.Collect$$libinit$$0000000C)
    __rt_lib_shutdown                        0x20000215   Thumb Code     0  libshutdown.o(.ARM.Collect$$libshutdown$$00000000)
    __rt_lib_shutdown_cpp_1                  0x20000217   Thumb Code     0  libshutdown2.o(.ARM.Collect$$libshutdown$$00000002)
    __rt_lib_shutdown_fp_trap_1              0x20000217   Thumb Code     0  libshutdown2.o(.ARM.Collect$$libshutdown$$00000007)
    __rt_lib_shutdown_heap_1                 0x20000217   Thumb Code     0  libshutdown2.o(.ARM.Collect$$libshutdown$$0000000F)
    __rt_lib_shutdown_return                 0x20000217   Thumb Code     0  libshutdown2.o(.ARM.Collect$$libshutdown$$00000010)
    __rt_lib_shutdown_signal_1               0x20000217   Thumb Code     0  libshutdown2.o(.ARM.Collect$$libshutdown$$0000000A)
    __rt_lib_shutdown_stdio_1                0x20000217   Thumb Code     0  libshutdown2.o(.ARM.Collect$$libshutdown$$00000004)
    __rt_lib_shutdown_user_alloc_1           0x20000217   Thumb Code     0  libshutdown2.o(.ARM.Collect$$libshutdown$$0000000C)
    __rt_entry                               0x20000219   Thumb Code     0  __rtentry.o(.ARM.Collect$$rtentry$$00000000)
    __rt_entry_presh_1                       0x20000219   Thumb Code     0  __rtentry2.o(.ARM.Collect$$rtentry$$00000002)
    __rt_entry_sh                            0x20000219   Thumb Code     0  __rtentry4.o(.ARM.Collect$$rtentry$$00000004)
    __rt_entry_li                            0x2000021f   Thumb Code     0  __rtentry2.o(.ARM.Collect$$rtentry$$0000000A)
    __rt_entry_postsh_1                      0x2000021f   Thumb Code     0  __rtentry2.o(.ARM.Collect$$rtentry$$00000009)
    __rt_entry_main                          0x20000223   Thumb Code     0  __rtentry2.o(.ARM.Collect$$rtentry$$0000000D)
    __rt_entry_postli_1                      0x20000223   Thumb Code     0  __rtentry2.o(.ARM.Collect$$rtentry$$0000000C)
    __rt_exit                                0x2000022b   Thumb Code     0  rtexit.o(.ARM.Collect$$rtexit$$00000000)
    __rt_exit_ls                             0x2000022d   Thumb Code     0  rtexit2.o(.ARM.Collect$$rtexit$$00000003)
    __rt_exit_prels_1                        0x2000022d   Thumb Code     0  rtexit2.o(.ARM.Collect$$rtexit$$00000002)
    __rt_exit_exit                           0x20000231   Thumb Code     0  rtexit2.o(.ARM.Collect$$rtexit$$00000004)
    Reset_Handler                            0x20000239   Thumb Code     8  startup_stm32f407xx.o(.text)
    NMI_Handler                              0x20000241   Thumb Code     2  startup_stm32f407xx.o(.text)
    HardFault_Handler                        0x20000243   Thumb Code     2  startup_stm32f407xx.o(.text)
    MemManage_Handler                        0x20000245   Thumb Code     2  startup_stm32f407xx.o(.text)
    BusFault_Handler                         0x20000247   Thumb Code     2  startup_stm32f407xx.o(.text)
    UsageFault_Handler                       0x20000249   Thumb Code     2  startup_stm32f407xx.o(.text)
    SVC_Handler                              0x2000024b   Thumb Code     2  startup_stm32f407xx.o(.text)
    DebugMon_Handler                         0x2000024d   Thumb Code     2  startup_stm32f407xx.o(.text)
    PendSV_Handler                           0x2000024f   Thumb Code     2  startup_stm32f407xx.o(.text)
    SysTick_Handler                          0x20000251   Thumb Code     2  startup_stm32f407xx.o(.text)
    ADC_IRQHandler                           0x20000253   Thumb Code     0  startup_stm32f407xx.o(.text)
    CAN1_RX0_IRQHandler                      0x20000253   Thumb Code     0  startup_stm32f407xx.o(.text)
    CAN1_RX1_IRQHandler                      0x20000253   Thumb Code     0  startup_stm32f407xx.o(.text)
    CAN1_SCE_IRQHandler                      0x20000253   Thumb Code     0  startup_stm32f407xx.o(.text)
    CAN1_TX_IRQHandler                       0x20000253   Thumb Code     0  startup_stm32f407xx.o(.text)
    CAN2_RX0_IRQHandler                      0x20000253   Thumb Code     0  startup_stm32f407xx.o(.text)
    CAN2_RX1_IRQHandler                      0x20000253   Thumb Code     0  startup_stm32f407xx.o(.text)
    CAN2_SCE_IRQHandler                      0x20000253   Thumb Code     0  startup_stm32f407xx.o(.text)
    CAN2_TX_IRQHandler                       0x20000253   Thumb Code     0  startup_stm32f407xx.o(.text)
    DCMI_IRQHandler                          0x20000253   Thumb Code     0  startup_stm32f407xx.o(.text)
    DMA1_Stream0_IRQHandler                  0x20000253   Thumb Code     0  startup_stm32f407xx.o(.text)
    DMA1_Stream1_IRQHandler                  0x20000253   Thumb Code     0  startup_stm32f407xx.o(.text)
    DMA1_Stream2_IRQHandler                  0x20000253   Thumb Code     0  startup_stm32f407xx.o(.text)
    DMA1_Stream3_IRQHandler                  0x20000253   Thumb Code     0  startup_stm32f407xx.o(.text)
    DMA1_Stream4_IRQHandler                  0x20000253   Thumb Code     0  startup_stm32f407xx.o(.text)
    DMA1_Stream5_IRQHandler                  0x20000253   Thumb Code     0  startup_stm32f407xx.o(.text)
    DMA1_Stream6_IRQHandler                  0x20000253   Thumb Code     0  startup_stm32f407xx.o(.text)
    DMA1_Stream7_IRQHandler                  0x20000253   Thumb Code     0  startup_stm32f407xx.o(.text)
    DMA2_Stream0_IRQHandler                  0x20000253   Thumb Code     0  startup_stm32f407xx.o(.text)
    DMA2_Stream1_IRQHandler                  0x20000253   Thumb Code     0  startup_stm32f407xx.o(.text)
    DMA2_Stream2_IRQHandler                  0x20000253   Thumb Code     0  startup_stm32f407xx.o(.text)
    DMA2_Stream3_IRQHandler                  0x20000253   Thumb Code     0  startup_stm32f407xx.o(.text)
    DMA2_Stream4_IRQHandler                  0x20000253   Thumb Code     0  startup_stm32f407xx.o(.text)
    DMA2_Stream5_IRQHandler                  0x20000253   Thumb Code     0  startup_stm32f407xx.o(.text)
    DMA2_Stream6_IRQHandler                  0x20000253   Thumb Code     0  startup_stm32f407xx.o(.text)
    DMA2_Stream7_IRQHandler                  0x20000253   Thumb Code     0  startup_stm32f407xx.o(.text)
    ETH_IRQHandler                           0x20000253   Thumb Code     0  startup_stm32f407xx.o(.text)
    ETH_WKUP_IRQHandler                      0x20000253   Thumb Code     0  startup_stm32f407xx.o(.text)
    EXTI0_IRQHandler                         0x20000253   Thumb Code     0  startup_stm32f407xx.o(.text)
    EXTI15_10_IRQHandler                     0x20000253   Thumb Code     0  startup_stm32f407xx.o(.text)
    EXTI1_IRQHandler                         0x20000253   Thumb Code     0  startup_stm32f407xx.o(.text)
    EXTI2_IRQHandler                         0x20000253   Thumb Code     0  startup_stm32f407xx.o(.text)
    EXTI3_IRQHandler                         0x20000253   Thumb Code     0  startup_stm32f407xx.o(.text)
    EXTI4_IRQHandler                         0x20000253   Thumb Code     0  startup_stm32f407xx.o(.text)
    EXTI9_5_IRQHandler                       0x20000253   Thumb Code     0  startup_stm32f407xx.o(.text)
    FLASH_IRQHandler                         0x20000253   Thumb Code     0  startup_stm32f407xx.o(.text)
    FMC_IRQHandler                           0x20000253   Thumb Code     0  startup_stm32f407xx.o(.text)
    FPU_IRQHandler                           0x20000253   Thumb Code     0  startup_stm32f407xx.o(.text)
    HASH_RNG_IRQHandler                      0x20000253   Thumb Code     0  startup_stm32f407xx.o(.text)
    I2C1_ER_IRQHandler                       0x20000253   Thumb Code     0  startup_stm32f407xx.o(.text)
    I2C1_EV_IRQHandler                       0x20000253   Thumb Code     0  startup_stm32f407xx.o(.text)
    I2C2_ER_IRQHandler                       0x20000253   Thumb Code     0  startup_stm32f407xx.o(.text)
    I2C2_EV_IRQHandler                       0x20000253   Thumb Code     0  startup_stm32f407xx.o(.text)
    I2C3_ER_IRQHandler                       0x20000253   Thumb Code     0  startup_stm32f407xx.o(.text)
    I2C3_EV_IRQHandler                       0x20000253   Thumb Code     0  startup_stm32f407xx.o(.text)
    OTG_FS_IRQHandler                        0x20000253   Thumb Code     0  startup_stm32f407xx.o(.text)
    OTG_FS_WKUP_IRQHandler                   0x20000253   Thumb Code     0  startup_stm32f407xx.o(.text)
    OTG_HS_EP1_IN_IRQHandler                 0x20000253   Thumb Code     0  startup_stm32f407xx.o(.text)
    OTG_HS_EP1_OUT_IRQHandler                0x20000253   Thumb Code     0  startup_stm32f407xx.o(.text)
    OTG_HS_IRQHandler                        0x20000253   Thumb Code     0  startup_stm32f407xx.o(.text)
    OTG_HS_WKUP_IRQHandler                   0x20000253   Thumb Code     0  startup_stm32f407xx.o(.text)
    PVD_IRQHandler                           0x20000253   Thumb Code     0  startup_stm32f407xx.o(.text)
    RCC_IRQHandler                           0x20000253   Thumb Code     0  startup_stm32f407xx.o(.text)
    RTC_Alarm_IRQHandler                     0x20000253   Thumb Code     0  startup_stm32f407xx.o(.text)
    RTC_WKUP_IRQHandler                      0x20000253   Thumb Code     0  startup_stm32f407xx.o(.text)
    SDIO_IRQHandler                          0x20000253   Thumb Code     0  startup_stm32f407xx.o(.text)
    SPI1_IRQHandler                          0x20000253   Thumb Code     0  startup_stm32f407xx.o(.text)
    SPI2_IRQHandler                          0x20000253   Thumb Code     0  startup_stm32f407xx.o(.text)
    SPI3_IRQHandler                          0x20000253   Thumb Code     0  startup_stm32f407xx.o(.text)
    TAMP_STAMP_IRQHandler                    0x20000253   Thumb Code     0  startup_stm32f407xx.o(.text)
    TIM1_BRK_TIM9_IRQHandler                 0x20000253   Thumb Code     0  startup_stm32f407xx.o(.text)
    TIM1_CC_IRQHandler                       0x20000253   Thumb Code     0  startup_stm32f407xx.o(.text)
    TIM1_TRG_COM_TIM11_IRQHandler            0x20000253   Thumb Code     0  startup_stm32f407xx.o(.text)
    TIM1_UP_TIM10_IRQHandler                 0x20000253   Thumb Code     0  startup_stm32f407xx.o(.text)
    TIM2_IRQHandler                          0x20000253   Thumb Code     0  startup_stm32f407xx.o(.text)
    TIM3_IRQHandler                          0x20000253   Thumb Code     0  startup_stm32f407xx.o(.text)
    TIM4_IRQHandler                          0x20000253   Thumb Code     0  startup_stm32f407xx.o(.text)
    TIM5_IRQHandler                          0x20000253   Thumb Code     0  startup_stm32f407xx.o(.text)
    TIM6_DAC_IRQHandler                      0x20000253   Thumb Code     0  startup_stm32f407xx.o(.text)
    TIM7_IRQHandler                          0x20000253   Thumb Code     0  startup_stm32f407xx.o(.text)
    TIM8_BRK_TIM12_IRQHandler                0x20000253   Thumb Code     0  startup_stm32f407xx.o(.text)
    TIM8_CC_IRQHandler                       0x20000253   Thumb Code     0  startup_stm32f407xx.o(.text)
    TIM8_TRG_COM_TIM14_IRQHandler            0x20000253   Thumb Code     0  startup_stm32f407xx.o(.text)
    TIM8_UP_TIM13_IRQHandler                 0x20000253   Thumb Code     0  startup_stm32f407xx.o(.text)
    UART4_IRQHandler                         0x20000253   Thumb Code     0  startup_stm32f407xx.o(.text)
    UART5_IRQHandler                         0x20000253   Thumb Code     0  startup_stm32f407xx.o(.text)
    USART1_IRQHandler                        0x20000253   Thumb Code     0  startup_stm32f407xx.o(.text)
    USART2_IRQHandler                        0x20000253   Thumb Code     0  startup_stm32f407xx.o(.text)
    USART3_IRQHandler                        0x20000253   Thumb Code     0  startup_stm32f407xx.o(.text)
    USART6_IRQHandler                        0x20000253   Thumb Code     0  startup_stm32f407xx.o(.text)
    WWDG_IRQHandler                          0x20000253   Thumb Code     0  startup_stm32f407xx.o(.text)
    __user_initial_stackheap                 0x20000255   Thumb Code     0  startup_stm32f407xx.o(.text)
    __2sprintf                               0x20000279   Thumb Code    34  noretval__2sprintf.o(.text)
    _printf_pre_padding                      0x200002a1   Thumb Code    44  _printf_pad.o(.text)
    _printf_post_padding                     0x200002cd   Thumb Code    34  _printf_pad.o(.text)
    _printf_int_dec                          0x200002f1   Thumb Code   104  _printf_dec.o(.text)
    _printf_int_hex                          0x20000369   Thumb Code    84  _printf_hex_int.o(.text)
    _printf_longlong_hex                     0x20000369   Thumb Code     0  _printf_hex_int.o(.text)
    __printf                                 0x200003c1   Thumb Code   308  __printf_flags_wp.o(.text)
    __use_two_region_memory                  0x200004f9   Thumb Code     2  heapauxi.o(.text)
    __rt_heap_escrow                         0x200004fb   Thumb Code     2  heapauxi.o(.text)
    __rt_heap_expand                         0x200004fd   Thumb Code     2  heapauxi.o(.text)
    _printf_int_common                       0x200004ff   Thumb Code   178  _printf_intcommon.o(.text)
    _printf_char_common                      0x200005bb   Thumb Code    32  _printf_char_common.o(.text)
    _sputc                                   0x200005e1   Thumb Code    10  _sputc.o(.text)
    __user_libspace                          0x200005ed   Thumb Code     8  libspace.o(.text)
    __user_perproc_libspace                  0x200005ed   Thumb Code     0  libspace.o(.text)
    __user_perthread_libspace                0x200005ed   Thumb Code     0  libspace.o(.text)
    __I$use$semihosting                      0x200005f5   Thumb Code     0  use_no_semi.o(.text)
    __use_no_semihosting_swi                 0x200005f5   Thumb Code     2  use_no_semi.o(.text)
    __semihosting_library_function           0x200005f7   Thumb Code     0  indicate_semi.o(.text)
    __user_setup_stackheap                   0x200005f7   Thumb Code    74  sys_stackheap_outer.o(.text)
    exit                                     0x20000641   Thumb Code    18  exit.o(.text)
    _sys_exit                                0x20000655   Thumb Code     8  sys_exit.o(.text)
    FSMC_NORSRAM_Extended_Timing_Init        0x20000661   Thumb Code    56  stm32f4xx_fsmc.o(.text.FSMC_NORSRAM_Extended_Timing_Init)
    FSMC_NORSRAM_Init                        0x20000699   Thumb Code   116  stm32f4xx_fsmc.o(.text.FSMC_NORSRAM_Init)
    FSMC_NORSRAM_Timing_Init                 0x2000070d   Thumb Code    60  stm32f4xx_fsmc.o(.text.FSMC_NORSRAM_Timing_Init)
    GLCD_Value                               0x20000749   Thumb Code    40  main.o(.text.GLCD_Value)
    HAL_RCC_GetSysClockFreq                  0x200008e5   Thumb Code    80  hardwaresystem_ini.o(.text.HAL_RCC_GetSysClockFreq)
    ILI9328                                  0x20000935   Thumb Code   472  stm324xg_lcd_ili9328.o(.text.ILI9328)
    LCD_Clear                                0x20000b0d   Thumb Code    48  stm324xg_lcd_ili9328.o(.text.LCD_Clear)
    LCD_DisplayDevID                         0x20000b3d   Thumb Code    60  stm324xg_lcd_ili9328.o(.text.LCD_DisplayDevID)
    LCD_DisplayOnTest                        0x20000b79   Thumb Code    52  stm324xg_lcd_ili9328.o(.text.LCD_DisplayOnTest)
    LCD_DisplayStringLineCol                 0x20000bad   Thumb Code    28  stm324xg_lcd_ili9328.o(.text.LCD_DisplayStringLineCol)
    LCD_DrawBitmap                           0x20000cad   Thumb Code   348  stm324xg_lcd_ili9328.o(.text.LCD_DrawBitmap)
    LCD_DrawCircle                           0x20000e09   Thumb Code   260  stm324xg_lcd_ili9328.o(.text.LCD_DrawCircle)
    LCD_DrawHLine                            0x20000f0d   Thumb Code    72  stm324xg_lcd_ili9328.o(.text.LCD_DrawHLine)
    LCD_DrawPixel                            0x20000f55   Thumb Code    24  stm324xg_lcd_ili9328.o(.text.LCD_DrawPixel)
    LCD_DrawRect                             0x20000f6d   Thumb Code    58  stm324xg_lcd_ili9328.o(.text.LCD_DrawRect)
    LCD_DrawVLine                            0x20000fa9   Thumb Code    72  stm324xg_lcd_ili9328.o(.text.LCD_DrawVLine)
    LCD_FSMCConfig                           0x20000ff1   Thumb Code   164  stm324xg_lcd_ili9328.o(.text.LCD_FSMCConfig)
    LCD_FillCircle                           0x20001095   Thumb Code   168  stm324xg_lcd_ili9328.o(.text.LCD_FillCircle)
    LCD_FillRect                             0x2000113d   Thumb Code    64  stm324xg_lcd_ili9328.o(.text.LCD_FillRect)
    LCD_Init                                 0x2000117d   Thumb Code   176  stm324xg_lcd_ili9328.o(.text.LCD_Init)
    LCD_OpenWin                              0x2000122d   Thumb Code    92  stm324xg_lcd_ili9328.o(.text.LCD_OpenWin)
    LCD_RGB_Test                             0x20001289   Thumb Code   216  stm324xg_lcd_ili9328.o(.text.LCD_RGB_Test)
    LCD_RestoreColors                        0x20001361   Thumb Code    16  stm324xg_lcd_ili9328.o(.text.LCD_RestoreColors)
    LCD_RestoreFont                          0x20001371   Thumb Code     8  stm324xg_lcd_ili9328.o(.text.LCD_RestoreFont)
    LCD_SaveColors                           0x20001379   Thumb Code    20  stm324xg_lcd_ili9328.o(.text.LCD_SaveColors)
    LCD_SetColors                            0x2000138d   Thumb Code    32  stm324xg_lcd_ili9328.o(.text.LCD_SetColors)
    LCD_SetFont                              0x200013ad   Thumb Code    24  stm324xg_lcd_ili9328.o(.text.LCD_SetFont)
    MenuInit                                 0x200013c5   Thumb Code   360  stm324xg_lcd_ili9328.o(.text.MenuInit)
    SystemInit                               0x2000152d   Thumb Code    16  hardwaresystem_ini.o(.text.SystemInit)
    delay_ms                                 0x2000155d   Thumb Code    36  stm324xg_lcd_ili9328.o(.text.delay_ms)
    main                                     0x20001581   Thumb Code   204  main.o(.text.main)
    samp1_GPIO                               0x20001661   Thumb Code   104  samp1_gpio.o(.text.samp1_GPIO)
    stm32f4_Hardware_Init                    0x200016c9   Thumb Code   208  hardwaresystem_ini.o(.text.stm32f4_Hardware_Init)
    _is_digit                                0x20001799   Thumb Code    14  __printf_wp.o(i._is_digit)
    _fp_init                                 0x200017a7   Thumb Code    26  fpinit.o(x$fpl$fpinit)
    __fplib_config_fpu_vfp                   0x200017bf   Thumb Code     0  fpinit.o(x$fpl$fpinit)
    __fplib_config_pureend_doubles           0x200017bf   Thumb Code     0  fpinit.o(x$fpl$fpinit)
    Font20_Table                             0x200017f9   Data        3800  stm324xg_lcd_ili9328.o(.rodata.Font20_Table)
    stlogo                                   0x200026d1   Data        9174  main.o(.rodata.stlogo)
    Region$$Table$$Base                      0x20004aa8   Number         0  anon$$obj.o(Region$$Table)
    Region$$Table$$Limit                     0x20004ac8   Number         0  anon$$obj.o(Region$$Table)
    Font20                                   0x20010008   Data           8  stm324xg_lcd_ili9328.o(.data..L_MergedGlobals)
    __libspace_start                         0x20010010   Data          96  libspace.o(.bss)
    SYS_Freq                                 0x20010070   Data           4  hardwaresystem_ini.o(.bss..L_MergedGlobals)
    __temporary_stack_top$libspace           0x20010070   Data           0  libspace.o(.bss)
    HCLK_Freq                                0x20010074   Data           4  hardwaresystem_ini.o(.bss..L_MergedGlobals)
    PCLK1_Freq                               0x20010078   Data           4  hardwaresystem_ini.o(.bss..L_MergedGlobals)
    PCLK2_Freq                               0x2001007c   Data           4  hardwaresystem_ini.o(.bss..L_MergedGlobals)
    lcd_id                                   0x20010084   Data           2  stm324xg_lcd_ili9328.o(.bss..L_MergedGlobals.7)
    ltColor                                  0x2001008c   Data           2  stm324xg_lcd_ili9328.o(.bss..L_MergedGlobals.7)
    lbColor                                  0x2001008e   Data           2  stm324xg_lcd_ili9328.o(.bss..L_MergedGlobals.7)
    GPIO_backlight                           0x20010094   Data           4  stm324xg_lcd_ili9328.o(.bss..L_MergedGlobals.7)
    GPIO_reset                               0x20010098   Data           4  stm324xg_lcd_ili9328.o(.bss..L_MergedGlobals.7)
    lFont                                    0x2001009c   Data           4  stm324xg_lcd_ili9328.o(.bss..L_MergedGlobals.7)
    GRAM_mode                                0x200100a0   Data           2  stm324xg_lcd_ili9328.o(.bss.GRAM_mode)



==============================================================================

Memory Map of the image

  Image Entry point : 0x20000189

  Load Region LR_IROM1 (Base: 0x20000000, Size: 0x00004ad8, Max: 0x00010000, ABSOLUTE)

    Execution Region ER_IROM1 (Exec base: 0x20000000, Load base: 0x20000000, Size: 0x00004ac8, Max: 0x00010000, ABSOLUTE)

    Exec Addr    Load Addr    Size         Type   Attr      Idx    E Section Name        Object

    0x20000000   0x20000000   0x00000188   Data   RO          233    RESET               startup_stm32f407xx.o
    0x20000188   0x20000188   0x00000008   Code   RO          375  * !!!main             c_w.l(__main.o)
    0x20000190   0x20000190   0x00000034   Code   RO          591    !!!scatter          c_w.l(__scatter.o)
    0x200001c4   0x200001c4   0x0000001a   Code   RO          593    !!handler_copy      c_w.l(__scatter_copy.o)
    0x200001de   0x200001de   0x00000002   PAD
    0x200001e0   0x200001e0   0x0000001c   Code   RO          595    !!handler_zi        c_w.l(__scatter_zi.o)
    0x200001fc   0x200001fc   0x00000000   Code   RO          370    .ARM.Collect$$_printf_percent$$00000000  c_w.l(_printf_percent.o)
    0x200001fc   0x200001fc   0x00000006   Code   RO          369    .ARM.Collect$$_printf_percent$$00000008  c_w.l(_printf_i.o)
    0x20000202   0x20000202   0x00000006   Code   RO          368    .ARM.Collect$$_printf_percent$$0000000C  c_w.l(_printf_x.o)
    0x20000208   0x20000208   0x00000004   Code   RO          409    .ARM.Collect$$_printf_percent$$00000017  c_w.l(_printf_percent_end.o)
    0x2000020c   0x2000020c   0x00000002   Code   RO          526    .ARM.Collect$$libinit$$00000000  c_w.l(libinit.o)
    0x2000020e   0x2000020e   0x00000004   Code   RO          414    .ARM.Collect$$libinit$$00000001  c_w.l(libinit2.o)
    0x20000212   0x20000212   0x00000000   Code   RO          417    .ARM.Collect$$libinit$$00000004  c_w.l(libinit2.o)
    0x20000212   0x20000212   0x00000000   Code   RO          420    .ARM.Collect$$libinit$$0000000A  c_w.l(libinit2.o)
    0x20000212   0x20000212   0x00000000   Code   RO          422    .ARM.Collect$$libinit$$0000000C  c_w.l(libinit2.o)
    0x20000212   0x20000212   0x00000000   Code   RO          424    .ARM.Collect$$libinit$$0000000E  c_w.l(libinit2.o)
    0x20000212   0x20000212   0x00000000   Code   RO          427    .ARM.Collect$$libinit$$00000011  c_w.l(libinit2.o)
    0x20000212   0x20000212   0x00000000   Code   RO          429    .ARM.Collect$$libinit$$00000013  c_w.l(libinit2.o)
    0x20000212   0x20000212   0x00000000   Code   RO          431    .ARM.Collect$$libinit$$00000015  c_w.l(libinit2.o)
    0x20000212   0x20000212   0x00000000   Code   RO          433    .ARM.Collect$$libinit$$00000017  c_w.l(libinit2.o)
    0x20000212   0x20000212   0x00000000   Code   RO          435    .ARM.Collect$$libinit$$00000019  c_w.l(libinit2.o)
    0x20000212   0x20000212   0x00000000   Code   RO          437    .ARM.Collect$$libinit$$0000001B  c_w.l(libinit2.o)
    0x20000212   0x20000212   0x00000000   Code   RO          439    .ARM.Collect$$libinit$$0000001D  c_w.l(libinit2.o)
    0x20000212   0x20000212   0x00000000   Code   RO          441    .ARM.Collect$$libinit$$0000001F  c_w.l(libinit2.o)
    0x20000212   0x20000212   0x00000000   Code   RO          443    .ARM.Collect$$libinit$$00000021  c_w.l(libinit2.o)
    0x20000212   0x20000212   0x00000000   Code   RO          445    .ARM.Collect$$libinit$$00000023  c_w.l(libinit2.o)
    0x20000212   0x20000212   0x00000000   Code   RO          447    .ARM.Collect$$libinit$$00000025  c_w.l(libinit2.o)
    0x20000212   0x20000212   0x00000000   Code   RO          451    .ARM.Collect$$libinit$$0000002C  c_w.l(libinit2.o)
    0x20000212   0x20000212   0x00000000   Code   RO          453    .ARM.Collect$$libinit$$0000002E  c_w.l(libinit2.o)
    0x20000212   0x20000212   0x00000000   Code   RO          455    .ARM.Collect$$libinit$$00000030  c_w.l(libinit2.o)
    0x20000212   0x20000212   0x00000000   Code   RO          457    .ARM.Collect$$libinit$$00000032  c_w.l(libinit2.o)
    0x20000212   0x20000212   0x00000002   Code   RO          458    .ARM.Collect$$libinit$$00000033  c_w.l(libinit2.o)
    0x20000214   0x20000214   0x00000002   Code   RO          588    .ARM.Collect$$libshutdown$$00000000  c_w.l(libshutdown.o)
    0x20000216   0x20000216   0x00000000   Code   RO          542    .ARM.Collect$$libshutdown$$00000002  c_w.l(libshutdown2.o)
    0x20000216   0x20000216   0x00000000   Code   RO          544    .ARM.Collect$$libshutdown$$00000004  c_w.l(libshutdown2.o)
    0x20000216   0x20000216   0x00000000   Code   RO          547    .ARM.Collect$$libshutdown$$00000007  c_w.l(libshutdown2.o)
    0x20000216   0x20000216   0x00000000   Code   RO          550    .ARM.Collect$$libshutdown$$0000000A  c_w.l(libshutdown2.o)
    0x20000216   0x20000216   0x00000000   Code   RO          552    .ARM.Collect$$libshutdown$$0000000C  c_w.l(libshutdown2.o)
    0x20000216   0x20000216   0x00000000   Code   RO          555    .ARM.Collect$$libshutdown$$0000000F  c_w.l(libshutdown2.o)
    0x20000216   0x20000216   0x00000002   Code   RO          556    .ARM.Collect$$libshutdown$$00000010  c_w.l(libshutdown2.o)
    0x20000218   0x20000218   0x00000000   Code   RO          379    .ARM.Collect$$rtentry$$00000000  c_w.l(__rtentry.o)
    0x20000218   0x20000218   0x00000000   Code   RO          467    .ARM.Collect$$rtentry$$00000002  c_w.l(__rtentry2.o)
    0x20000218   0x20000218   0x00000006   Code   RO          479    .ARM.Collect$$rtentry$$00000004  c_w.l(__rtentry4.o)
    0x2000021e   0x2000021e   0x00000000   Code   RO          469    .ARM.Collect$$rtentry$$00000009  c_w.l(__rtentry2.o)
    0x2000021e   0x2000021e   0x00000004   Code   RO          470    .ARM.Collect$$rtentry$$0000000A  c_w.l(__rtentry2.o)
    0x20000222   0x20000222   0x00000000   Code   RO          472    .ARM.Collect$$rtentry$$0000000C  c_w.l(__rtentry2.o)
    0x20000222   0x20000222   0x00000008   Code   RO          473    .ARM.Collect$$rtentry$$0000000D  c_w.l(__rtentry2.o)
    0x2000022a   0x2000022a   0x00000002   Code   RO          531    .ARM.Collect$$rtexit$$00000000  c_w.l(rtexit.o)
    0x2000022c   0x2000022c   0x00000000   Code   RO          562    .ARM.Collect$$rtexit$$00000002  c_w.l(rtexit2.o)
    0x2000022c   0x2000022c   0x00000004   Code   RO          563    .ARM.Collect$$rtexit$$00000003  c_w.l(rtexit2.o)
    0x20000230   0x20000230   0x00000006   Code   RO          564    .ARM.Collect$$rtexit$$00000004  c_w.l(rtexit2.o)
    0x20000236   0x20000236   0x00000002   PAD
    0x20000238   0x20000238   0x00000040   Code   RO          234    .text               startup_stm32f407xx.o
    0x20000278   0x20000278   0x00000028   Code   RO          319    .text               c_w.l(noretval__2sprintf.o)
    0x200002a0   0x200002a0   0x0000004e   Code   RO          323    .text               c_w.l(_printf_pad.o)
    0x200002ee   0x200002ee   0x00000002   PAD
    0x200002f0   0x200002f0   0x00000078   Code   RO          325    .text               c_w.l(_printf_dec.o)
    0x20000368   0x20000368   0x00000058   Code   RO          330    .text               c_w.l(_printf_hex_int.o)
    0x200003c0   0x200003c0   0x00000138   Code   RO          360    .text               c_w.l(__printf_flags_wp.o)
    0x200004f8   0x200004f8   0x00000006   Code   RO          373    .text               c_w.l(heapauxi.o)
    0x200004fe   0x200004fe   0x000000b2   Code   RO          403    .text               c_w.l(_printf_intcommon.o)
    0x200005b0   0x200005b0   0x00000030   Code   RO          405    .text               c_w.l(_printf_char_common.o)
    0x200005e0   0x200005e0   0x0000000a   Code   RO          407    .text               c_w.l(_sputc.o)
    0x200005ea   0x200005ea   0x00000002   PAD
    0x200005ec   0x200005ec   0x00000008   Code   RO          463    .text               c_w.l(libspace.o)
    0x200005f4   0x200005f4   0x00000002   Code   RO          502    .text               c_w.l(use_no_semi.o)
    0x200005f6   0x200005f6   0x00000000   Code   RO          504    .text               c_w.l(indicate_semi.o)
    0x200005f6   0x200005f6   0x0000004a   Code   RO          505    .text               c_w.l(sys_stackheap_outer.o)
    0x20000640   0x20000640   0x00000012   Code   RO          511    .text               c_w.l(exit.o)
    0x20000652   0x20000652   0x00000002   PAD
    0x20000654   0x20000654   0x0000000c   Code   RO          527    .text               c_w.l(sys_exit.o)
    0x20000660   0x20000660   0x00000038   Code   RO           60    .text.FSMC_NORSRAM_Extended_Timing_Init  stm32f4xx_fsmc.o
    0x20000698   0x20000698   0x00000074   Code   RO           54    .text.FSMC_NORSRAM_Init  stm32f4xx_fsmc.o
    0x2000070c   0x2000070c   0x0000003c   Code   RO           58    .text.FSMC_NORSRAM_Timing_Init  stm32f4xx_fsmc.o
    0x20000748   0x20000748   0x00000028   Code   RO           25    .text.GLCD_Value    main.o
    0x20000770   0x20000770   0x000000e4   Code   RO          122    .text.GPIO_AF12PPhigh  stm324xg_lcd_ili9328.o
    0x20000854   0x20000854   0x00000090   Code   RO          120    .text.GPIO_outPPhigh  stm324xg_lcd_ili9328.o
    0x200008e4   0x200008e4   0x00000050   Code   RO            6    .text.HAL_RCC_GetSysClockFreq  hardwaresystem_ini.o
    0x20000934   0x20000934   0x000001d8   Code   RO          116    .text.ILI9328       stm324xg_lcd_ili9328.o
    0x20000b0c   0x20000b0c   0x00000030   Code   RO          128    .text.LCD_Clear     stm324xg_lcd_ili9328.o
    0x20000b3c   0x20000b3c   0x0000003c   Code   RO          112    .text.LCD_DisplayDevID  stm324xg_lcd_ili9328.o
    0x20000b78   0x20000b78   0x00000034   Code   RO          208    .text.LCD_DisplayOnTest  stm324xg_lcd_ili9328.o
    0x20000bac   0x20000bac   0x0000001c   Code   RO          114    .text.LCD_DisplayStringLineCol  stm324xg_lcd_ili9328.o
    0x20000bc8   0x20000bc8   0x000000e4   Code   RO          154    .text.LCD_DisplayStringSegment  stm324xg_lcd_ili9328.o
    0x20000cac   0x20000cac   0x0000015c   Code   RO          176    .text.LCD_DrawBitmap  stm324xg_lcd_ili9328.o
    0x20000e08   0x20000e08   0x00000104   Code   RO          166    .text.LCD_DrawCircle  stm324xg_lcd_ili9328.o
    0x20000f0c   0x20000f0c   0x00000048   Code   RO          158    .text.LCD_DrawHLine  stm324xg_lcd_ili9328.o
    0x20000f54   0x20000f54   0x00000018   Code   RO          156    .text.LCD_DrawPixel  stm324xg_lcd_ili9328.o
    0x20000f6c   0x20000f6c   0x0000003a   Code   RO          164    .text.LCD_DrawRect  stm324xg_lcd_ili9328.o
    0x20000fa6   0x20000fa6   0x00000002   PAD
    0x20000fa8   0x20000fa8   0x00000048   Code   RO          160    .text.LCD_DrawVLine  stm324xg_lcd_ili9328.o
    0x20000ff0   0x20000ff0   0x000000a4   Code   RO          104    .text.LCD_FSMCConfig  stm324xg_lcd_ili9328.o
    0x20001094   0x20001094   0x000000a8   Code   RO          170    .text.LCD_FillCircle  stm324xg_lcd_ili9328.o
    0x2000113c   0x2000113c   0x00000040   Code   RO          168    .text.LCD_FillRect  stm324xg_lcd_ili9328.o
    0x2000117c   0x2000117c   0x000000b0   Code   RO          118    .text.LCD_Init      stm324xg_lcd_ili9328.o
    0x2000122c   0x2000122c   0x0000005c   Code   RO          132    .text.LCD_OpenWin   stm324xg_lcd_ili9328.o
    0x20001288   0x20001288   0x000000d8   Code   RO          206    .text.LCD_RGB_Test  stm324xg_lcd_ili9328.o
    0x20001360   0x20001360   0x00000010   Code   RO          200    .text.LCD_RestoreColors  stm324xg_lcd_ili9328.o
    0x20001370   0x20001370   0x00000008   Code   RO          204    .text.LCD_RestoreFont  stm324xg_lcd_ili9328.o
    0x20001378   0x20001378   0x00000014   Code   RO          198    .text.LCD_SaveColors  stm324xg_lcd_ili9328.o
    0x2000138c   0x2000138c   0x00000020   Code   RO          126    .text.LCD_SetColors  stm324xg_lcd_ili9328.o
    0x200013ac   0x200013ac   0x00000018   Code   RO          124    .text.LCD_SetFont   stm324xg_lcd_ili9328.o
    0x200013c4   0x200013c4   0x00000168   Code   RO          210    .text.MenuInit      stm324xg_lcd_ili9328.o
    0x2000152c   0x2000152c   0x00000010   Code   RO            2    .text.SystemInit    hardwaresystem_ini.o
    0x2000153c   0x2000153c   0x00000020   Code   RO           23    .text.delay         main.o
    0x2000155c   0x2000155c   0x00000024   Code   RO          106    .text.delay_ms      stm324xg_lcd_ili9328.o
    0x20001580   0x20001580   0x000000cc   Code   RO           21    .text.main          main.o
    0x2000164c   0x2000164c   0x00000014   Code   RO           10    .text.my_getPCLKx_Freq  hardwaresystem_ini.o
    0x20001660   0x20001660   0x00000068   Code   RO           46    .text.samp1_GPIO    samp1_gpio.o
    0x200016c8   0x200016c8   0x000000d0   Code   RO            8    .text.stm32f4_Hardware_Init  hardwaresystem_ini.o
    0x20001798   0x20001798   0x0000000e   Code   RO          358    i._is_digit         c_w.l(__printf_wp.o)
    0x200017a6   0x200017a6   0x0000001a   Code   RO          500    x$fpl$fpinit        fz_wm.l(fpinit.o)
    0x200017c0   0x200017c0   0x00000028   Data   RO          331    .constdata          c_w.l(_printf_hex_int.o)
    0x200017e8   0x200017e8   0x00000011   Data   RO          361    .constdata          c_w.l(__printf_flags_wp.o)
    0x200017f9   0x200017f9   0x00000ed8   Data   RO          218    .rodata.Font20_Table  stm324xg_lcd_ili9328.o
    0x200026d1   0x200026d1   0x000023d6   Data   RO           29    .rodata.stlogo      main.o
    0x20004aa7   0x20004aa7   0x00000001   PAD
    0x20004aa8   0x20004aa8   0x00000020   Data   RO          590    Region$$Table       anon$$obj.o


    Execution Region RW_IRAM1 (Exec base: 0x20010000, Load base: 0x20004ac8, Size: 0x000006a8, Max: 0x00010000, ABSOLUTE)

    Exec Addr    Load Addr    Size         Type   Attr      Idx    E Section Name        Object

    0x20010000   0x20004ac8   0x00000010   Data   RW          222    .data..L_MergedGlobals  stm324xg_lcd_ili9328.o
    0x20010010        -       0x00000060   Zero   RW          464    .bss                c_w.l(libspace.o)
    0x20010070        -       0x00000010   Zero   RW           12    .bss..L_MergedGlobals  hardwaresystem_ini.o
    0x20010080        -       0x00000004   Zero   RW           32    .bss..L_MergedGlobals  main.o
    0x20010084        -       0x0000001c   Zero   RW          223    .bss..L_MergedGlobals.7  stm324xg_lcd_ili9328.o
    0x200100a0        -       0x00000002   Zero   RW          221    .bss.GRAM_mode      stm324xg_lcd_ili9328.o
    0x200100a2   0x20004ad8   0x00000006   PAD
    0x200100a8        -       0x00000200   Zero   RW          232    HEAP                startup_stm32f407xx.o
    0x200102a8        -       0x00000400   Zero   RW          231    STACK               startup_stm32f407xx.o


==============================================================================

Image component sizes


      Code (inc. data)   RO Data    RW Data    ZI Data      Debug   Object Name

       324         76          0          0         16       3727   hardwaresystem_ini.o
         0          0          0          0          0         32   includebinary.o
       276         32       9174          0          4       4187   main.o
       104         12          0          0          0       1632   samp1_gpio.o
        64         26        392          0       1536        832   startup_stm32f407xx.o
      3470        196       3800         16         30      32730   stm324xg_lcd_ili9328.o
       232         12          0          0          0       8106   stm32f4xx_fsmc.o

    ----------------------------------------------------------------------
      4472        354      13399         16       1592      51246   Object Totals
         0          0         32          0          0          0   (incl. Generated)
         2          0          1          0          6          0   (incl. Padding)

    ----------------------------------------------------------------------

      Code (inc. data)   RO Data    RW Data    ZI Data      Debug   Library Member Name

         8          0          0          0          0         68   __main.o
       312          4         17          0          0         92   __printf_flags_wp.o
        14          0          0          0          0         68   __printf_wp.o
         0          0          0          0          0          0   __rtentry.o
        12          0          0          0          0          0   __rtentry2.o
         6          0          0          0          0          0   __rtentry4.o
        52          8          0          0          0          0   __scatter.o
        26          0          0          0          0          0   __scatter_copy.o
        28          0          0          0          0          0   __scatter_zi.o
        48          6          0          0          0         96   _printf_char_common.o
       120         16          0          0          0         92   _printf_dec.o
        88          4         40          0          0         88   _printf_hex_int.o
         6          0          0          0          0          0   _printf_i.o
       178          0          0          0          0         88   _printf_intcommon.o
        78          0          0          0          0        108   _printf_pad.o
         0          0          0          0          0          0   _printf_percent.o
         4          0          0          0          0          0   _printf_percent_end.o
         6          0          0          0          0          0   _printf_x.o
        10          0          0          0          0         68   _sputc.o
        18          0          0          0          0         80   exit.o
         6          0          0          0          0        152   heapauxi.o
         0          0          0          0          0          0   indicate_semi.o
         2          0          0          0          0          0   libinit.o
         6          0          0          0          0          0   libinit2.o
         2          0          0          0          0          0   libshutdown.o
         2          0          0          0          0          0   libshutdown2.o
         8          4          0          0         96         68   libspace.o
        40          6          0          0          0         84   noretval__2sprintf.o
         2          0          0          0          0          0   rtexit.o
        10          0          0          0          0          0   rtexit2.o
        12          4          0          0          0         68   sys_exit.o
        74          0          0          0          0         80   sys_stackheap_outer.o
         2          0          0          0          0         68   use_no_semi.o
        26          0          0          0          0        116   fpinit.o

    ----------------------------------------------------------------------
      1216         52         57          0         96       1484   Library Totals
        10          0          0          0          0          0   (incl. Padding)

    ----------------------------------------------------------------------

      Code (inc. data)   RO Data    RW Data    ZI Data      Debug   Library Name

      1180         52         57          0         96       1368   c_w.l
        26          0          0          0          0        116   fz_wm.l

    ----------------------------------------------------------------------
      1216         52         57          0         96       1484   Library Totals

    ----------------------------------------------------------------------

==============================================================================


      Code (inc. data)   RO Data    RW Data    ZI Data      Debug   

      5688        406      13456         16       1688      52042   Grand Totals
      5688        406      13456         16       1688      52042   ELF Image Totals
      5688        406      13456         16          0          0   ROM Totals

==============================================================================

    Total RO  Size (Code + RO Data)                19144 (  18.70kB)
    Total RW  Size (RW Data + ZI Data)              1704 (   1.66kB)
    Total ROM Size (Code + RO Data + RW Data)      19160 (  18.71kB)

==============================================================================

